Dec 14 11:40:47 debian rsyslogd: [origin software="rsyslogd" swVersion="8.2102.0" x-pid="393" x-info="https://www.rsyslog.com"] rsyslogd was HUPed
Dec 14 13:56:21 debian kernel: [127115.335658] e1000: enp0s3 NIC Link is Down
Dec 14 13:56:27 debian kernel: [127121.384134] e1000: enp0s3 NIC Link is Up 1000 Mbps Full Duplex, Flow Control: RX
Dec 14 18:18:47 debian kernel: [    0.000000] Linux version 5.10.0-30-amd64 (debian-kernel@lists.debian.org) (gcc-10 (Debian 10.2.1-6) 10.2.1 20210110, GNU ld (GNU Binutils for Debian) 2.35.2) #1 SMP Debian 5.10.218-1 (2024-06-01)
Dec 14 18:18:47 debian kernel: [    0.000000] Command line: BOOT_IMAGE=/boot/vmlinuz-5.10.0-30-amd64 root=UUID=cd2cb4ca-39bd-4522-919c-e4ceb81b5ae8 ro quiet
Dec 14 18:18:47 debian kernel: [    0.000000] [Firmware Bug]: TSC doesn't count with P0 frequency!
Dec 14 18:18:47 debian kernel: [    0.000000] BIOS-provided physical RAM map:
Dec 14 18:18:47 debian kernel: [    0.000000] BIOS-e820: [mem 0x0000000000000000-0x000000000009fbff] usable
Dec 14 18:18:47 debian kernel: [    0.000000] BIOS-e820: [mem 0x000000000009fc00-0x000000000009ffff] reserved
Dec 14 18:18:47 debian kernel: [    0.000000] BIOS-e820: [mem 0x00000000000f0000-0x00000000000fffff] reserved
Dec 14 18:18:47 debian kernel: [    0.000000] BIOS-e820: [mem 0x0000000000100000-0x000000007ffeffff] usable
Dec 14 18:18:47 debian kernel: [    0.000000] BIOS-e820: [mem 0x000000007fff0000-0x000000007fffffff] ACPI data
Dec 14 18:18:47 debian kernel: [    0.000000] BIOS-e820: [mem 0x00000000fec00000-0x00000000fec00fff] reserved
Dec 14 18:18:47 debian kernel: [    0.000000] BIOS-e820: [mem 0x00000000fee00000-0x00000000fee00fff] reserved
Dec 14 18:18:47 debian kernel: [    0.000000] BIOS-e820: [mem 0x00000000fffc0000-0x00000000ffffffff] reserved
Dec 14 18:18:47 debian kernel: [    0.000000] NX (Execute Disable) protection: active
Dec 14 18:18:47 debian kernel: [    0.000000] SMBIOS 2.5 present.
Dec 14 18:18:47 debian kernel: [    0.000000] DMI: innotek GmbH VirtualBox/VirtualBox, BIOS VirtualBox 12/01/2006
Dec 14 18:18:47 debian kernel: [    0.000000] Hypervisor detected: KVM
Dec 14 18:18:47 debian kernel: [    0.000000] kvm-clock: Using msrs 4b564d01 and 4b564d00
Dec 14 18:18:47 debian kernel: [    0.000000] kvm-clock: cpu 0, msr 6b401001, primary cpu clock
Dec 14 18:18:47 debian kernel: [    0.000001] kvm-clock: using sched offset of 5397682809 cycles
Dec 14 18:18:47 debian kernel: [    0.000007] clocksource: kvm-clock: mask: 0xffffffffffffffff max_cycles: 0x1cd42e4dffb, max_idle_ns: 881590591483 ns
Dec 14 18:18:47 debian kernel: [    0.000014] tsc: Detected 2096.060 MHz processor
Dec 14 18:18:47 debian kernel: [    0.001256] last_pfn = 0x7fff0 max_arch_pfn = 0x400000000
Dec 14 18:18:47 debian kernel: [    0.001333] x86/PAT: Configuration [0-7]: WB  WC  UC- UC  WB  WP  UC- WT  
Dec 14 18:18:47 debian kernel: [    0.005620] found SMP MP-table at [mem 0x0009fbf0-0x0009fbff]
Dec 14 18:18:47 debian kernel: [    0.051798] RAMDISK: [mem 0x3483d000-0x36415fff]
Dec 14 18:18:47 debian kernel: [    0.051803] ACPI: Early table checksum verification disabled
Dec 14 18:18:47 debian kernel: [    0.051808] ACPI: RSDP 0x00000000000E0000 000024 (v02 VBOX  )
Dec 14 18:18:47 debian kernel: [    0.051812] ACPI: XSDT 0x000000007FFF0030 00003C (v01 VBOX   VBOXXSDT 00000001 ASL  00000061)
Dec 14 18:18:47 debian kernel: [    0.051816] ACPI: FACP 0x000000007FFF00F0 0000F4 (v04 VBOX   VBOXFACP 00000001 ASL  00000061)
Dec 14 18:18:47 debian kernel: [    0.051820] ACPI: DSDT 0x000000007FFF0610 002353 (v02 VBOX   VBOXBIOS 00000002 INTL 20200925)
Dec 14 18:18:47 debian kernel: [    0.051823] ACPI: FACS 0x000000007FFF0200 000040
Dec 14 18:18:47 debian kernel: [    0.051825] ACPI: FACS 0x000000007FFF0200 000040
Dec 14 18:18:47 debian kernel: [    0.051827] ACPI: APIC 0x000000007FFF0240 00005C (v02 VBOX   VBOXAPIC 00000001 ASL  00000061)
Dec 14 18:18:47 debian kernel: [    0.051830] ACPI: SSDT 0x000000007FFF02A0 00036C (v01 VBOX   VBOXCPUT 00000002 INTL 20200925)
Dec 14 18:18:47 debian kernel: [    0.051832] ACPI: Reserving FACP table memory at [mem 0x7fff00f0-0x7fff01e3]
Dec 14 18:18:47 debian kernel: [    0.051833] ACPI: Reserving DSDT table memory at [mem 0x7fff0610-0x7fff2962]
Dec 14 18:18:47 debian kernel: [    0.051833] ACPI: Reserving FACS table memory at [mem 0x7fff0200-0x7fff023f]
Dec 14 18:18:47 debian kernel: [    0.051834] ACPI: Reserving FACS table memory at [mem 0x7fff0200-0x7fff023f]
Dec 14 18:18:47 debian kernel: [    0.051835] ACPI: Reserving APIC table memory at [mem 0x7fff0240-0x7fff029b]
Dec 14 18:18:47 debian kernel: [    0.051835] ACPI: Reserving SSDT table memory at [mem 0x7fff02a0-0x7fff060b]
Dec 14 18:18:47 debian kernel: [    0.051960] No NUMA configuration found
Dec 14 18:18:47 debian kernel: [    0.051964] Faking a node at [mem 0x0000000000000000-0x000000007ffeffff]
Dec 14 18:18:47 debian kernel: [    0.051972] NODE_DATA(0) allocated [mem 0x7ffc6000-0x7ffeffff]
Dec 14 18:18:47 debian kernel: [    0.052239] Zone ranges:
Dec 14 18:18:47 debian kernel: [    0.052240]   DMA      [mem 0x0000000000001000-0x0000000000ffffff]
Dec 14 18:18:47 debian kernel: [    0.052242]   DMA32    [mem 0x0000000001000000-0x000000007ffeffff]
Dec 14 18:18:47 debian kernel: [    0.052243]   Normal   empty
Dec 14 18:18:47 debian kernel: [    0.052244]   Device   empty
Dec 14 18:18:47 debian kernel: [    0.052245] Movable zone start for each node
Dec 14 18:18:47 debian kernel: [    0.052247] Early memory node ranges
Dec 14 18:18:47 debian kernel: [    0.052248]   node   0: [mem 0x0000000000001000-0x000000000009efff]
Dec 14 18:18:47 debian kernel: [    0.052248]   node   0: [mem 0x0000000000100000-0x000000007ffeffff]
Dec 14 18:18:47 debian kernel: [    0.052250] Initmem setup node 0 [mem 0x0000000000001000-0x000000007ffeffff]
Dec 14 18:18:47 debian kernel: [    0.052628] On node 0, zone DMA: 1 pages in unavailable ranges
Dec 14 18:18:47 debian kernel: [    0.052659] On node 0, zone DMA: 97 pages in unavailable ranges
Dec 14 18:18:47 debian kernel: [    0.053188] On node 0, zone DMA32: 16 pages in unavailable ranges
Dec 14 18:18:47 debian kernel: [    0.053420] ACPI: PM-Timer IO Port: 0x4008
Dec 14 18:18:47 debian kernel: [    0.053482] IOAPIC[0]: apic_id 2, version 32, address 0xfec00000, GSI 0-23
Dec 14 18:18:47 debian kernel: [    0.053485] ACPI: INT_SRC_OVR (bus 0 bus_irq 0 global_irq 2 dfl dfl)
Dec 14 18:18:47 debian kernel: [    0.053491] ACPI: INT_SRC_OVR (bus 0 bus_irq 9 global_irq 9 low level)
Dec 14 18:18:47 debian kernel: [    0.053495] Using ACPI (MADT) for SMP configuration information
Dec 14 18:18:47 debian kernel: [    0.053502] smpboot: Allowing 2 CPUs, 0 hotplug CPUs
Dec 14 18:18:47 debian kernel: [    0.053524] PM: hibernation: Registered nosave memory: [mem 0x00000000-0x00000fff]
Dec 14 18:18:47 debian kernel: [    0.053525] PM: hibernation: Registered nosave memory: [mem 0x0009f000-0x0009ffff]
Dec 14 18:18:47 debian kernel: [    0.053526] PM: hibernation: Registered nosave memory: [mem 0x000a0000-0x000effff]
Dec 14 18:18:47 debian kernel: [    0.053527] PM: hibernation: Registered nosave memory: [mem 0x000f0000-0x000fffff]
Dec 14 18:18:47 debian kernel: [    0.053528] [mem 0x80000000-0xfebfffff] available for PCI devices
Dec 14 18:18:47 debian kernel: [    0.053529] Booting paravirtualized kernel on KVM
Dec 14 18:18:47 debian kernel: [    0.053532] clocksource: refined-jiffies: mask: 0xffffffff max_cycles: 0xffffffff, max_idle_ns: 7645519600211568 ns
Dec 14 18:18:47 debian kernel: [    0.056818] setup_percpu: NR_CPUS:8192 nr_cpumask_bits:2 nr_cpu_ids:2 nr_node_ids:1
Dec 14 18:18:47 debian kernel: [    0.057331] percpu: Embedded 63 pages/cpu s221184 r8192 d28672 u1048576
Dec 14 18:18:47 debian kernel: [    0.057360] kvm-guest: PV spinlocks enabled
Dec 14 18:18:47 debian kernel: [    0.057363] PV qspinlock hash table entries: 256 (order: 0, 4096 bytes, linear)
Dec 14 18:18:47 debian kernel: [    0.057372] Built 1 zonelists, mobility grouping on.  Total pages: 515961
Dec 14 18:18:47 debian kernel: [    0.057373] Policy zone: DMA32
Dec 14 18:18:47 debian kernel: [    0.057373] Kernel command line: BOOT_IMAGE=/boot/vmlinuz-5.10.0-30-amd64 root=UUID=cd2cb4ca-39bd-4522-919c-e4ceb81b5ae8 ro quiet
Dec 14 18:18:47 debian kernel: [    0.057948] Dentry cache hash table entries: 262144 (order: 9, 2097152 bytes, linear)
Dec 14 18:18:47 debian kernel: [    0.058080] Inode-cache hash table entries: 131072 (order: 8, 1048576 bytes, linear)
Dec 14 18:18:47 debian kernel: [    0.058114] mem auto-init: stack:off, heap alloc:on, heap free:off
Dec 14 18:18:47 debian kernel: [    0.059698] Memory: 261408K/2096696K available (12295K kernel code, 2537K rwdata, 7592K rodata, 2672K init, 17708K bss, 114388K reserved, 0K cma-reserved)
Dec 14 18:18:47 debian kernel: [    0.060301] SLUB: HWalign=64, Order=0-3, MinObjects=0, CPUs=2, Nodes=1
Dec 14 18:18:47 debian kernel: [    0.060364] ftrace: allocating 36669 entries in 144 pages
Dec 14 18:18:47 debian kernel: [    0.073771] ftrace: allocated 144 pages with 2 groups
Dec 14 18:18:47 debian kernel: [    0.073962] rcu: Hierarchical RCU implementation.
Dec 14 18:18:47 debian kernel: [    0.073963] rcu: 	RCU restricting CPUs from NR_CPUS=8192 to nr_cpu_ids=2.
Dec 14 18:18:47 debian kernel: [    0.073964] 	Rude variant of Tasks RCU enabled.
Dec 14 18:18:47 debian kernel: [    0.073964] 	Tracing variant of Tasks RCU enabled.
Dec 14 18:18:47 debian kernel: [    0.073965] rcu: RCU calculated value of scheduler-enlistment delay is 25 jiffies.
Dec 14 18:18:47 debian kernel: [    0.073966] rcu: Adjusting geometry for rcu_fanout_leaf=16, nr_cpu_ids=2
Dec 14 18:18:47 debian kernel: [    0.077573] NR_IRQS: 524544, nr_irqs: 440, preallocated irqs: 16
Dec 14 18:18:47 debian kernel: [    0.077858] random: crng init done
Dec 14 18:18:47 debian kernel: [    0.087898] Console: colour VGA+ 80x25
Dec 14 18:18:47 debian kernel: [    0.087906] printk: console [tty0] enabled
Dec 14 18:18:47 debian kernel: [    0.087929] ACPI: Core revision 20200925
Dec 14 18:18:47 debian kernel: [    0.088010] APIC: Switch to symmetric I/O mode setup
Dec 14 18:18:47 debian kernel: [    0.088261] x2apic enabled
Dec 14 18:18:47 debian kernel: [    0.088506] Switched APIC routing to physical x2apic.
Dec 14 18:18:47 debian kernel: [    0.089589] ..TIMER: vector=0x30 apic1=0 pin1=2 apic2=-1 pin2=-1
Dec 14 18:18:47 debian kernel: [    0.089612] clocksource: tsc-early: mask: 0xffffffffffffffff max_cycles: 0x1e36a685b69, max_idle_ns: 440795255641 ns
Dec 14 18:18:47 debian kernel: [    0.089618] Calibrating delay loop (skipped) preset value.. 4192.12 BogoMIPS (lpj=8384240)
Dec 14 18:18:47 debian kernel: [    0.089709] Last level iTLB entries: 4KB 1024, 2MB 1024, 4MB 512
Dec 14 18:18:47 debian kernel: [    0.089709] Last level dTLB entries: 4KB 2048, 2MB 2048, 4MB 1024, 1GB 0
Dec 14 18:18:47 debian kernel: [    0.089712] Spectre V1 : Mitigation: usercopy/swapgs barriers and __user pointer sanitization
Dec 14 18:18:47 debian kernel: [    0.089713] Spectre V2 : Mitigation: Retpolines
Dec 14 18:18:47 debian kernel: [    0.089713] Spectre V2 : Spectre v2 / SpectreRSB mitigation: Filling RSB on context switch
Dec 14 18:18:47 debian kernel: [    0.089713] Spectre V2 : Spectre v2 / SpectreRSB : Filling RSB on VMEXIT
Dec 14 18:18:47 debian kernel: [    0.089714] RETBleed: Mitigation: untrained return thunk
Dec 14 18:18:47 debian kernel: [    0.089715] Speculative Return Stack Overflow: IBPB-extending microcode not applied!
Dec 14 18:18:47 debian kernel: [    0.089716] Speculative Return Stack Overflow: WARNING: See https://kernel.org/doc/html/latest/admin-guide/hw-vuln/srso.html for mitigation options.
Dec 14 18:18:47 debian kernel: [    0.089717] Speculative Return Stack Overflow: Mitigation: safe RET, no microcode
Dec 14 18:18:47 debian kernel: [    0.089732] x86/fpu: Supporting XSAVE feature 0x001: 'x87 floating point registers'
Dec 14 18:18:47 debian kernel: [    0.089732] x86/fpu: Supporting XSAVE feature 0x002: 'SSE registers'
Dec 14 18:18:47 debian kernel: [    0.089733] x86/fpu: Supporting XSAVE feature 0x004: 'AVX registers'
Dec 14 18:18:47 debian kernel: [    0.089734] x86/fpu: xstate_offset[2]:  576, xstate_sizes[2]:  256
Dec 14 18:18:47 debian kernel: [    0.089735] x86/fpu: Enabled xstate features 0x7, context size is 832 bytes, using 'standard' format.
Dec 14 18:18:47 debian kernel: [    0.093615] Freeing SMP alternatives memory: 32K
Dec 14 18:18:47 debian kernel: [    0.093615] pid_max: default: 32768 minimum: 301
Dec 14 18:18:47 debian kernel: [    0.093615] LSM: Security Framework initializing
Dec 14 18:18:47 debian kernel: [    0.093615] Yama: disabled by default; enable with sysctl kernel.yama.*
Dec 14 18:18:47 debian kernel: [    0.093615] AppArmor: AppArmor initialized
Dec 14 18:18:47 debian kernel: [    0.093615] TOMOYO Linux initialized
Dec 14 18:18:47 debian kernel: [    0.093615] Mount-cache hash table entries: 4096 (order: 3, 32768 bytes, linear)
Dec 14 18:18:47 debian kernel: [    0.093615] Mountpoint-cache hash table entries: 4096 (order: 3, 32768 bytes, linear)
Dec 14 18:18:47 debian kernel: [    0.210442] APIC calibration not consistent with PM-Timer: 106ms instead of 100ms
Dec 14 18:18:47 debian kernel: [    0.210444] APIC delta adjusted to PM-Timer: 6380920 (6801598)
Dec 14 18:18:47 debian kernel: [    0.210504] smpboot: CPU0: AMD Ryzen 5 5500U with Radeon Graphics (family: 0x17, model: 0x68, stepping: 0x1)
Dec 14 18:18:47 debian kernel: [    0.210710] Performance Events: PMU not available due to virtualization, using software events only.
Dec 14 18:18:47 debian kernel: [    0.210760] rcu: Hierarchical SRCU implementation.
Dec 14 18:18:47 debian kernel: [    0.211136] NMI watchdog: Perf NMI watchdog permanently disabled
Dec 14 18:18:47 debian kernel: [    0.211205] smp: Bringing up secondary CPUs ...
Dec 14 18:18:47 debian kernel: [    0.211321] x86: Booting SMP configuration:
Dec 14 18:18:47 debian kernel: [    0.211323] .... node  #0, CPUs:      #1
Dec 14 18:18:47 debian kernel: [    0.015781] kvm-clock: cpu 1, msr 6b401041, secondary cpu clock
Dec 14 18:18:47 debian kernel: [    0.213615] smp: Brought up 1 node, 2 CPUs
Dec 14 18:18:47 debian kernel: [    0.213615] smpboot: Max logical packages: 1
Dec 14 18:18:47 debian kernel: [    0.213615] smpboot: Total of 2 processors activated (8384.24 BogoMIPS)
Dec 14 18:18:47 debian kernel: [    0.217661] node 0 deferred pages initialised in 8ms
Dec 14 18:18:47 debian kernel: [    0.217832] devtmpfs: initialized
Dec 14 18:18:47 debian kernel: [    0.217832] x86/mm: Memory block size: 128MB
Dec 14 18:18:47 debian kernel: [    0.218089] clocksource: jiffies: mask: 0xffffffff max_cycles: 0xffffffff, max_idle_ns: 7645041785100000 ns
Dec 14 18:18:47 debian kernel: [    0.218089] futex hash table entries: 512 (order: 3, 32768 bytes, linear)
Dec 14 18:18:47 debian kernel: [    0.218089] pinctrl core: initialized pinctrl subsystem
Dec 14 18:18:47 debian kernel: [    0.218089] NET: Registered protocol family 16
Dec 14 18:18:47 debian kernel: [    0.218178] DMA: preallocated 256 KiB GFP_KERNEL pool for atomic allocations
Dec 14 18:18:47 debian kernel: [    0.218204] DMA: preallocated 256 KiB GFP_KERNEL|GFP_DMA pool for atomic allocations
Dec 14 18:18:47 debian kernel: [    0.218235] DMA: preallocated 256 KiB GFP_KERNEL|GFP_DMA32 pool for atomic allocations
Dec 14 18:18:47 debian kernel: [    0.218245] audit: initializing netlink subsys (disabled)
Dec 14 18:18:47 debian kernel: [    0.218255] audit: type=2000 audit(1765747131.481:1): state=initialized audit_enabled=0 res=1
Dec 14 18:18:47 debian kernel: [    0.218255] thermal_sys: Registered thermal governor 'fair_share'
Dec 14 18:18:47 debian kernel: [    0.218255] thermal_sys: Registered thermal governor 'bang_bang'
Dec 14 18:18:47 debian kernel: [    0.218255] thermal_sys: Registered thermal governor 'step_wise'
Dec 14 18:18:47 debian kernel: [    0.218255] thermal_sys: Registered thermal governor 'user_space'
Dec 14 18:18:47 debian kernel: [    0.218255] thermal_sys: Registered thermal governor 'power_allocator'
Dec 14 18:18:47 debian kernel: [    0.218255] cpuidle: using governor ladder
Dec 14 18:18:47 debian kernel: [    0.218255] cpuidle: using governor menu
Dec 14 18:18:47 debian kernel: [    0.218255] ACPI: bus type PCI registered
Dec 14 18:18:47 debian kernel: [    0.218255] acpiphp: ACPI Hot Plug PCI Controller Driver version: 0.5
Dec 14 18:18:47 debian kernel: [    0.218255] PCI: Using configuration type 1 for base access
Dec 14 18:18:47 debian kernel: [    0.218255] PCI: Using configuration type 1 for extended access
Dec 14 18:18:47 debian kernel: [    0.218255] mtrr: your CPUs had inconsistent variable MTRR settings
Dec 14 18:18:47 debian kernel: [    0.218255] mtrr: probably your BIOS does not setup all CPUs.
Dec 14 18:18:47 debian kernel: [    0.218255] mtrr: corrected configuration.
Dec 14 18:18:47 debian kernel: [    0.219001] Kprobes globally optimized
Dec 14 18:18:47 debian kernel: [    0.219007] HugeTLB registered 2.00 MiB page size, pre-allocated 0 pages
Dec 14 18:18:47 debian kernel: [    0.317882] ACPI: Added _OSI(Module Device)
Dec 14 18:18:47 debian kernel: [    0.317882] ACPI: Added _OSI(Processor Device)
Dec 14 18:18:47 debian kernel: [    0.317882] ACPI: Added _OSI(3.0 _SCP Extensions)
Dec 14 18:18:47 debian kernel: [    0.317882] ACPI: Added _OSI(Processor Aggregator Device)
Dec 14 18:18:47 debian kernel: [    0.317882] ACPI: Added _OSI(Linux-Dell-Video)
Dec 14 18:18:47 debian kernel: [    0.317882] ACPI: Added _OSI(Linux-Lenovo-NV-HDMI-Audio)
Dec 14 18:18:47 debian kernel: [    0.317882] ACPI: Added _OSI(Linux-HPI-Hybrid-Graphics)
Dec 14 18:18:47 debian kernel: [    0.319452] ACPI: 2 ACPI AML tables successfully acquired and loaded
Dec 14 18:18:47 debian kernel: [    0.321114] ACPI: Interpreter enabled
Dec 14 18:18:47 debian kernel: [    0.321139] ACPI: (supports S0 S5)
Dec 14 18:18:47 debian kernel: [    0.321140] ACPI: Using IOAPIC for interrupt routing
Dec 14 18:18:47 debian kernel: [    0.321390] PCI: Using host bridge windows from ACPI; if necessary, use "pci=nocrs" and report a bug
Dec 14 18:18:47 debian kernel: [    0.321505] ACPI: Enabled 2 GPEs in block 00 to 07
Dec 14 18:18:47 debian kernel: [    0.326738] ACPI: PCI Root Bridge [PCI0] (domain 0000 [bus 00-ff])
Dec 14 18:18:47 debian kernel: [    0.326743] acpi PNP0A03:00: _OSC: OS supports [ExtendedConfig ASPM ClockPM Segments MSI HPX-Type3]
Dec 14 18:18:47 debian kernel: [    0.327808] acpi PNP0A03:00: _OSC: platform does not support [PCIeCapability LTR]
Dec 14 18:18:47 debian kernel: [    0.328327] acpi PNP0A03:00: _OSC: not requesting control; platform does not support [PCIeCapability]
Dec 14 18:18:47 debian kernel: [    0.328329] acpi PNP0A03:00: _OSC: OS requested [PCIeHotplug SHPCHotplug PME AER PCIeCapability LTR]
Dec 14 18:18:47 debian kernel: [    0.328331] acpi PNP0A03:00: _OSC: platform willing to grant [PCIeHotplug SHPCHotplug PME AER]
Dec 14 18:18:47 debian kernel: [    0.328332] acpi PNP0A03:00: _OSC failed (AE_SUPPORT); disabling ASPM
Dec 14 18:18:47 debian kernel: [    0.328623] PCI host bridge to bus 0000:00
Dec 14 18:18:47 debian kernel: [    0.328625] pci_bus 0000:00: root bus resource [io  0x0000-0x0cf7 window]
Dec 14 18:18:47 debian kernel: [    0.328627] pci_bus 0000:00: root bus resource [io  0x0d00-0xffff window]
Dec 14 18:18:47 debian kernel: [    0.328628] pci_bus 0000:00: root bus resource [mem 0x000a0000-0x000bffff window]
Dec 14 18:18:47 debian kernel: [    0.328630] pci_bus 0000:00: root bus resource [mem 0x80000000-0xfdffffff window]
Dec 14 18:18:47 debian kernel: [    0.328631] pci_bus 0000:00: root bus resource [bus 00-ff]
Dec 14 18:18:47 debian kernel: [    0.328734] pci 0000:00:00.0: [8086:1237] type 00 class 0x060000
Dec 14 18:18:47 debian kernel: [    0.329143] pci 0000:00:01.0: [8086:7000] type 00 class 0x060100
Dec 14 18:18:47 debian kernel: [    0.329568] pci 0000:00:01.1: [8086:7111] type 00 class 0x01018a
Dec 14 18:18:47 debian kernel: [    0.329637] pci 0000:00:01.1: reg 0x20: [io  0xd000-0xd00f]
Dec 14 18:18:47 debian kernel: [    0.329713] pci 0000:00:01.1: legacy IDE quirk: reg 0x10: [io  0x01f0-0x01f7]
Dec 14 18:18:47 debian kernel: [    0.329715] pci 0000:00:01.1: legacy IDE quirk: reg 0x14: [io  0x03f6]
Dec 14 18:18:47 debian kernel: [    0.329716] pci 0000:00:01.1: legacy IDE quirk: reg 0x18: [io  0x0170-0x0177]
Dec 14 18:18:47 debian kernel: [    0.329717] pci 0000:00:01.1: legacy IDE quirk: reg 0x1c: [io  0x0376]
Dec 14 18:18:47 debian kernel: [    0.329887] pci 0000:00:02.0: [15ad:0405] type 00 class 0x030000
Dec 14 18:18:47 debian kernel: [    0.331308] pci 0000:00:02.0: reg 0x10: [io  0xd010-0xd01f]
Dec 14 18:18:47 debian kernel: [    0.332748] pci 0000:00:02.0: reg 0x14: [mem 0xe0000000-0xe0ffffff pref]
Dec 14 18:18:47 debian kernel: [    0.333855] pci 0000:00:02.0: reg 0x18: [mem 0xf0000000-0xf01fffff]
Dec 14 18:18:47 debian kernel: [    0.339805] pci 0000:00:03.0: [8086:100e] type 00 class 0x020000
Dec 14 18:18:47 debian kernel: [    0.341666] pci 0000:00:03.0: reg 0x10: [mem 0xf0200000-0xf021ffff]
Dec 14 18:18:47 debian kernel: [    0.344367] pci 0000:00:03.0: reg 0x18: [io  0xd020-0xd027]
Dec 14 18:18:47 debian kernel: [    0.348701] pci 0000:00:04.0: [80ee:cafe] type 00 class 0x088000
Dec 14 18:18:47 debian kernel: [    0.349741] pci 0000:00:04.0: reg 0x10: [io  0xd040-0xd05f]
Dec 14 18:18:47 debian kernel: [    0.350984] pci 0000:00:04.0: reg 0x14: [mem 0xf0400000-0xf07fffff]
Dec 14 18:18:47 debian kernel: [    0.352249] pci 0000:00:04.0: reg 0x18: [mem 0xf0800000-0xf0803fff pref]
Dec 14 18:18:47 debian kernel: [    0.357615] pci 0000:00:05.0: [8086:2415] type 00 class 0x040100
Dec 14 18:18:47 debian kernel: [    0.357615] pci 0000:00:05.0: reg 0x10: [io  0xd100-0xd1ff]
Dec 14 18:18:47 debian kernel: [    0.357655] pci 0000:00:05.0: reg 0x14: [io  0xd200-0xd23f]
Dec 14 18:18:47 debian kernel: [    0.358013] pci 0000:00:06.0: [106b:003f] type 00 class 0x0c0310
Dec 14 18:18:47 debian kernel: [    0.359317] pci 0000:00:06.0: reg 0x10: [mem 0xf0804000-0xf0804fff]
Dec 14 18:18:47 debian kernel: [    0.365615] pci 0000:00:07.0: [8086:7113] type 00 class 0x068000
Dec 14 18:18:47 debian kernel: [    0.365899] pci 0000:00:07.0: quirk: [io  0x4000-0x403f] claimed by PIIX4 ACPI
Dec 14 18:18:47 debian kernel: [    0.365906] pci 0000:00:07.0: quirk: [io  0x4100-0x410f] claimed by PIIX4 SMB
Dec 14 18:18:47 debian kernel: [    0.366165] pci 0000:00:0d.0: [8086:2829] type 00 class 0x010601
Dec 14 18:18:47 debian kernel: [    0.367365] pci 0000:00:0d.0: reg 0x10: [io  0xd240-0xd247]
Dec 14 18:18:47 debian kernel: [    0.368606] pci 0000:00:0d.0: reg 0x14: [io  0xd248-0xd24b]
Dec 14 18:18:47 debian kernel: [    0.369615] pci 0000:00:0d.0: reg 0x18: [io  0xd250-0xd257]
Dec 14 18:18:47 debian kernel: [    0.369615] pci 0000:00:0d.0: reg 0x1c: [io  0xd258-0xd25b]
Dec 14 18:18:47 debian kernel: [    0.369615] pci 0000:00:0d.0: reg 0x20: [io  0xd260-0xd26f]
Dec 14 18:18:47 debian kernel: [    0.369648] pci 0000:00:0d.0: reg 0x24: [mem 0xf0806000-0xf0807fff]
Dec 14 18:18:47 debian kernel: [    0.372647] ACPI: PCI Interrupt Link [LNKA] (IRQs 5 9 10 *11)
Dec 14 18:18:47 debian kernel: [    0.372958] ACPI: PCI Interrupt Link [LNKB] (IRQs 5 9 *10 11)
Dec 14 18:18:47 debian kernel: [    0.373050] ACPI: PCI Interrupt Link [LNKC] (IRQs 5 *9 10 11)
Dec 14 18:18:47 debian kernel: [    0.373138] ACPI: PCI Interrupt Link [LNKD] (IRQs 5 9 10 *11)
Dec 14 18:18:47 debian kernel: [    0.373366] iommu: Default domain type: Translated 
Dec 14 18:18:47 debian kernel: [    0.373701] pci 0000:00:02.0: vgaarb: setting as boot VGA device
Dec 14 18:18:47 debian kernel: [    0.373701] pci 0000:00:02.0: vgaarb: VGA device added: decodes=io+mem,owns=io+mem,locks=none
Dec 14 18:18:47 debian kernel: [    0.373701] pci 0000:00:02.0: vgaarb: bridge control possible
Dec 14 18:18:47 debian kernel: [    0.373701] vgaarb: loaded
Dec 14 18:18:47 debian kernel: [    0.373755] EDAC MC: Ver: 3.0.0
Dec 14 18:18:47 debian kernel: [    0.373896] NetLabel: Initializing
Dec 14 18:18:47 debian kernel: [    0.373896] NetLabel:  domain hash size = 128
Dec 14 18:18:47 debian kernel: [    0.373896] NetLabel:  protocols = UNLABELED CIPSOv4 CALIPSO
Dec 14 18:18:47 debian kernel: [    0.373896] NetLabel:  unlabeled traffic allowed by default
Dec 14 18:18:47 debian kernel: [    0.373896] PCI: Using ACPI for IRQ routing
Dec 14 18:18:47 debian kernel: [    0.374078] clocksource: Switched to clocksource kvm-clock
Dec 14 18:18:47 debian kernel: [    0.388707] VFS: Disk quotas dquot_6.6.0
Dec 14 18:18:47 debian kernel: [    0.388742] VFS: Dquot-cache hash table entries: 512 (order 0, 4096 bytes)
Dec 14 18:18:47 debian kernel: [    0.388931] AppArmor: AppArmor Filesystem Enabled
Dec 14 18:18:47 debian kernel: [    0.388966] pnp: PnP ACPI init
Dec 14 18:18:47 debian kernel: [    0.389952] pnp: PnP ACPI: found 2 devices
Dec 14 18:18:47 debian kernel: [    0.399234] clocksource: acpi_pm: mask: 0xffffff max_cycles: 0xffffff, max_idle_ns: 2085701024 ns
Dec 14 18:18:47 debian kernel: [    0.399362] NET: Registered protocol family 2
Dec 14 18:18:47 debian kernel: [    0.399429] IP idents hash table entries: 32768 (order: 6, 262144 bytes, linear)
Dec 14 18:18:47 debian kernel: [    0.399986] tcp_listen_portaddr_hash hash table entries: 1024 (order: 2, 16384 bytes, linear)
Dec 14 18:18:47 debian kernel: [    0.399986] TCP established hash table entries: 16384 (order: 5, 131072 bytes, linear)
Dec 14 18:18:47 debian kernel: [    0.399986] TCP bind hash table entries: 16384 (order: 6, 262144 bytes, linear)
Dec 14 18:18:47 debian kernel: [    0.399986] TCP: Hash tables configured (established 16384 bind 16384)
Dec 14 18:18:47 debian kernel: [    0.399986] UDP hash table entries: 1024 (order: 3, 32768 bytes, linear)
Dec 14 18:18:47 debian kernel: [    0.399986] UDP-Lite hash table entries: 1024 (order: 3, 32768 bytes, linear)
Dec 14 18:18:47 debian kernel: [    0.399986] NET: Registered protocol family 1
Dec 14 18:18:47 debian kernel: [    0.399986] NET: Registered protocol family 44
Dec 14 18:18:47 debian kernel: [    0.399986] pci_bus 0000:00: resource 4 [io  0x0000-0x0cf7 window]
Dec 14 18:18:47 debian kernel: [    0.399986] pci_bus 0000:00: resource 5 [io  0x0d00-0xffff window]
Dec 14 18:18:47 debian kernel: [    0.399986] pci_bus 0000:00: resource 6 [mem 0x000a0000-0x000bffff window]
Dec 14 18:18:47 debian kernel: [    0.399986] pci_bus 0000:00: resource 7 [mem 0x80000000-0xfdffffff window]
Dec 14 18:18:47 debian kernel: [    0.399986] pci 0000:00:00.0: Limiting direct PCI/PCI transfers
Dec 14 18:18:47 debian kernel: [    0.399986] pci 0000:00:01.0: Activating ISA DMA hang workarounds
Dec 14 18:18:47 debian kernel: [    0.399986] pci 0000:00:02.0: Video device with shadowed ROM at [mem 0x000c0000-0x000dffff]
Dec 14 18:18:47 debian kernel: [    0.402301] PCI: CLS 0 bytes, default 64
Dec 14 18:18:47 debian kernel: [    0.402371] Trying to unpack rootfs image as initramfs...
Dec 14 18:18:47 debian kernel: [    0.779419] Freeing initrd memory: 28516K
Dec 14 18:18:47 debian kernel: [    0.779485] clocksource: tsc: mask: 0xffffffffffffffff max_cycles: 0x1e36a685b69, max_idle_ns: 440795255641 ns
Dec 14 18:18:47 debian kernel: [    0.779537] clocksource: Switched to clocksource tsc
Dec 14 18:18:47 debian kernel: [    0.779588] platform rtc_cmos: registered platform RTC device (no PNP device found)
Dec 14 18:18:47 debian kernel: [    0.780132] Initialise system trusted keyrings
Dec 14 18:18:47 debian kernel: [    0.780140] Key type blacklist registered
Dec 14 18:18:47 debian kernel: [    0.780265] workingset: timestamp_bits=36 max_order=19 bucket_order=0
Dec 14 18:18:47 debian kernel: [    0.782648] zbud: loaded
Dec 14 18:18:47 debian kernel: [    0.782884] integrity: Platform Keyring initialized
Dec 14 18:18:47 debian kernel: [    0.782886] Key type asymmetric registered
Dec 14 18:18:47 debian kernel: [    0.782888] Asymmetric key parser 'x509' registered
Dec 14 18:18:47 debian kernel: [    0.782896] Block layer SCSI generic (bsg) driver version 0.4 loaded (major 251)
Dec 14 18:18:47 debian kernel: [    0.782966] io scheduler mq-deadline registered
Dec 14 18:18:47 debian kernel: [    0.783685] shpchp: Standard Hot Plug PCI Controller Driver version: 0.4
Dec 14 18:18:47 debian kernel: [    0.784265] Serial: 8250/16550 driver, 4 ports, IRQ sharing enabled
Dec 14 18:18:47 debian kernel: [    0.784730] Linux agpgart interface v0.103
Dec 14 18:18:47 debian kernel: [    0.784818] AMD-Vi: AMD IOMMUv2 functionality not available on this system - This is not a bug.
Dec 14 18:18:47 debian kernel: [    0.785028] i8042: PNP: PS/2 Controller [PNP0303:PS2K,PNP0f03:PS2M] at 0x60,0x64 irq 1,12
Dec 14 18:18:47 debian kernel: [    0.785426] serio: i8042 KBD port at 0x60,0x64 irq 1
Dec 14 18:18:47 debian kernel: [    0.785431] serio: i8042 AUX port at 0x60,0x64 irq 12
Dec 14 18:18:47 debian kernel: [    0.785584] mousedev: PS/2 mouse device common for all mice
Dec 14 18:18:47 debian kernel: [    0.785912] input: AT Translated Set 2 keyboard as /devices/platform/i8042/serio0/input/input0
Dec 14 18:18:47 debian kernel: [    0.786195] rtc_cmos rtc_cmos: registered as rtc0
Dec 14 18:18:47 debian kernel: [    0.786233] rtc_cmos rtc_cmos: setting system clock to 2025-12-14T21:18:45 UTC (1765747125)
Dec 14 18:18:47 debian kernel: [    0.786289] rtc_cmos rtc_cmos: alarms up to one day, 114 bytes nvram
Dec 14 18:18:47 debian kernel: [    0.786329] ledtrig-cpu: registered to indicate activity on CPUs
Dec 14 18:18:47 debian kernel: [    0.786585] NET: Registered protocol family 10
Dec 14 18:18:47 debian kernel: [    0.794205] Segment Routing with IPv6
Dec 14 18:18:47 debian kernel: [    0.794242] mip6: Mobile IPv6
Dec 14 18:18:47 debian kernel: [    0.794245] NET: Registered protocol family 17
Dec 14 18:18:47 debian kernel: [    0.794307] mpls_gso: MPLS GSO support
Dec 14 18:18:47 debian kernel: [    0.794473] IPI shorthand broadcast: enabled
Dec 14 18:18:47 debian kernel: [    0.794490] sched_clock: Marking stable (782649778, 11781824)->(811618592, -17186990)
Dec 14 18:18:47 debian kernel: [    0.794596] registered taskstats version 1
Dec 14 18:18:47 debian kernel: [    0.794600] Loading compiled-in X.509 certificates
Dec 14 18:18:47 debian kernel: [    0.817564] Loaded X.509 cert 'Debian Secure Boot CA: 6ccece7e4c6c0d1f6149f3dd27dfcc5cbb419ea1'
Dec 14 18:18:47 debian kernel: [    0.817586] Loaded X.509 cert 'Debian Secure Boot Signer 2022 - linux: 14011249c2675ea8e5148542202005810584b25f'
Dec 14 18:18:47 debian kernel: [    0.817620] zswap: loaded using pool lzo/zbud
Dec 14 18:18:47 debian kernel: [    0.817824] Key type .fscrypt registered
Dec 14 18:18:47 debian kernel: [    0.817825] Key type fscrypt-provisioning registered
Dec 14 18:18:47 debian kernel: [    0.817863] AppArmor: AppArmor sha1 policy hashing enabled
Dec 14 18:18:47 debian kernel: [    0.818009] clk: Disabling unused clocks
Dec 14 18:18:47 debian kernel: [    0.819998] Freeing unused decrypted memory: 2036K
Dec 14 18:18:47 debian kernel: [    0.820616] Freeing unused kernel image (initmem) memory: 2672K
Dec 14 18:18:47 debian kernel: [    0.835955] Write protecting the kernel read-only data: 22528k
Dec 14 18:18:47 debian kernel: [    0.837616] Freeing unused kernel image (text/rodata gap) memory: 2040K
Dec 14 18:18:47 debian kernel: [    0.837792] Freeing unused kernel image (rodata/data gap) memory: 600K
Dec 14 18:18:47 debian kernel: [    0.900164] x86/mm: Checked W+X mappings: passed, no W+X pages found.
Dec 14 18:18:47 debian kernel: [    0.900174] Run /init as init process
Dec 14 18:18:47 debian kernel: [    0.954115] ACPI: Video Device [GFX0] (multi-head: yes  rom: no  post: no)
Dec 14 18:18:47 debian kernel: [    0.954203] input: Video Bus as /devices/LNXSYSTM:00/LNXSYBUS:00/PNP0A03:00/LNXVIDEO:00/input/input2
Dec 14 18:18:47 debian kernel: [    0.956691] battery: ACPI: Battery Slot [BAT0] (battery present)
Dec 14 18:18:47 debian kernel: [    0.962335] e1000: Intel(R) PRO/1000 Network Driver
Dec 14 18:18:47 debian kernel: [    0.962337] e1000: Copyright (c) 1999-2006 Intel Corporation.
Dec 14 18:18:47 debian kernel: [    0.965810] piix4_smbus 0000:00:07.0: SMBus Host Controller at 0x4100, revision 0
Dec 14 18:18:47 debian kernel: [    0.966361] SCSI subsystem initialized
Dec 14 18:18:47 debian kernel: [    0.987511] ACPI: bus type USB registered
Dec 14 18:18:47 debian kernel: [    0.987539] usbcore: registered new interface driver usbfs
Dec 14 18:18:47 debian kernel: [    0.987550] usbcore: registered new interface driver hub
Dec 14 18:18:47 debian kernel: [    0.987568] usbcore: registered new device driver usb
Dec 14 18:18:47 debian kernel: [    0.993523] ahci 0000:00:0d.0: SSS flag set, parallel bus scan disabled
Dec 14 18:18:47 debian kernel: [    0.993682] ahci 0000:00:0d.0: AHCI 0001.0100 32 slots 2 ports 3 Gbps 0x3 impl SATA mode
Dec 14 18:18:47 debian kernel: [    0.993684] ahci 0000:00:0d.0: flags: 64bit ncq stag only ccc 
Dec 14 18:18:47 debian kernel: [    0.996313] ehci_hcd: USB 2.0 'Enhanced' Host Controller (EHCI) Driver
Dec 14 18:18:47 debian kernel: [    0.998370] ohci_hcd: USB 1.1 'Open' Host Controller (OHCI) Driver
Dec 14 18:18:47 debian kernel: [    0.998570] scsi host0: ata_piix
Dec 14 18:18:47 debian kernel: [    0.998990] ehci-pci: EHCI PCI platform driver
Dec 14 18:18:47 debian kernel: [    0.999069] scsi host1: ahci
Dec 14 18:18:47 debian kernel: [    1.000077] ohci-pci: OHCI PCI platform driver
Dec 14 18:18:47 debian kernel: [    1.000834] ohci-pci 0000:00:06.0: OHCI PCI host controller
Dec 14 18:18:47 debian kernel: [    1.000844] ohci-pci 0000:00:06.0: new USB bus registered, assigned bus number 1
Dec 14 18:18:47 debian kernel: [    1.000934] ohci-pci 0000:00:06.0: irq 22, io mem 0xf0804000
Dec 14 18:18:47 debian kernel: [    1.009331] scsi host3: ahci
Dec 14 18:18:47 debian kernel: [    1.009419] ata3: SATA max UDMA/133 abar m8192@0xf0806000 port 0xf0806100 irq 21
Dec 14 18:18:47 debian kernel: [    1.009424] ata4: SATA max UDMA/133 abar m8192@0xf0806000 port 0xf0806180 irq 21
Dec 14 18:18:47 debian kernel: [    1.010131] scsi host2: ata_piix
Dec 14 18:18:47 debian kernel: [    1.010183] ata1: PATA max UDMA/33 cmd 0x1f0 ctl 0x3f6 bmdma 0xd000 irq 14
Dec 14 18:18:47 debian kernel: [    1.010185] ata2: PATA max UDMA/33 cmd 0x170 ctl 0x376 bmdma 0xd008 irq 15
Dec 14 18:18:47 debian kernel: [    1.060471] usb usb1: New USB device found, idVendor=1d6b, idProduct=0001, bcdDevice= 5.10
Dec 14 18:18:47 debian kernel: [    1.060474] usb usb1: New USB device strings: Mfr=3, Product=2, SerialNumber=1
Dec 14 18:18:47 debian kernel: [    1.060476] usb usb1: Product: OHCI PCI host controller
Dec 14 18:18:47 debian kernel: [    1.060477] usb usb1: Manufacturer: Linux 5.10.0-30-amd64 ohci_hcd
Dec 14 18:18:47 debian kernel: [    1.060478] usb usb1: SerialNumber: 0000:00:06.0
Dec 14 18:18:47 debian kernel: [    1.060644] hub 1-0:1.0: USB hub found
Dec 14 18:18:47 debian kernel: [    1.060658] hub 1-0:1.0: 12 ports detected
Dec 14 18:18:47 debian kernel: [    1.230516] input: ImExPS/2 Generic Explorer Mouse as /devices/platform/i8042/serio1/input/input3
Dec 14 18:18:47 debian kernel: [    1.320190] ata3: SATA link up 3.0 Gbps (SStatus 123 SControl 300)
Dec 14 18:18:47 debian kernel: [    1.320377] e1000 0000:00:03.0 eth0: (PCI:33MHz:32-bit) 08:00:27:06:89:83
Dec 14 18:18:47 debian kernel: [    1.320381] e1000 0000:00:03.0 eth0: Intel(R) PRO/1000 Network Connection
Dec 14 18:18:47 debian kernel: [    1.320896] ata3.00: ATA-6: VBOX HARDDISK, 1.0, max UDMA/133
Dec 14 18:18:47 debian kernel: [    1.320898] ata3.00: 20971520 sectors, multi 128: LBA48 NCQ (depth 32)
Dec 14 18:18:47 debian kernel: [    1.321176] ata3.00: configured for UDMA/133
Dec 14 18:18:47 debian kernel: [    1.321341] scsi 1:0:0:0: Direct-Access     ATA      VBOX HARDDISK    1.0  PQ: 0 ANSI: 5
Dec 14 18:18:47 debian kernel: [    1.427843] usb 1-1: new full-speed USB device number 2 using ohci-pci
Dec 14 18:18:47 debian kernel: [    1.649878] ata4: SATA link up 3.0 Gbps (SStatus 123 SControl 300)
Dec 14 18:18:47 debian kernel: [    1.650141] ata4.00: ATA-6: VBOX HARDDISK, 1.0, max UDMA/133
Dec 14 18:18:47 debian kernel: [    1.650147] ata4.00: 16777216 sectors, multi 128: LBA48 NCQ (depth 32)
Dec 14 18:18:47 debian kernel: [    1.650510] ata4.00: configured for UDMA/133
Dec 14 18:18:47 debian kernel: [    1.650895] scsi 3:0:0:0: Direct-Access     ATA      VBOX HARDDISK    1.0  PQ: 0 ANSI: 5
Dec 14 18:18:47 debian kernel: [    1.654684] e1000 0000:00:03.0 enp0s3: renamed from eth0
Dec 14 18:18:47 debian kernel: [    1.659177] sd 3:0:0:0: [sdb] 16777216 512-byte logical blocks: (8.59 GB/8.00 GiB)
Dec 14 18:18:47 debian kernel: [    1.659186] sd 1:0:0:0: [sda] 20971520 512-byte logical blocks: (10.7 GB/10.0 GiB)
Dec 14 18:18:47 debian kernel: [    1.659189] sd 3:0:0:0: [sdb] Write Protect is off
Dec 14 18:18:47 debian kernel: [    1.659195] sd 1:0:0:0: [sda] Write Protect is off
Dec 14 18:18:47 debian kernel: [    1.659206] sd 3:0:0:0: [sdb] Write cache: enabled, read cache: enabled, doesn't support DPO or FUA
Dec 14 18:18:47 debian kernel: [    1.659216] sd 1:0:0:0: [sda] Write cache: enabled, read cache: enabled, doesn't support DPO or FUA
Dec 14 18:18:47 debian kernel: [    1.679045]  sdb: sdb1
Dec 14 18:18:47 debian kernel: [    1.679284]  sda: sda1 sda2 < sda5 >
Dec 14 18:18:47 debian kernel: [    1.695462] sd 1:0:0:0: [sda] Attached SCSI disk
Dec 14 18:18:47 debian kernel: [    1.704069] sd 3:0:0:0: [sdb] Attached SCSI disk
Dec 14 18:18:47 debian kernel: [    1.786970] usb 1-1: New USB device found, idVendor=80ee, idProduct=0021, bcdDevice= 1.00
Dec 14 18:18:47 debian kernel: [    1.786973] usb 1-1: New USB device strings: Mfr=1, Product=3, SerialNumber=0
Dec 14 18:18:47 debian kernel: [    1.786975] usb 1-1: Product: USB Tablet
Dec 14 18:18:47 debian kernel: [    1.786984] usb 1-1: Manufacturer: VirtualBox
Dec 14 18:18:47 debian kernel: [    1.796726] hid: raw HID events driver (C) Jiri Kosina
Dec 14 18:18:47 debian kernel: [    1.806585] usbcore: registered new interface driver usbhid
Dec 14 18:18:47 debian kernel: [    1.806590] usbhid: USB HID core driver
Dec 14 18:18:47 debian kernel: [    1.808558] input: VirtualBox USB Tablet as /devices/pci0000:00/0000:00:06.0/usb1/1-1/1-1:1.0/0003:80EE:0021.0001/input/input4
Dec 14 18:18:47 debian kernel: [    1.808631] hid-generic 0003:80EE:0021.0001: input,hidraw0: USB HID v1.10 Mouse [VirtualBox USB Tablet] on usb-0000:00:06.0-1/input0
Dec 14 18:18:47 debian kernel: [    1.925997] EXT4-fs (sda1): mounted filesystem with ordered data mode. Opts: (null)
Dec 14 18:18:47 debian kernel: [    1.968031] Not activating Mandatory Access Control as /sbin/tomoyo-init does not exist.
Dec 14 18:18:47 debian kernel: [    2.193664] fuse: init (API version 7.32)
Dec 14 18:18:47 debian kernel: [    2.211875] EXT4-fs (sda1): re-mounted. Opts: errors=remount-ro
Dec 14 18:18:47 debian kernel: [    2.233580] ACPI: bus type drm_connector registered
Dec 14 18:18:47 debian kernel: [    2.354947] input: Power Button as /devices/LNXSYSTM:00/LNXPWRBN:00/input/input5
Dec 14 18:18:47 debian kernel: [    2.360880] ACPI: AC Adapter [AC] (on-line)
Dec 14 18:18:47 debian kernel: [    2.372453] ACPI: Power Button [PWRF]
Dec 14 18:18:47 debian kernel: [    2.372560] input: Sleep Button as /devices/LNXSYSTM:00/LNXSLPBN:00/input/input6
Dec 14 18:18:47 debian kernel: [    2.372841] ACPI: Sleep Button [SLPF]
Dec 14 18:18:47 debian kernel: [    2.403195] vboxguest: host-version: 7.1.12r169651 0x8000000f
Dec 14 18:18:47 debian kernel: [    2.403589] vbg_heartbeat_init: Setting up heartbeat to trigger every 2000 milliseconds
Dec 14 18:18:47 debian kernel: [    2.403662] input: VirtualBox mouse integration as /devices/pci0000:00/0000:00:04.0/input/input7
Dec 14 18:18:47 debian kernel: [    2.403984] input: PC Speaker as /devices/platform/pcspkr/input/input8
Dec 14 18:18:47 debian kernel: [    2.405497] sd 1:0:0:0: Attached scsi generic sg0 type 0
Dec 14 18:18:47 debian kernel: [    2.405825] RAPL PMU: API unit is 2^-32 Joules, 1 fixed counters, 163840 ms ovfl timer
Dec 14 18:18:47 debian kernel: [    2.405827] RAPL PMU: hw unit of domain package 2^-16 Joules
Dec 14 18:18:47 debian kernel: [    2.406087] sd 3:0:0:0: Attached scsi generic sg1 type 0
Dec 14 18:18:47 debian kernel: [    2.406919] vboxguest: misc device minor 61, IRQ 20, I/O port d040, MMIO at 0x00000000f0400000 (size 0x0000000000400000)
Dec 14 18:18:47 debian kernel: [    2.426722] cryptd: max_cpu_qlen set to 1000
Dec 14 18:18:47 debian kernel: [    2.453029] AVX2 version of gcm_enc/dec engaged.
Dec 14 18:18:47 debian kernel: [    2.453032] AES CTR mode by8 optimization enabled
Dec 14 18:18:47 debian kernel: [    2.504487] [drm] DMA map mode: Caching DMA mappings.
Dec 14 18:18:47 debian kernel: [    2.504526] [drm] Capabilities:
Dec 14 18:18:47 debian kernel: [    2.504527] [drm]   Rect copy.
Dec 14 18:18:47 debian kernel: [    2.504527] [drm]   Cursor.
Dec 14 18:18:47 debian kernel: [    2.504528] [drm]   Cursor bypass.
Dec 14 18:18:47 debian kernel: [    2.504529] [drm]   Cursor bypass 2.
Dec 14 18:18:47 debian kernel: [    2.504530] [drm]   Alpha cursor.
Dec 14 18:18:47 debian kernel: [    2.504530] [drm]   Extended Fifo.
Dec 14 18:18:47 debian kernel: [    2.504531] [drm]   Pitchlock.
Dec 14 18:18:47 debian kernel: [    2.504532] [drm]   Irq mask.
Dec 14 18:18:47 debian kernel: [    2.504533] [drm]   GMR.
Dec 14 18:18:47 debian kernel: [    2.504533] [drm]   Traces.
Dec 14 18:18:47 debian kernel: [    2.504534] [drm]   GMR2.
Dec 14 18:18:47 debian kernel: [    2.504535] [drm]   Screen Object 2.
Dec 14 18:18:47 debian kernel: [    2.504535] [drm]   Command Buffers.
Dec 14 18:18:47 debian kernel: [    2.504536] [drm]   Guest Backed Resources.
Dec 14 18:18:47 debian kernel: [    2.504538] [drm] Max GMR ids is 8192
Dec 14 18:18:47 debian kernel: [    2.504539] [drm] Max number of GMR pages is 1048576
Dec 14 18:18:47 debian kernel: [    2.504540] [drm] Max dedicated hypervisor surface memory is 507904 kiB
Dec 14 18:18:47 debian kernel: [    2.504540] [drm] Maximum display memory size is 16384 kiB
Dec 14 18:18:47 debian kernel: [    2.504542] [drm] VRAM at 0xe0000000 size is 16384 kiB
Dec 14 18:18:47 debian kernel: [    2.504542] [drm] MMIO at 0xf0000000 size is 2048 kiB
Dec 14 18:18:47 debian kernel: [    2.505033] [TTM] Zone  kernel: Available graphics memory: 1009102 KiB
Dec 14 18:18:47 debian kernel: [    2.505034] [TTM] Initializing pool allocator
Dec 14 18:18:47 debian kernel: [    2.505039] [TTM] Initializing DMA pool allocator
Dec 14 18:18:47 debian kernel: [    2.509563] [drm] Screen Target Display device initialized
Dec 14 18:18:47 debian kernel: [    2.509750] [drm] width 720
Dec 14 18:18:47 debian kernel: [    2.509756] [drm] height 400
Dec 14 18:18:47 debian kernel: [    2.509762] [drm] bpp 32
Dec 14 18:18:47 debian kernel: [    2.510072] [drm] Fifo max 0x00200000 min 0x00001000 cap 0x00000355
Dec 14 18:18:47 debian kernel: [    2.510804] [drm] Using command buffers with DMA pool.
Dec 14 18:18:47 debian kernel: [    2.510809] [drm] Atomic: yes.
Dec 14 18:18:47 debian kernel: [    2.538205] EXT4-fs (sdb1): mounted filesystem with ordered data mode. Opts: (null)
Dec 14 18:18:47 debian kernel: [    2.588111] Adding 2095100k swap on /dev/sda5.  Priority:-2 extents:1 across:2095100k FS
Dec 14 18:18:47 debian kernel: [    2.608644] fbcon: svgadrmfb (fb0) is primary device
Dec 14 18:18:47 debian kernel: [    2.611291] Console: switching to colour frame buffer device 100x37
Dec 14 18:18:47 debian kernel: [    2.617547] [drm] Initialized vmwgfx 2.18.0 20200114 for 0000:00:02.0 on minor 0
Dec 14 18:18:47 debian kernel: [    2.629796] audit: type=1400 audit(1765747127.340:2): apparmor="STATUS" operation="profile_load" profile="unconfined" name="nvidia_modprobe" pid=312 comm="apparmor_parser"
Dec 14 18:18:47 debian kernel: [    2.629801] audit: type=1400 audit(1765747127.340:3): apparmor="STATUS" operation="profile_load" profile="unconfined" name="nvidia_modprobe//kmod" pid=312 comm="apparmor_parser"
Dec 14 18:18:47 debian kernel: [    2.632170] audit: type=1400 audit(1765747127.344:4): apparmor="STATUS" operation="profile_load" profile="unconfined" name="/usr/bin/man" pid=313 comm="apparmor_parser"
Dec 14 18:18:47 debian kernel: [    2.632173] audit: type=1400 audit(1765747127.344:5): apparmor="STATUS" operation="profile_load" profile="unconfined" name="man_filter" pid=313 comm="apparmor_parser"
Dec 14 18:18:47 debian kernel: [    2.632176] audit: type=1400 audit(1765747127.344:6): apparmor="STATUS" operation="profile_load" profile="unconfined" name="man_groff" pid=313 comm="apparmor_parser"
Dec 14 18:18:47 debian kernel: [    2.640879] audit: type=1400 audit(1765747127.352:7): apparmor="STATUS" operation="profile_load" profile="unconfined" name="lsb_release" pid=321 comm="apparmor_parser"
Dec 14 18:18:47 debian rsyslogd: imuxsock: Acquired UNIX socket '/run/systemd/journal/syslog' (fd 3) from systemd.  [v8.2102.0]
Dec 14 18:18:47 debian rsyslogd: [origin software="rsyslogd" swVersion="8.2102.0" x-pid="369" x-info="https://www.rsyslog.com"] start
Dec 14 18:18:47 debian kernel: [    2.753361] snd_intel8x0 0000:00:05.0: allow list rate for 1028:0177 is 48000
Dec 14 18:18:49 debian kernel: [    4.796555] e1000: enp0s3 NIC Link is Up 1000 Mbps Full Duplex, Flow Control: RX
Dec 14 18:18:49 debian kernel: [    4.797226] IPv6: ADDRCONF(NETDEV_CHANGE): enp0s3: link becomes ready
Dec 14 18:24:15 debian kernel: [  329.439454] device-mapper: uevent: version 1.0.3
Dec 14 18:24:15 debian kernel: [  329.439968] device-mapper: ioctl: 4.43.0-ioctl (2020-10-01) initialised: dm-devel@redhat.com
Dec 14 18:24:16 debian kernel: [  330.492416] SGI XFS with ACLs, security attributes, realtime, quota, no debug enabled
Dec 14 18:24:16 debian kernel: [  330.503431] JFS: nTxBlock = 8192, nTxLock = 65536
Dec 14 18:24:16 debian kernel: [  330.544102] QNX4 filesystem 0.2.3 registered.
Dec 14 18:24:16 debian kernel: [  330.622976] raid6: avx2x4   gen() 29756 MB/s
Dec 14 18:24:16 debian kernel: [  330.691055] raid6: avx2x4   xor()  6877 MB/s
Dec 14 18:24:16 debian kernel: [  330.758971] raid6: avx2x2   gen() 29466 MB/s
Dec 14 18:24:16 debian kernel: [  330.826990] raid6: avx2x2   xor() 19530 MB/s
Dec 14 18:24:16 debian kernel: [  330.894994] raid6: avx2x1   gen() 25938 MB/s
Dec 14 18:24:16 debian kernel: [  330.962984] raid6: avx2x1   xor() 16444 MB/s
Dec 14 18:24:16 debian kernel: [  331.031021] raid6: sse2x4   gen() 15388 MB/s
Dec 14 18:24:16 debian kernel: [  331.098911] raid6: sse2x4   xor()  4754 MB/s
Dec 14 18:24:16 debian kernel: [  331.166968] raid6: sse2x2   gen() 17108 MB/s
Dec 14 18:24:17 debian kernel: [  331.235020] raid6: sse2x2   xor() 10361 MB/s
Dec 14 18:24:17 debian kernel: [  331.302992] raid6: sse2x1   gen() 13416 MB/s
Dec 14 18:24:17 debian kernel: [  331.371013] raid6: sse2x1   xor()  6940 MB/s
Dec 14 18:24:17 debian kernel: [  331.371017] raid6: using algorithm avx2x4 gen() 29756 MB/s
Dec 14 18:24:17 debian kernel: [  331.371018] raid6: .... xor() 6877 MB/s, rmw enabled
Dec 14 18:24:17 debian kernel: [  331.371020] raid6: using avx2x2 recovery algorithm
Dec 14 18:24:17 debian kernel: [  331.371263] clocksource: Long readout interval, skipping watchdog check: cs_nsec: 1300290471 wd_nsec: 1300289293
Dec 14 18:24:17 debian kernel: [  331.374262] xor: automatically using best checksumming function   avx       
Dec 14 18:24:17 debian kernel: [  331.451661] Btrfs loaded, crc32c=crc32c-intel
Dec 14 18:24:17 debian os-prober: debug: running /usr/lib/os-probes/50mounted-tests on /dev/sda2
Dec 14 18:24:17 debian 50mounted-tests: debug: /dev/sda2 type not recognised; skipping
Dec 14 18:24:17 debian os-prober: debug: os detected by /usr/lib/os-probes/50mounted-tests
Dec 14 18:24:17 debian os-prober: debug: /dev/sda5: is active swap
Dec 14 18:24:17 debian os-prober: debug: running /usr/lib/os-probes/mounted/05efi on mounted /dev/sdb1
Dec 14 18:24:17 debian 05efi: debug: Not on UEFI platform
Dec 14 18:24:17 debian os-prober: debug: running /usr/lib/os-probes/mounted/10freedos on mounted /dev/sdb1
Dec 14 18:24:17 debian 10freedos: debug: /dev/sdb1 is not a FAT partition: exiting
Dec 14 18:24:17 debian os-prober: debug: running /usr/lib/os-probes/mounted/10qnx on mounted /dev/sdb1
Dec 14 18:24:17 debian 10qnx: debug: /dev/sdb1 is not a QNX4 partition: exiting
Dec 14 18:24:17 debian os-prober: debug: running /usr/lib/os-probes/mounted/20macosx on mounted /dev/sdb1
Dec 14 18:24:17 debian macosx-prober: debug: /dev/sdb1 is not an HFS+ partition: exiting
Dec 14 18:24:17 debian os-prober: debug: running /usr/lib/os-probes/mounted/20microsoft on mounted /dev/sdb1
Dec 14 18:24:17 debian 20microsoft: debug: /dev/sdb1 is not a MS partition: exiting
Dec 14 18:24:17 debian os-prober: debug: running /usr/lib/os-probes/mounted/30utility on mounted /dev/sdb1
Dec 14 18:24:17 debian 30utility: debug: /dev/sdb1 is not a FAT partition: exiting
Dec 14 18:24:17 debian os-prober: debug: running /usr/lib/os-probes/mounted/40lsb on mounted /dev/sdb1
Dec 14 18:24:17 debian os-prober: debug: running /usr/lib/os-probes/mounted/70hurd on mounted /dev/sdb1
Dec 14 18:24:17 debian os-prober: debug: running /usr/lib/os-probes/mounted/80minix on mounted /dev/sdb1
Dec 14 18:24:17 debian os-prober: debug: running /usr/lib/os-probes/mounted/83haiku on mounted /dev/sdb1
Dec 14 18:24:17 debian 83haiku: debug: /dev/sdb1 is not a BeFS partition: exiting
Dec 14 18:24:17 debian os-prober: debug: running /usr/lib/os-probes/mounted/90linux-distro on mounted /dev/sdb1
Dec 14 18:24:17 debian os-prober: debug: running /usr/lib/os-probes/mounted/90solaris on mounted /dev/sdb1
Dec 14 18:26:20 debian kernel: [    0.000000] Linux version 5.10.0-30-amd64 (debian-kernel@lists.debian.org) (gcc-10 (Debian 10.2.1-6) 10.2.1 20210110, GNU ld (GNU Binutils for Debian) 2.35.2) #1 SMP Debian 5.10.218-1 (2024-06-01)
Dec 14 18:26:20 debian kernel: [    0.000000] Command line: BOOT_IMAGE=/boot/vmlinuz-5.10.0-30-amd64 root=UUID=cd2cb4ca-39bd-4522-919c-e4ceb81b5ae8 ro quiet
Dec 14 18:26:20 debian kernel: [    0.000000] [Firmware Bug]: TSC doesn't count with P0 frequency!
Dec 14 18:26:20 debian kernel: [    0.000000] BIOS-provided physical RAM map:
Dec 14 18:26:20 debian kernel: [    0.000000] BIOS-e820: [mem 0x0000000000000000-0x000000000009fbff] usable
Dec 14 18:26:20 debian kernel: [    0.000000] BIOS-e820: [mem 0x000000000009fc00-0x000000000009ffff] reserved
Dec 14 18:26:20 debian kernel: [    0.000000] BIOS-e820: [mem 0x00000000000f0000-0x00000000000fffff] reserved
Dec 14 18:26:20 debian kernel: [    0.000000] BIOS-e820: [mem 0x0000000000100000-0x000000007ffeffff] usable
Dec 14 18:26:20 debian kernel: [    0.000000] BIOS-e820: [mem 0x000000007fff0000-0x000000007fffffff] ACPI data
Dec 14 18:26:20 debian kernel: [    0.000000] BIOS-e820: [mem 0x00000000fec00000-0x00000000fec00fff] reserved
Dec 14 18:26:20 debian kernel: [    0.000000] BIOS-e820: [mem 0x00000000fee00000-0x00000000fee00fff] reserved
Dec 14 18:26:20 debian kernel: [    0.000000] BIOS-e820: [mem 0x00000000fffc0000-0x00000000ffffffff] reserved
Dec 14 18:26:20 debian kernel: [    0.000000] NX (Execute Disable) protection: active
Dec 14 18:26:20 debian kernel: [    0.000000] SMBIOS 2.5 present.
Dec 14 18:26:20 debian kernel: [    0.000000] DMI: innotek GmbH VirtualBox/VirtualBox, BIOS VirtualBox 12/01/2006
Dec 14 18:26:20 debian kernel: [    0.000000] Hypervisor detected: KVM
Dec 14 18:26:20 debian kernel: [    0.000000] kvm-clock: Using msrs 4b564d01 and 4b564d00
Dec 14 18:26:20 debian kernel: [    0.000000] kvm-clock: cpu 0, msr 51801001, primary cpu clock
Dec 14 18:26:20 debian kernel: [    0.000000] kvm-clock: using sched offset of 5333194645 cycles
Dec 14 18:26:20 debian kernel: [    0.000002] clocksource: kvm-clock: mask: 0xffffffffffffffff max_cycles: 0x1cd42e4dffb, max_idle_ns: 881590591483 ns
Dec 14 18:26:20 debian kernel: [    0.000004] tsc: Detected 2096.060 MHz processor
Dec 14 18:26:20 debian kernel: [    0.001004] last_pfn = 0x7fff0 max_arch_pfn = 0x400000000
Dec 14 18:26:20 debian kernel: [    0.001077] x86/PAT: Configuration [0-7]: WB  WC  UC- UC  WB  WP  UC- WT  
Dec 14 18:26:20 debian kernel: [    0.005335] found SMP MP-table at [mem 0x0009fbf0-0x0009fbff]
Dec 14 18:26:20 debian kernel: [    0.052376] RAMDISK: [mem 0x3483d000-0x36415fff]
Dec 14 18:26:20 debian kernel: [    0.052382] ACPI: Early table checksum verification disabled
Dec 14 18:26:20 debian kernel: [    0.052386] ACPI: RSDP 0x00000000000E0000 000024 (v02 VBOX  )
Dec 14 18:26:20 debian kernel: [    0.052394] ACPI: XSDT 0x000000007FFF0030 00003C (v01 VBOX   VBOXXSDT 00000001 ASL  00000061)
Dec 14 18:26:20 debian kernel: [    0.052399] ACPI: FACP 0x000000007FFF00F0 0000F4 (v04 VBOX   VBOXFACP 00000001 ASL  00000061)
Dec 14 18:26:20 debian kernel: [    0.052403] ACPI: DSDT 0x000000007FFF0610 002353 (v02 VBOX   VBOXBIOS 00000002 INTL 20200925)
Dec 14 18:26:20 debian kernel: [    0.052406] ACPI: FACS 0x000000007FFF0200 000040
Dec 14 18:26:20 debian kernel: [    0.052408] ACPI: FACS 0x000000007FFF0200 000040
Dec 14 18:26:20 debian kernel: [    0.052410] ACPI: APIC 0x000000007FFF0240 00005C (v02 VBOX   VBOXAPIC 00000001 ASL  00000061)
Dec 14 18:26:20 debian kernel: [    0.052412] ACPI: SSDT 0x000000007FFF02A0 00036C (v01 VBOX   VBOXCPUT 00000002 INTL 20200925)
Dec 14 18:26:20 debian kernel: [    0.052414] ACPI: Reserving FACP table memory at [mem 0x7fff00f0-0x7fff01e3]
Dec 14 18:26:20 debian kernel: [    0.052415] ACPI: Reserving DSDT table memory at [mem 0x7fff0610-0x7fff2962]
Dec 14 18:26:20 debian kernel: [    0.052416] ACPI: Reserving FACS table memory at [mem 0x7fff0200-0x7fff023f]
Dec 14 18:26:20 debian kernel: [    0.052417] ACPI: Reserving FACS table memory at [mem 0x7fff0200-0x7fff023f]
Dec 14 18:26:20 debian kernel: [    0.052417] ACPI: Reserving APIC table memory at [mem 0x7fff0240-0x7fff029b]
Dec 14 18:26:20 debian kernel: [    0.052418] ACPI: Reserving SSDT table memory at [mem 0x7fff02a0-0x7fff060b]
Dec 14 18:26:20 debian kernel: [    0.052546] No NUMA configuration found
Dec 14 18:26:20 debian kernel: [    0.052547] Faking a node at [mem 0x0000000000000000-0x000000007ffeffff]
Dec 14 18:26:20 debian kernel: [    0.052555] NODE_DATA(0) allocated [mem 0x7ffc6000-0x7ffeffff]
Dec 14 18:26:20 debian kernel: [    0.052829] Zone ranges:
Dec 14 18:26:20 debian kernel: [    0.052830]   DMA      [mem 0x0000000000001000-0x0000000000ffffff]
Dec 14 18:26:20 debian kernel: [    0.052831]   DMA32    [mem 0x0000000001000000-0x000000007ffeffff]
Dec 14 18:26:20 debian kernel: [    0.052832]   Normal   empty
Dec 14 18:26:20 debian kernel: [    0.052833]   Device   empty
Dec 14 18:26:20 debian kernel: [    0.052834] Movable zone start for each node
Dec 14 18:26:20 debian kernel: [    0.052837] Early memory node ranges
Dec 14 18:26:20 debian kernel: [    0.052837]   node   0: [mem 0x0000000000001000-0x000000000009efff]
Dec 14 18:26:20 debian kernel: [    0.052838]   node   0: [mem 0x0000000000100000-0x000000007ffeffff]
Dec 14 18:26:20 debian kernel: [    0.052839] Initmem setup node 0 [mem 0x0000000000001000-0x000000007ffeffff]
Dec 14 18:26:20 debian kernel: [    0.053140] On node 0, zone DMA: 1 pages in unavailable ranges
Dec 14 18:26:20 debian kernel: [    0.053178] On node 0, zone DMA: 97 pages in unavailable ranges
Dec 14 18:26:20 debian kernel: [    0.053809] On node 0, zone DMA32: 16 pages in unavailable ranges
Dec 14 18:26:20 debian kernel: [    0.054055] ACPI: PM-Timer IO Port: 0x4008
Dec 14 18:26:20 debian kernel: [    0.054121] IOAPIC[0]: apic_id 2, version 32, address 0xfec00000, GSI 0-23
Dec 14 18:26:20 debian kernel: [    0.054124] ACPI: INT_SRC_OVR (bus 0 bus_irq 0 global_irq 2 dfl dfl)
Dec 14 18:26:20 debian kernel: [    0.054125] ACPI: INT_SRC_OVR (bus 0 bus_irq 9 global_irq 9 low level)
Dec 14 18:26:20 debian kernel: [    0.054128] Using ACPI (MADT) for SMP configuration information
Dec 14 18:26:20 debian kernel: [    0.054136] smpboot: Allowing 2 CPUs, 0 hotplug CPUs
Dec 14 18:26:20 debian kernel: [    0.054157] PM: hibernation: Registered nosave memory: [mem 0x00000000-0x00000fff]
Dec 14 18:26:20 debian kernel: [    0.054158] PM: hibernation: Registered nosave memory: [mem 0x0009f000-0x0009ffff]
Dec 14 18:26:20 debian kernel: [    0.054164] PM: hibernation: Registered nosave memory: [mem 0x000a0000-0x000effff]
Dec 14 18:26:20 debian kernel: [    0.054164] PM: hibernation: Registered nosave memory: [mem 0x000f0000-0x000fffff]
Dec 14 18:26:20 debian kernel: [    0.054166] [mem 0x80000000-0xfebfffff] available for PCI devices
Dec 14 18:26:20 debian kernel: [    0.054167] Booting paravirtualized kernel on KVM
Dec 14 18:26:20 debian kernel: [    0.054169] clocksource: refined-jiffies: mask: 0xffffffff max_cycles: 0xffffffff, max_idle_ns: 7645519600211568 ns
Dec 14 18:26:20 debian kernel: [    0.057520] setup_percpu: NR_CPUS:8192 nr_cpumask_bits:2 nr_cpu_ids:2 nr_node_ids:1
Dec 14 18:26:20 debian kernel: [    0.057888] percpu: Embedded 63 pages/cpu s221184 r8192 d28672 u1048576
Dec 14 18:26:20 debian kernel: [    0.057913] kvm-guest: PV spinlocks enabled
Dec 14 18:26:20 debian kernel: [    0.057916] PV qspinlock hash table entries: 256 (order: 0, 4096 bytes, linear)
Dec 14 18:26:20 debian kernel: [    0.057925] Built 1 zonelists, mobility grouping on.  Total pages: 515961
Dec 14 18:26:20 debian kernel: [    0.057926] Policy zone: DMA32
Dec 14 18:26:20 debian kernel: [    0.057927] Kernel command line: BOOT_IMAGE=/boot/vmlinuz-5.10.0-30-amd64 root=UUID=cd2cb4ca-39bd-4522-919c-e4ceb81b5ae8 ro quiet
Dec 14 18:26:20 debian kernel: [    0.058331] Dentry cache hash table entries: 262144 (order: 9, 2097152 bytes, linear)
Dec 14 18:26:20 debian kernel: [    0.058446] Inode-cache hash table entries: 131072 (order: 8, 1048576 bytes, linear)
Dec 14 18:26:20 debian kernel: [    0.058473] mem auto-init: stack:off, heap alloc:on, heap free:off
Dec 14 18:26:20 debian kernel: [    0.060134] Memory: 261408K/2096696K available (12295K kernel code, 2537K rwdata, 7592K rodata, 2672K init, 17708K bss, 114388K reserved, 0K cma-reserved)
Dec 14 18:26:20 debian kernel: [    0.060744] SLUB: HWalign=64, Order=0-3, MinObjects=0, CPUs=2, Nodes=1
Dec 14 18:26:20 debian kernel: [    0.060810] ftrace: allocating 36669 entries in 144 pages
Dec 14 18:26:20 debian kernel: [    0.074330] ftrace: allocated 144 pages with 2 groups
Dec 14 18:26:20 debian kernel: [    0.074506] rcu: Hierarchical RCU implementation.
Dec 14 18:26:20 debian kernel: [    0.074506] rcu: 	RCU restricting CPUs from NR_CPUS=8192 to nr_cpu_ids=2.
Dec 14 18:26:20 debian kernel: [    0.074507] 	Rude variant of Tasks RCU enabled.
Dec 14 18:26:20 debian kernel: [    0.074508] 	Tracing variant of Tasks RCU enabled.
Dec 14 18:26:20 debian kernel: [    0.074508] rcu: RCU calculated value of scheduler-enlistment delay is 25 jiffies.
Dec 14 18:26:20 debian kernel: [    0.074509] rcu: Adjusting geometry for rcu_fanout_leaf=16, nr_cpu_ids=2
Dec 14 18:26:20 debian kernel: [    0.078153] NR_IRQS: 524544, nr_irqs: 440, preallocated irqs: 16
Dec 14 18:26:20 debian kernel: [    0.078442] random: crng init done
Dec 14 18:26:20 debian kernel: [    0.088613] Console: colour VGA+ 80x25
Dec 14 18:26:20 debian kernel: [    0.088623] printk: console [tty0] enabled
Dec 14 18:26:20 debian kernel: [    0.088655] ACPI: Core revision 20200925
Dec 14 18:26:20 debian kernel: [    0.088764] APIC: Switch to symmetric I/O mode setup
Dec 14 18:26:20 debian kernel: [    0.089024] x2apic enabled
Dec 14 18:26:20 debian kernel: [    0.089278] Switched APIC routing to physical x2apic.
Dec 14 18:26:20 debian kernel: [    0.090389] ..TIMER: vector=0x30 apic1=0 pin1=2 apic2=-1 pin2=-1
Dec 14 18:26:20 debian kernel: [    0.090417] clocksource: tsc-early: mask: 0xffffffffffffffff max_cycles: 0x1e36a685b69, max_idle_ns: 440795255641 ns
Dec 14 18:26:20 debian kernel: [    0.090422] Calibrating delay loop (skipped) preset value.. 4192.12 BogoMIPS (lpj=8384240)
Dec 14 18:26:20 debian kernel: [    0.090506] Last level iTLB entries: 4KB 1024, 2MB 1024, 4MB 512
Dec 14 18:26:20 debian kernel: [    0.090507] Last level dTLB entries: 4KB 2048, 2MB 2048, 4MB 1024, 1GB 0
Dec 14 18:26:20 debian kernel: [    0.090510] Spectre V1 : Mitigation: usercopy/swapgs barriers and __user pointer sanitization
Dec 14 18:26:20 debian kernel: [    0.090511] Spectre V2 : Mitigation: Retpolines
Dec 14 18:26:20 debian kernel: [    0.090511] Spectre V2 : Spectre v2 / SpectreRSB mitigation: Filling RSB on context switch
Dec 14 18:26:20 debian kernel: [    0.090512] Spectre V2 : Spectre v2 / SpectreRSB : Filling RSB on VMEXIT
Dec 14 18:26:20 debian kernel: [    0.090512] RETBleed: Mitigation: untrained return thunk
Dec 14 18:26:20 debian kernel: [    0.090513] Speculative Return Stack Overflow: IBPB-extending microcode not applied!
Dec 14 18:26:20 debian kernel: [    0.090514] Speculative Return Stack Overflow: WARNING: See https://kernel.org/doc/html/latest/admin-guide/hw-vuln/srso.html for mitigation options.
Dec 14 18:26:20 debian kernel: [    0.090514] Speculative Return Stack Overflow: Mitigation: safe RET, no microcode
Dec 14 18:26:20 debian kernel: [    0.090530] x86/fpu: Supporting XSAVE feature 0x001: 'x87 floating point registers'
Dec 14 18:26:20 debian kernel: [    0.090530] x86/fpu: Supporting XSAVE feature 0x002: 'SSE registers'
Dec 14 18:26:20 debian kernel: [    0.090531] x86/fpu: Supporting XSAVE feature 0x004: 'AVX registers'
Dec 14 18:26:20 debian kernel: [    0.090533] x86/fpu: xstate_offset[2]:  576, xstate_sizes[2]:  256
Dec 14 18:26:20 debian kernel: [    0.090533] x86/fpu: Enabled xstate features 0x7, context size is 832 bytes, using 'standard' format.
Dec 14 18:26:20 debian kernel: [    0.105629] Freeing SMP alternatives memory: 32K
Dec 14 18:26:20 debian kernel: [    0.107201] pid_max: default: 32768 minimum: 301
Dec 14 18:26:20 debian kernel: [    0.107247] LSM: Security Framework initializing
Dec 14 18:26:20 debian kernel: [    0.107260] Yama: disabled by default; enable with sysctl kernel.yama.*
Dec 14 18:26:20 debian kernel: [    0.107305] AppArmor: AppArmor initialized
Dec 14 18:26:20 debian kernel: [    0.107308] TOMOYO Linux initialized
Dec 14 18:26:20 debian kernel: [    0.107326] Mount-cache hash table entries: 4096 (order: 3, 32768 bytes, linear)
Dec 14 18:26:20 debian kernel: [    0.107330] Mountpoint-cache hash table entries: 4096 (order: 3, 32768 bytes, linear)
Dec 14 18:26:20 debian kernel: [    0.215152] smpboot: CPU0: AMD Ryzen 5 5500U with Radeon Graphics (family: 0x17, model: 0x68, stepping: 0x1)
Dec 14 18:26:20 debian kernel: [    0.215367] Performance Events: PMU not available due to virtualization, using software events only.
Dec 14 18:26:20 debian kernel: [    0.215418] rcu: Hierarchical SRCU implementation.
Dec 14 18:26:20 debian kernel: [    0.215794] NMI watchdog: Perf NMI watchdog permanently disabled
Dec 14 18:26:20 debian kernel: [    0.215861] smp: Bringing up secondary CPUs ...
Dec 14 18:26:20 debian kernel: [    0.215981] x86: Booting SMP configuration:
Dec 14 18:26:20 debian kernel: [    0.215983] .... node  #0, CPUs:      #1
Dec 14 18:26:20 debian kernel: [    0.015996] kvm-clock: cpu 1, msr 51801041, secondary cpu clock
Dec 14 18:26:20 debian kernel: [    0.218260] smp: Brought up 1 node, 2 CPUs
Dec 14 18:26:20 debian kernel: [    0.218260] smpboot: Max logical packages: 1
Dec 14 18:26:20 debian kernel: [    0.218260] smpboot: Total of 2 processors activated (8384.24 BogoMIPS)
Dec 14 18:26:20 debian kernel: [    0.222926] node 0 deferred pages initialised in 8ms
Dec 14 18:26:20 debian kernel: [    0.222994] devtmpfs: initialized
Dec 14 18:26:20 debian kernel: [    0.222994] x86/mm: Memory block size: 128MB
Dec 14 18:26:20 debian kernel: [    0.222994] clocksource: jiffies: mask: 0xffffffff max_cycles: 0xffffffff, max_idle_ns: 7645041785100000 ns
Dec 14 18:26:20 debian kernel: [    0.222994] futex hash table entries: 512 (order: 3, 32768 bytes, linear)
Dec 14 18:26:20 debian kernel: [    0.222994] pinctrl core: initialized pinctrl subsystem
Dec 14 18:26:20 debian kernel: [    0.222994] NET: Registered protocol family 16
Dec 14 18:26:20 debian kernel: [    0.223009] DMA: preallocated 256 KiB GFP_KERNEL pool for atomic allocations
Dec 14 18:26:20 debian kernel: [    0.223037] DMA: preallocated 256 KiB GFP_KERNEL|GFP_DMA pool for atomic allocations
Dec 14 18:26:20 debian kernel: [    0.223070] DMA: preallocated 256 KiB GFP_KERNEL|GFP_DMA32 pool for atomic allocations
Dec 14 18:26:20 debian kernel: [    0.223081] audit: initializing netlink subsys (disabled)
Dec 14 18:26:20 debian kernel: [    0.223091] audit: type=2000 audit(1765747582.632:1): state=initialized audit_enabled=0 res=1
Dec 14 18:26:20 debian kernel: [    0.223091] thermal_sys: Registered thermal governor 'fair_share'
Dec 14 18:26:20 debian kernel: [    0.223091] thermal_sys: Registered thermal governor 'bang_bang'
Dec 14 18:26:20 debian kernel: [    0.223091] thermal_sys: Registered thermal governor 'step_wise'
Dec 14 18:26:20 debian kernel: [    0.223091] thermal_sys: Registered thermal governor 'user_space'
Dec 14 18:26:20 debian kernel: [    0.223091] thermal_sys: Registered thermal governor 'power_allocator'
Dec 14 18:26:20 debian kernel: [    0.223091] cpuidle: using governor ladder
Dec 14 18:26:20 debian kernel: [    0.223091] cpuidle: using governor menu
Dec 14 18:26:20 debian kernel: [    0.223091] ACPI: bus type PCI registered
Dec 14 18:26:20 debian kernel: [    0.223091] acpiphp: ACPI Hot Plug PCI Controller Driver version: 0.5
Dec 14 18:26:20 debian kernel: [    0.223091] PCI: Using configuration type 1 for base access
Dec 14 18:26:20 debian kernel: [    0.223091] PCI: Using configuration type 1 for extended access
Dec 14 18:26:20 debian kernel: [    0.223819] Kprobes globally optimized
Dec 14 18:26:20 debian kernel: [    0.226445] HugeTLB registered 2.00 MiB page size, pre-allocated 0 pages
Dec 14 18:26:20 debian kernel: [    0.326537] ACPI: Added _OSI(Module Device)
Dec 14 18:26:20 debian kernel: [    0.326539] ACPI: Added _OSI(Processor Device)
Dec 14 18:26:20 debian kernel: [    0.326540] ACPI: Added _OSI(3.0 _SCP Extensions)
Dec 14 18:26:20 debian kernel: [    0.326541] ACPI: Added _OSI(Processor Aggregator Device)
Dec 14 18:26:20 debian kernel: [    0.326543] ACPI: Added _OSI(Linux-Dell-Video)
Dec 14 18:26:20 debian kernel: [    0.326544] ACPI: Added _OSI(Linux-Lenovo-NV-HDMI-Audio)
Dec 14 18:26:20 debian kernel: [    0.326546] ACPI: Added _OSI(Linux-HPI-Hybrid-Graphics)
Dec 14 18:26:20 debian kernel: [    0.329160] ACPI: 2 ACPI AML tables successfully acquired and loaded
Dec 14 18:26:20 debian kernel: [    0.331326] ACPI: Interpreter enabled
Dec 14 18:26:20 debian kernel: [    0.331337] ACPI: (supports S0 S5)
Dec 14 18:26:20 debian kernel: [    0.331339] ACPI: Using IOAPIC for interrupt routing
Dec 14 18:26:20 debian kernel: [    0.331589] PCI: Using host bridge windows from ACPI; if necessary, use "pci=nocrs" and report a bug
Dec 14 18:26:20 debian kernel: [    0.331704] ACPI: Enabled 2 GPEs in block 00 to 07
Dec 14 18:26:20 debian kernel: [    0.337073] ACPI: PCI Root Bridge [PCI0] (domain 0000 [bus 00-ff])
Dec 14 18:26:20 debian kernel: [    0.337078] acpi PNP0A03:00: _OSC: OS supports [ExtendedConfig ASPM ClockPM Segments MSI HPX-Type3]
Dec 14 18:26:20 debian kernel: [    0.338142] acpi PNP0A03:00: _OSC: platform does not support [PCIeCapability LTR]
Dec 14 18:26:20 debian kernel: [    0.338696] acpi PNP0A03:00: _OSC: not requesting control; platform does not support [PCIeCapability]
Dec 14 18:26:20 debian kernel: [    0.338698] acpi PNP0A03:00: _OSC: OS requested [PCIeHotplug SHPCHotplug PME AER PCIeCapability LTR]
Dec 14 18:26:20 debian kernel: [    0.338700] acpi PNP0A03:00: _OSC: platform willing to grant [PCIeHotplug SHPCHotplug PME AER]
Dec 14 18:26:20 debian kernel: [    0.338702] acpi PNP0A03:00: _OSC failed (AE_SUPPORT); disabling ASPM
Dec 14 18:26:20 debian kernel: [    0.338994] PCI host bridge to bus 0000:00
Dec 14 18:26:20 debian kernel: [    0.338997] pci_bus 0000:00: root bus resource [io  0x0000-0x0cf7 window]
Dec 14 18:26:20 debian kernel: [    0.338999] pci_bus 0000:00: root bus resource [io  0x0d00-0xffff window]
Dec 14 18:26:20 debian kernel: [    0.339000] pci_bus 0000:00: root bus resource [mem 0x000a0000-0x000bffff window]
Dec 14 18:26:20 debian kernel: [    0.339002] pci_bus 0000:00: root bus resource [mem 0x80000000-0xfdffffff window]
Dec 14 18:26:20 debian kernel: [    0.339003] pci_bus 0000:00: root bus resource [bus 00-ff]
Dec 14 18:26:20 debian kernel: [    0.339107] pci 0000:00:00.0: [8086:1237] type 00 class 0x060000
Dec 14 18:26:20 debian kernel: [    0.339506] pci 0000:00:01.0: [8086:7000] type 00 class 0x060100
Dec 14 18:26:20 debian kernel: [    0.339929] pci 0000:00:01.1: [8086:7111] type 00 class 0x01018a
Dec 14 18:26:20 debian kernel: [    0.340114] pci 0000:00:01.1: reg 0x20: [io  0xd000-0xd00f]
Dec 14 18:26:20 debian kernel: [    0.340190] pci 0000:00:01.1: legacy IDE quirk: reg 0x10: [io  0x01f0-0x01f7]
Dec 14 18:26:20 debian kernel: [    0.340191] pci 0000:00:01.1: legacy IDE quirk: reg 0x14: [io  0x03f6]
Dec 14 18:26:20 debian kernel: [    0.340192] pci 0000:00:01.1: legacy IDE quirk: reg 0x18: [io  0x0170-0x0177]
Dec 14 18:26:20 debian kernel: [    0.340194] pci 0000:00:01.1: legacy IDE quirk: reg 0x1c: [io  0x0376]
Dec 14 18:26:20 debian kernel: [    0.340377] pci 0000:00:02.0: [15ad:0405] type 00 class 0x030000
Dec 14 18:26:20 debian kernel: [    0.342647] pci 0000:00:02.0: reg 0x10: [io  0xd010-0xd01f]
Dec 14 18:26:20 debian kernel: [    0.343961] pci 0000:00:02.0: reg 0x14: [mem 0xe0000000-0xe0ffffff pref]
Dec 14 18:26:20 debian kernel: [    0.345268] pci 0000:00:02.0: reg 0x18: [mem 0xf0000000-0xf01fffff]
Dec 14 18:26:20 debian kernel: [    0.350419] pci 0000:00:03.0: [8086:100e] type 00 class 0x020000
Dec 14 18:26:20 debian kernel: [    0.350518] pci 0000:00:03.0: reg 0x10: [mem 0xf0200000-0xf021ffff]
Dec 14 18:26:20 debian kernel: [    0.352774] pci 0000:00:03.0: reg 0x18: [io  0xd020-0xd027]
Dec 14 18:26:20 debian kernel: [    0.358268] pci 0000:00:04.0: [80ee:cafe] type 00 class 0x088000
Dec 14 18:26:20 debian kernel: [    0.358514] pci 0000:00:04.0: reg 0x10: [io  0xd040-0xd05f]
Dec 14 18:26:20 debian kernel: [    0.359672] pci 0000:00:04.0: reg 0x14: [mem 0xf0400000-0xf07fffff]
Dec 14 18:26:20 debian kernel: [    0.360851] pci 0000:00:04.0: reg 0x18: [mem 0xf0800000-0xf0803fff pref]
Dec 14 18:26:20 debian kernel: [    0.365071] pci 0000:00:05.0: [8086:2415] type 00 class 0x040100
Dec 14 18:26:20 debian kernel: [    0.365142] pci 0000:00:05.0: reg 0x10: [io  0xd100-0xd1ff]
Dec 14 18:26:20 debian kernel: [    0.365177] pci 0000:00:05.0: reg 0x14: [io  0xd200-0xd23f]
Dec 14 18:26:20 debian kernel: [    0.365533] pci 0000:00:06.0: [106b:003f] type 00 class 0x0c0310
Dec 14 18:26:20 debian kernel: [    0.366513] pci 0000:00:06.0: reg 0x10: [mem 0xf0804000-0xf0804fff]
Dec 14 18:26:20 debian kernel: [    0.373075] pci 0000:00:07.0: [8086:7113] type 00 class 0x068000
Dec 14 18:26:20 debian kernel: [    0.373325] pci 0000:00:07.0: quirk: [io  0x4000-0x403f] claimed by PIIX4 ACPI
Dec 14 18:26:20 debian kernel: [    0.373332] pci 0000:00:07.0: quirk: [io  0x4100-0x410f] claimed by PIIX4 SMB
Dec 14 18:26:20 debian kernel: [    0.373579] pci 0000:00:0d.0: [8086:2829] type 00 class 0x010601
Dec 14 18:26:20 debian kernel: [    0.374509] pci 0000:00:0d.0: reg 0x10: [io  0xd240-0xd247]
Dec 14 18:26:20 debian kernel: [    0.375679] pci 0000:00:0d.0: reg 0x14: [io  0xd248-0xd24b]
Dec 14 18:26:20 debian kernel: [    0.376798] pci 0000:00:0d.0: reg 0x18: [io  0xd250-0xd257]
Dec 14 18:26:20 debian kernel: [    0.377963] pci 0000:00:0d.0: reg 0x1c: [io  0xd258-0xd25b]
Dec 14 18:26:20 debian kernel: [    0.378505] pci 0000:00:0d.0: reg 0x20: [io  0xd260-0xd26f]
Dec 14 18:26:20 debian kernel: [    0.379672] pci 0000:00:0d.0: reg 0x24: [mem 0xf0806000-0xf0807fff]
Dec 14 18:26:20 debian kernel: [    0.383329] ACPI: PCI Interrupt Link [LNKA] (IRQs 5 9 10 *11)
Dec 14 18:26:20 debian kernel: [    0.383642] ACPI: PCI Interrupt Link [LNKB] (IRQs 5 9 *10 11)
Dec 14 18:26:20 debian kernel: [    0.383734] ACPI: PCI Interrupt Link [LNKC] (IRQs 5 *9 10 11)
Dec 14 18:26:20 debian kernel: [    0.383825] ACPI: PCI Interrupt Link [LNKD] (IRQs 5 9 10 *11)
Dec 14 18:26:20 debian kernel: [    0.384034] iommu: Default domain type: Translated 
Dec 14 18:26:20 debian kernel: [    0.384067] pci 0000:00:02.0: vgaarb: setting as boot VGA device
Dec 14 18:26:20 debian kernel: [    0.384067] pci 0000:00:02.0: vgaarb: VGA device added: decodes=io+mem,owns=io+mem,locks=none
Dec 14 18:26:20 debian kernel: [    0.384067] pci 0000:00:02.0: vgaarb: bridge control possible
Dec 14 18:26:20 debian kernel: [    0.384067] vgaarb: loaded
Dec 14 18:26:20 debian kernel: [    0.384067] EDAC MC: Ver: 3.0.0
Dec 14 18:26:20 debian kernel: [    0.384067] NetLabel: Initializing
Dec 14 18:26:20 debian kernel: [    0.384067] NetLabel:  domain hash size = 128
Dec 14 18:26:20 debian kernel: [    0.384067] NetLabel:  protocols = UNLABELED CIPSOv4 CALIPSO
Dec 14 18:26:20 debian kernel: [    0.384067] NetLabel:  unlabeled traffic allowed by default
Dec 14 18:26:20 debian kernel: [    0.384067] PCI: Using ACPI for IRQ routing
Dec 14 18:26:20 debian kernel: [    0.384067] clocksource: Switched to clocksource kvm-clock
Dec 14 18:26:20 debian kernel: [    0.397266] VFS: Disk quotas dquot_6.6.0
Dec 14 18:26:20 debian kernel: [    0.397285] VFS: Dquot-cache hash table entries: 512 (order 0, 4096 bytes)
Dec 14 18:26:20 debian kernel: [    0.397459] AppArmor: AppArmor Filesystem Enabled
Dec 14 18:26:20 debian kernel: [    0.397482] pnp: PnP ACPI init
Dec 14 18:26:20 debian kernel: [    0.398299] pnp: PnP ACPI: found 2 devices
Dec 14 18:26:20 debian kernel: [    0.406340] clocksource: acpi_pm: mask: 0xffffff max_cycles: 0xffffff, max_idle_ns: 2085701024 ns
Dec 14 18:26:20 debian kernel: [    0.406418] NET: Registered protocol family 2
Dec 14 18:26:20 debian kernel: [    0.406474] IP idents hash table entries: 32768 (order: 6, 262144 bytes, linear)
Dec 14 18:26:20 debian kernel: [    0.407075] tcp_listen_portaddr_hash hash table entries: 1024 (order: 2, 16384 bytes, linear)
Dec 14 18:26:20 debian kernel: [    0.407123] TCP established hash table entries: 16384 (order: 5, 131072 bytes, linear)
Dec 14 18:26:20 debian kernel: [    0.407164] TCP bind hash table entries: 16384 (order: 6, 262144 bytes, linear)
Dec 14 18:26:20 debian kernel: [    0.407186] TCP: Hash tables configured (established 16384 bind 16384)
Dec 14 18:26:20 debian kernel: [    0.407237] UDP hash table entries: 1024 (order: 3, 32768 bytes, linear)
Dec 14 18:26:20 debian kernel: [    0.407244] UDP-Lite hash table entries: 1024 (order: 3, 32768 bytes, linear)
Dec 14 18:26:20 debian kernel: [    0.407280] NET: Registered protocol family 1
Dec 14 18:26:20 debian kernel: [    0.407294] NET: Registered protocol family 44
Dec 14 18:26:20 debian kernel: [    0.407307] pci_bus 0000:00: resource 4 [io  0x0000-0x0cf7 window]
Dec 14 18:26:20 debian kernel: [    0.407309] pci_bus 0000:00: resource 5 [io  0x0d00-0xffff window]
Dec 14 18:26:20 debian kernel: [    0.407310] pci_bus 0000:00: resource 6 [mem 0x000a0000-0x000bffff window]
Dec 14 18:26:20 debian kernel: [    0.407312] pci_bus 0000:00: resource 7 [mem 0x80000000-0xfdffffff window]
Dec 14 18:26:20 debian kernel: [    0.407359] pci 0000:00:00.0: Limiting direct PCI/PCI transfers
Dec 14 18:26:20 debian kernel: [    0.407366] pci 0000:00:01.0: Activating ISA DMA hang workarounds
Dec 14 18:26:20 debian kernel: [    0.407395] pci 0000:00:02.0: Video device with shadowed ROM at [mem 0x000c0000-0x000dffff]
Dec 14 18:26:20 debian kernel: [    0.408952] PCI: CLS 0 bytes, default 64
Dec 14 18:26:20 debian kernel: [    0.409016] Trying to unpack rootfs image as initramfs...
Dec 14 18:26:20 debian kernel: [    0.773586] Freeing initrd memory: 28516K
Dec 14 18:26:20 debian kernel: [    0.773651] clocksource: tsc: mask: 0xffffffffffffffff max_cycles: 0x1e36a685b69, max_idle_ns: 440795255641 ns
Dec 14 18:26:20 debian kernel: [    0.773691] clocksource: Switched to clocksource tsc
Dec 14 18:26:20 debian kernel: [    0.773738] platform rtc_cmos: registered platform RTC device (no PNP device found)
Dec 14 18:26:20 debian kernel: [    0.774186] Initialise system trusted keyrings
Dec 14 18:26:20 debian kernel: [    0.774215] Key type blacklist registered
Dec 14 18:26:20 debian kernel: [    0.774304] workingset: timestamp_bits=36 max_order=19 bucket_order=0
Dec 14 18:26:20 debian kernel: [    0.776669] zbud: loaded
Dec 14 18:26:20 debian kernel: [    0.776888] integrity: Platform Keyring initialized
Dec 14 18:26:20 debian kernel: [    0.776891] Key type asymmetric registered
Dec 14 18:26:20 debian kernel: [    0.776892] Asymmetric key parser 'x509' registered
Dec 14 18:26:20 debian kernel: [    0.776905] Block layer SCSI generic (bsg) driver version 0.4 loaded (major 251)
Dec 14 18:26:20 debian kernel: [    0.776973] io scheduler mq-deadline registered
Dec 14 18:26:20 debian kernel: [    0.777481] shpchp: Standard Hot Plug PCI Controller Driver version: 0.4
Dec 14 18:26:20 debian kernel: [    0.777812] Serial: 8250/16550 driver, 4 ports, IRQ sharing enabled
Dec 14 18:26:20 debian kernel: [    0.778246] Linux agpgart interface v0.103
Dec 14 18:26:20 debian kernel: [    0.778327] AMD-Vi: AMD IOMMUv2 functionality not available on this system - This is not a bug.
Dec 14 18:26:20 debian kernel: [    0.778531] i8042: PNP: PS/2 Controller [PNP0303:PS2K,PNP0f03:PS2M] at 0x60,0x64 irq 1,12
Dec 14 18:26:20 debian kernel: [    0.778951] serio: i8042 KBD port at 0x60,0x64 irq 1
Dec 14 18:26:20 debian kernel: [    0.778955] serio: i8042 AUX port at 0x60,0x64 irq 12
Dec 14 18:26:20 debian kernel: [    0.779112] mousedev: PS/2 mouse device common for all mice
Dec 14 18:26:20 debian kernel: [    0.779287] input: AT Translated Set 2 keyboard as /devices/platform/i8042/serio0/input/input0
Dec 14 18:26:20 debian kernel: [    0.779672] rtc_cmos rtc_cmos: registered as rtc0
Dec 14 18:26:20 debian kernel: [    0.779712] rtc_cmos rtc_cmos: setting system clock to 2025-12-14T21:26:18 UTC (1765747578)
Dec 14 18:26:20 debian kernel: [    0.779762] rtc_cmos rtc_cmos: alarms up to one day, 114 bytes nvram
Dec 14 18:26:20 debian kernel: [    0.779807] ledtrig-cpu: registered to indicate activity on CPUs
Dec 14 18:26:20 debian kernel: [    0.780071] NET: Registered protocol family 10
Dec 14 18:26:20 debian kernel: [    0.786793] Segment Routing with IPv6
Dec 14 18:26:20 debian kernel: [    0.786821] mip6: Mobile IPv6
Dec 14 18:26:20 debian kernel: [    0.786824] NET: Registered protocol family 17
Dec 14 18:26:20 debian kernel: [    0.786874] mpls_gso: MPLS GSO support
Dec 14 18:26:20 debian kernel: [    0.787029] IPI shorthand broadcast: enabled
Dec 14 18:26:20 debian kernel: [    0.787051] sched_clock: Marking stable (774995050, 11996677)->(791746396, -4754669)
Dec 14 18:26:20 debian kernel: [    0.787156] registered taskstats version 1
Dec 14 18:26:20 debian kernel: [    0.787159] Loading compiled-in X.509 certificates
Dec 14 18:26:20 debian kernel: [    0.809497] Loaded X.509 cert 'Debian Secure Boot CA: 6ccece7e4c6c0d1f6149f3dd27dfcc5cbb419ea1'
Dec 14 18:26:20 debian kernel: [    0.809517] Loaded X.509 cert 'Debian Secure Boot Signer 2022 - linux: 14011249c2675ea8e5148542202005810584b25f'
Dec 14 18:26:20 debian kernel: [    0.809546] zswap: loaded using pool lzo/zbud
Dec 14 18:26:20 debian kernel: [    0.809849] Key type .fscrypt registered
Dec 14 18:26:20 debian kernel: [    0.809850] Key type fscrypt-provisioning registered
Dec 14 18:26:20 debian kernel: [    0.809892] AppArmor: AppArmor sha1 policy hashing enabled
Dec 14 18:26:20 debian kernel: [    0.810033] clk: Disabling unused clocks
Dec 14 18:26:20 debian kernel: [    0.812074] Freeing unused decrypted memory: 2036K
Dec 14 18:26:20 debian kernel: [    0.812648] Freeing unused kernel image (initmem) memory: 2672K
Dec 14 18:26:20 debian kernel: [    0.824065] Write protecting the kernel read-only data: 22528k
Dec 14 18:26:20 debian kernel: [    0.825863] Freeing unused kernel image (text/rodata gap) memory: 2040K
Dec 14 18:26:20 debian kernel: [    0.826139] Freeing unused kernel image (rodata/data gap) memory: 600K
Dec 14 18:26:20 debian kernel: [    0.887558] x86/mm: Checked W+X mappings: passed, no W+X pages found.
Dec 14 18:26:20 debian kernel: [    0.887568] Run /init as init process
Dec 14 18:26:20 debian kernel: [    0.949371] battery: ACPI: Battery Slot [BAT0] (battery present)
Dec 14 18:26:20 debian kernel: [    0.951929] ACPI: Video Device [GFX0] (multi-head: yes  rom: no  post: no)
Dec 14 18:26:20 debian kernel: [    0.952729] input: Video Bus as /devices/LNXSYSTM:00/LNXSYBUS:00/PNP0A03:00/LNXVIDEO:00/input/input2
Dec 14 18:26:20 debian kernel: [    0.953954] piix4_smbus 0000:00:07.0: SMBus Host Controller at 0x4100, revision 0
Dec 14 18:26:20 debian kernel: [    0.972441] e1000: Intel(R) PRO/1000 Network Driver
Dec 14 18:26:20 debian kernel: [    0.972443] e1000: Copyright (c) 1999-2006 Intel Corporation.
Dec 14 18:26:20 debian kernel: [    0.972499] SCSI subsystem initialized
Dec 14 18:26:20 debian kernel: [    0.974260] ACPI: bus type USB registered
Dec 14 18:26:20 debian kernel: [    0.974284] usbcore: registered new interface driver usbfs
Dec 14 18:26:20 debian kernel: [    0.974293] usbcore: registered new interface driver hub
Dec 14 18:26:20 debian kernel: [    0.974311] usbcore: registered new device driver usb
Dec 14 18:26:20 debian kernel: [    0.977869] ehci_hcd: USB 2.0 'Enhanced' Host Controller (EHCI) Driver
Dec 14 18:26:20 debian kernel: [    0.986147] ohci_hcd: USB 1.1 'Open' Host Controller (OHCI) Driver
Dec 14 18:26:20 debian kernel: [    0.986771] ehci-pci: EHCI PCI platform driver
Dec 14 18:26:20 debian kernel: [    0.987355] ohci-pci: OHCI PCI platform driver
Dec 14 18:26:20 debian kernel: [    0.988107] ohci-pci 0000:00:06.0: OHCI PCI host controller
Dec 14 18:26:20 debian kernel: [    0.988114] ohci-pci 0000:00:06.0: new USB bus registered, assigned bus number 1
Dec 14 18:26:20 debian kernel: [    0.988188] ohci-pci 0000:00:06.0: irq 22, io mem 0xf0804000
Dec 14 18:26:20 debian kernel: [    0.995622] scsi host0: ata_piix
Dec 14 18:26:20 debian kernel: [    0.995667] ahci 0000:00:0d.0: SSS flag set, parallel bus scan disabled
Dec 14 18:26:20 debian kernel: [    0.995819] ahci 0000:00:0d.0: AHCI 0001.0100 32 slots 2 ports 3 Gbps 0x3 impl SATA mode
Dec 14 18:26:20 debian kernel: [    0.995821] ahci 0000:00:0d.0: flags: 64bit ncq stag only ccc 
Dec 14 18:26:20 debian kernel: [    0.996049] scsi host1: ata_piix
Dec 14 18:26:20 debian kernel: [    0.996101] ata1: PATA max UDMA/33 cmd 0x1f0 ctl 0x3f6 bmdma 0xd000 irq 14
Dec 14 18:26:20 debian kernel: [    0.996103] ata2: PATA max UDMA/33 cmd 0x170 ctl 0x376 bmdma 0xd008 irq 15
Dec 14 18:26:20 debian kernel: [    0.996332] scsi host2: ahci
Dec 14 18:26:20 debian kernel: [    0.996482] scsi host3: ahci
Dec 14 18:26:20 debian kernel: [    0.996553] ata3: SATA max UDMA/133 abar m8192@0xf0806000 port 0xf0806100 irq 21
Dec 14 18:26:20 debian kernel: [    0.996557] ata4: SATA max UDMA/133 abar m8192@0xf0806000 port 0xf0806180 irq 21
Dec 14 18:26:20 debian kernel: [    1.048528] usb usb1: New USB device found, idVendor=1d6b, idProduct=0001, bcdDevice= 5.10
Dec 14 18:26:20 debian kernel: [    1.048533] usb usb1: New USB device strings: Mfr=3, Product=2, SerialNumber=1
Dec 14 18:26:20 debian kernel: [    1.048537] usb usb1: Product: OHCI PCI host controller
Dec 14 18:26:20 debian kernel: [    1.048539] usb usb1: Manufacturer: Linux 5.10.0-30-amd64 ohci_hcd
Dec 14 18:26:20 debian kernel: [    1.048542] usb usb1: SerialNumber: 0000:00:06.0
Dec 14 18:26:20 debian kernel: [    1.049023] hub 1-0:1.0: USB hub found
Dec 14 18:26:20 debian kernel: [    1.049164] hub 1-0:1.0: 12 ports detected
Dec 14 18:26:20 debian kernel: [    1.179486] input: ImExPS/2 Generic Explorer Mouse as /devices/platform/i8042/serio1/input/input3
Dec 14 18:26:20 debian kernel: [    1.319253] ata3: SATA link up 3.0 Gbps (SStatus 123 SControl 300)
Dec 14 18:26:20 debian kernel: [    1.319339] ata3.00: ATA-6: VBOX HARDDISK, 1.0, max UDMA/133
Dec 14 18:26:20 debian kernel: [    1.319341] ata3.00: 20971520 sectors, multi 128: LBA48 NCQ (depth 32)
Dec 14 18:26:20 debian kernel: [    1.319445] ata3.00: configured for UDMA/133
Dec 14 18:26:20 debian kernel: [    1.319599] scsi 2:0:0:0: Direct-Access     ATA      VBOX HARDDISK    1.0  PQ: 0 ANSI: 5
Dec 14 18:26:20 debian kernel: [    1.324177] e1000 0000:00:03.0 eth0: (PCI:33MHz:32-bit) 08:00:27:06:89:83
Dec 14 18:26:20 debian kernel: [    1.324182] e1000 0000:00:03.0 eth0: Intel(R) PRO/1000 Network Connection
Dec 14 18:26:20 debian kernel: [    1.352167] usb 1-1: new full-speed USB device number 2 using ohci-pci
Dec 14 18:26:20 debian kernel: [    1.634597] ata4: SATA link up 3.0 Gbps (SStatus 123 SControl 300)
Dec 14 18:26:20 debian kernel: [    1.634799] ata4.00: ATA-6: VBOX HARDDISK, 1.0, max UDMA/133
Dec 14 18:26:20 debian kernel: [    1.634802] ata4.00: 16777216 sectors, multi 128: LBA48 NCQ (depth 32)
Dec 14 18:26:20 debian kernel: [    1.635012] ata4.00: configured for UDMA/133
Dec 14 18:26:20 debian kernel: [    1.635421] scsi 3:0:0:0: Direct-Access     ATA      VBOX HARDDISK    1.0  PQ: 0 ANSI: 5
Dec 14 18:26:20 debian kernel: [    1.637288] e1000 0000:00:03.0 enp0s3: renamed from eth0
Dec 14 18:26:20 debian kernel: [    1.644214] sd 2:0:0:0: [sda] 20971520 512-byte logical blocks: (10.7 GB/10.0 GiB)
Dec 14 18:26:20 debian kernel: [    1.644225] sd 2:0:0:0: [sda] Write Protect is off
Dec 14 18:26:20 debian kernel: [    1.644240] sd 2:0:0:0: [sda] Write cache: enabled, read cache: enabled, doesn't support DPO or FUA
Dec 14 18:26:20 debian kernel: [    1.645975] sd 3:0:0:0: [sdb] 16777216 512-byte logical blocks: (8.59 GB/8.00 GiB)
Dec 14 18:26:20 debian kernel: [    1.645999] sd 3:0:0:0: [sdb] Write Protect is off
Dec 14 18:26:20 debian kernel: [    1.646024] sd 3:0:0:0: [sdb] Write cache: enabled, read cache: enabled, doesn't support DPO or FUA
Dec 14 18:26:20 debian kernel: [    1.656765] usb 1-1: New USB device found, idVendor=80ee, idProduct=0021, bcdDevice= 1.00
Dec 14 18:26:20 debian kernel: [    1.656768] usb 1-1: New USB device strings: Mfr=1, Product=3, SerialNumber=0
Dec 14 18:26:20 debian kernel: [    1.656770] usb 1-1: Product: USB Tablet
Dec 14 18:26:20 debian kernel: [    1.656771] usb 1-1: Manufacturer: VirtualBox
Dec 14 18:26:20 debian kernel: [    1.662996]  sdb: sdb1
Dec 14 18:26:20 debian kernel: [    1.663069]  sda: sda1 sda2 < sda5 >
Dec 14 18:26:20 debian kernel: [    1.665983] hid: raw HID events driver (C) Jiri Kosina
Dec 14 18:26:20 debian kernel: [    1.680558] sd 3:0:0:0: [sdb] Attached SCSI disk
Dec 14 18:26:20 debian kernel: [    1.680598] sd 2:0:0:0: [sda] Attached SCSI disk
Dec 14 18:26:20 debian kernel: [    1.694709] usbcore: registered new interface driver usbhid
Dec 14 18:26:20 debian kernel: [    1.694711] usbhid: USB HID core driver
Dec 14 18:26:20 debian kernel: [    1.697576] input: VirtualBox USB Tablet as /devices/pci0000:00/0000:00:06.0/usb1/1-1/1-1:1.0/0003:80EE:0021.0001/input/input4
Dec 14 18:26:20 debian kernel: [    1.699968] hid-generic 0003:80EE:0021.0001: input,hidraw0: USB HID v1.10 Mouse [VirtualBox USB Tablet] on usb-0000:00:06.0-1/input0
Dec 14 18:26:20 debian kernel: [    1.822275] EXT4-fs (sda1): mounted filesystem with ordered data mode. Opts: (null)
Dec 14 18:26:20 debian kernel: [    1.863082] Not activating Mandatory Access Control as /sbin/tomoyo-init does not exist.
Dec 14 18:26:20 debian kernel: [    2.095729] fuse: init (API version 7.32)
Dec 14 18:26:20 debian kernel: [    2.119979] EXT4-fs (sda1): re-mounted. Opts: errors=remount-ro
Dec 14 18:26:20 debian kernel: [    2.125998] ACPI: bus type drm_connector registered
Dec 14 18:26:20 debian kernel: [    2.264779] input: Power Button as /devices/LNXSYSTM:00/LNXPWRBN:00/input/input5
Dec 14 18:26:20 debian kernel: [    2.273191] ACPI: AC Adapter [AC] (on-line)
Dec 14 18:26:20 debian kernel: [    2.280193] ACPI: Power Button [PWRF]
Dec 14 18:26:20 debian kernel: [    2.280279] input: Sleep Button as /devices/LNXSYSTM:00/LNXSLPBN:00/input/input6
Dec 14 18:26:20 debian kernel: [    2.280379] ACPI: Sleep Button [SLPF]
Dec 14 18:26:20 debian kernel: [    2.331154] vboxguest: host-version: 7.1.12r169651 0x8000000f
Dec 14 18:26:20 debian kernel: [    2.331531] vbg_heartbeat_init: Setting up heartbeat to trigger every 2000 milliseconds
Dec 14 18:26:20 debian kernel: [    2.331607] input: VirtualBox mouse integration as /devices/pci0000:00/0000:00:04.0/input/input7
Dec 14 18:26:20 debian kernel: [    2.332207] sd 2:0:0:0: Attached scsi generic sg0 type 0
Dec 14 18:26:20 debian kernel: [    2.332894] input: PC Speaker as /devices/platform/pcspkr/input/input8
Dec 14 18:26:20 debian kernel: [    2.334122] vboxguest: misc device minor 61, IRQ 20, I/O port d040, MMIO at 0x00000000f0400000 (size 0x0000000000400000)
Dec 14 18:26:20 debian kernel: [    2.334240] RAPL PMU: API unit is 2^-32 Joules, 1 fixed counters, 163840 ms ovfl timer
Dec 14 18:26:20 debian kernel: [    2.334242] RAPL PMU: hw unit of domain package 2^-16 Joules
Dec 14 18:26:20 debian kernel: [    2.334472] sd 3:0:0:0: Attached scsi generic sg1 type 0
Dec 14 18:26:20 debian kernel: [    2.342838] cryptd: max_cpu_qlen set to 1000
Dec 14 18:26:20 debian kernel: [    2.375508] AVX2 version of gcm_enc/dec engaged.
Dec 14 18:26:20 debian kernel: [    2.375515] AES CTR mode by8 optimization enabled
Dec 14 18:26:20 debian kernel: [    2.402285] [drm] DMA map mode: Caching DMA mappings.
Dec 14 18:26:20 debian kernel: [    2.402326] [drm] Capabilities:
Dec 14 18:26:20 debian kernel: [    2.402327] [drm]   Rect copy.
Dec 14 18:26:20 debian kernel: [    2.402328] [drm]   Cursor.
Dec 14 18:26:20 debian kernel: [    2.402328] [drm]   Cursor bypass.
Dec 14 18:26:20 debian kernel: [    2.402329] [drm]   Cursor bypass 2.
Dec 14 18:26:20 debian kernel: [    2.402330] [drm]   Alpha cursor.
Dec 14 18:26:20 debian kernel: [    2.402331] [drm]   Extended Fifo.
Dec 14 18:26:20 debian kernel: [    2.402331] [drm]   Pitchlock.
Dec 14 18:26:20 debian kernel: [    2.402332] [drm]   Irq mask.
Dec 14 18:26:20 debian kernel: [    2.402333] [drm]   GMR.
Dec 14 18:26:20 debian kernel: [    2.402334] [drm]   Traces.
Dec 14 18:26:20 debian kernel: [    2.402335] [drm]   GMR2.
Dec 14 18:26:20 debian kernel: [    2.402335] [drm]   Screen Object 2.
Dec 14 18:26:20 debian kernel: [    2.402336] [drm]   Command Buffers.
Dec 14 18:26:20 debian kernel: [    2.402337] [drm]   Guest Backed Resources.
Dec 14 18:26:20 debian kernel: [    2.402338] [drm] Max GMR ids is 8192
Dec 14 18:26:20 debian kernel: [    2.402339] [drm] Max number of GMR pages is 1048576
Dec 14 18:26:20 debian kernel: [    2.402340] [drm] Max dedicated hypervisor surface memory is 507904 kiB
Dec 14 18:26:20 debian kernel: [    2.402341] [drm] Maximum display memory size is 16384 kiB
Dec 14 18:26:20 debian kernel: [    2.402342] [drm] VRAM at 0xe0000000 size is 16384 kiB
Dec 14 18:26:20 debian kernel: [    2.402343] [drm] MMIO at 0xf0000000 size is 2048 kiB
Dec 14 18:26:20 debian kernel: [    2.405243] [TTM] Zone  kernel: Available graphics memory: 1009102 KiB
Dec 14 18:26:20 debian kernel: [    2.405246] [TTM] Initializing pool allocator
Dec 14 18:26:20 debian kernel: [    2.405312] [TTM] Initializing DMA pool allocator
Dec 14 18:26:20 debian kernel: [    2.443855] [drm] Screen Target Display device initialized
Dec 14 18:26:20 debian kernel: [    2.444118] [drm] width 720
Dec 14 18:26:20 debian kernel: [    2.444133] [drm] height 400
Dec 14 18:26:20 debian kernel: [    2.444136] [drm] bpp 32
Dec 14 18:26:20 debian kernel: [    2.444306] [drm] Fifo max 0x00200000 min 0x00001000 cap 0x00000355
Dec 14 18:26:20 debian kernel: [    2.445164] [drm] Using command buffers with DMA pool.
Dec 14 18:26:20 debian kernel: [    2.445171] [drm] Atomic: yes.
Dec 14 18:26:20 debian kernel: [    2.490896] EXT4-fs (sdb1): mounted filesystem with ordered data mode. Opts: (null)
Dec 14 18:26:20 debian kernel: [    2.493129] fbcon: svgadrmfb (fb0) is primary device
Dec 14 18:26:20 debian kernel: [    2.494812] Console: switching to colour frame buffer device 100x37
Dec 14 18:26:20 debian kernel: [    2.496257] Adding 2095100k swap on /dev/sda5.  Priority:-2 extents:1 across:2095100k FS
Dec 14 18:26:20 debian kernel: [    2.499173] [drm] Initialized vmwgfx 2.18.0 20200114 for 0000:00:02.0 on minor 0
Dec 14 18:26:20 debian kernel: [    2.585423] audit: type=1400 audit(1765747580.304:2): apparmor="STATUS" operation="profile_load" profile="unconfined" name="nvidia_modprobe" pid=368 comm="apparmor_parser"
Dec 14 18:26:20 debian kernel: [    2.585427] audit: type=1400 audit(1765747580.304:3): apparmor="STATUS" operation="profile_load" profile="unconfined" name="nvidia_modprobe//kmod" pid=368 comm="apparmor_parser"
Dec 14 18:26:20 debian kernel: [    2.587790] audit: type=1400 audit(1765747580.304:4): apparmor="STATUS" operation="profile_load" profile="unconfined" name="/usr/bin/man" pid=369 comm="apparmor_parser"
Dec 14 18:26:20 debian kernel: [    2.587794] audit: type=1400 audit(1765747580.304:5): apparmor="STATUS" operation="profile_load" profile="unconfined" name="man_filter" pid=369 comm="apparmor_parser"
Dec 14 18:26:20 debian kernel: [    2.587796] audit: type=1400 audit(1765747580.304:6): apparmor="STATUS" operation="profile_load" profile="unconfined" name="man_groff" pid=369 comm="apparmor_parser"
Dec 14 18:26:20 debian kernel: [    2.593816] audit: type=1400 audit(1765747580.308:7): apparmor="STATUS" operation="profile_load" profile="unconfined" name="lsb_release" pid=372 comm="apparmor_parser"
Dec 14 18:26:20 debian kernel: [    2.685819] snd_intel8x0 0000:00:05.0: allow list rate for 1028:0177 is 48000
Dec 14 18:26:20 debian rsyslogd: imuxsock: Acquired UNIX socket '/run/systemd/journal/syslog' (fd 3) from systemd.  [v8.2102.0]
Dec 14 18:26:20 debian rsyslogd: [origin software="rsyslogd" swVersion="8.2102.0" x-pid="405" x-info="https://www.rsyslog.com"] start
Dec 14 18:26:22 debian kernel: [    4.760449] e1000: enp0s3 NIC Link is Up 1000 Mbps Full Duplex, Flow Control: RX
Dec 14 18:26:22 debian kernel: [    4.760763] IPv6: ADDRCONF(NETDEV_CHANGE): enp0s3: link becomes ready
May 16 12:10:13 debian kernel: [    0.000000] Linux version 5.10.0-30-amd64 (debian-kernel@lists.debian.org) (gcc-10 (Debian 10.2.1-6) 10.2.1 20210110, GNU ld (GNU Binutils for Debian) 2.35.2) #1 SMP Debian 5.10.218-1 (2024-06-01)
May 16 12:10:13 debian kernel: [    0.000000] Command line: BOOT_IMAGE=/boot/vmlinuz-5.10.0-30-amd64 root=UUID=cd2cb4ca-39bd-4522-919c-e4ceb81b5ae8 ro quiet
May 16 12:10:13 debian kernel: [    0.000000] BIOS-provided physical RAM map:
May 16 12:10:13 debian kernel: [    0.000000] BIOS-e820: [mem 0x0000000000000000-0x000000000009fbff] usable
May 16 12:10:13 debian kernel: [    0.000000] BIOS-e820: [mem 0x000000000009fc00-0x000000000009ffff] reserved
May 16 12:10:13 debian kernel: [    0.000000] BIOS-e820: [mem 0x00000000000f0000-0x00000000000fffff] reserved
May 16 12:10:13 debian kernel: [    0.000000] BIOS-e820: [mem 0x0000000000100000-0x000000007ffeffff] usable
May 16 12:10:13 debian kernel: [    0.000000] BIOS-e820: [mem 0x000000007fff0000-0x000000007fffffff] ACPI data
May 16 12:10:13 debian kernel: [    0.000000] BIOS-e820: [mem 0x00000000fec00000-0x00000000fec00fff] reserved
May 16 12:10:13 debian kernel: [    0.000000] BIOS-e820: [mem 0x00000000fee00000-0x00000000fee00fff] reserved
May 16 12:10:13 debian kernel: [    0.000000] BIOS-e820: [mem 0x00000000fffc0000-0x00000000ffffffff] reserved
May 16 12:10:13 debian kernel: [    0.000000] NX (Execute Disable) protection: active
May 16 12:10:13 debian kernel: [    0.000000] SMBIOS 2.5 present.
May 16 12:10:13 debian kernel: [    0.000000] DMI: innotek GmbH VirtualBox/VirtualBox, BIOS VirtualBox 12/01/2006
May 16 12:10:13 debian kernel: [    0.000000] Hypervisor detected: KVM
May 16 12:10:13 debian kernel: [    0.000000] kvm-clock: Using msrs 4b564d01 and 4b564d00
May 16 12:10:13 debian kernel: [    0.000000] kvm-clock: cpu 0, msr 2a801001, primary cpu clock
May 16 12:10:13 debian kernel: [    0.000002] kvm-clock: using sched offset of 12505133305 cycles
May 16 12:10:13 debian kernel: [    0.000006] clocksource: kvm-clock: mask: 0xffffffffffffffff max_cycles: 0x1cd42e4dffb, max_idle_ns: 881590591483 ns
May 16 12:10:13 debian kernel: [    0.000011] tsc: Detected 2419.200 MHz processor
May 16 12:10:13 debian kernel: [    0.007527] last_pfn = 0x7fff0 max_arch_pfn = 0x400000000
May 16 12:10:13 debian kernel: [    0.007660] x86/PAT: Configuration [0-7]: WB  WC  UC- UC  WB  WP  UC- WT  
May 16 12:10:13 debian kernel: [    0.007671] CPU MTRRs all blank - virtualized system.
May 16 12:10:13 debian kernel: [    0.035537] found SMP MP-table at [mem 0x0009fbf0-0x0009fbff]
May 16 12:10:13 debian kernel: [    0.079100] RAMDISK: [mem 0x3483d000-0x36415fff]
May 16 12:10:13 debian kernel: [    0.079108] ACPI: Early table checksum verification disabled
May 16 12:10:13 debian kernel: [    0.079114] ACPI: RSDP 0x00000000000E0000 000024 (v02 VBOX  )
May 16 12:10:13 debian kernel: [    0.079121] ACPI: XSDT 0x000000007FFF0030 00003C (v01 VBOX   VBOXXSDT 00000001 ASL  00000061)
May 16 12:10:13 debian kernel: [    0.079130] ACPI: FACP 0x000000007FFF00F0 0000F4 (v04 VBOX   VBOXFACP 00000001 ASL  00000061)
May 16 12:10:13 debian kernel: [    0.079139] ACPI: DSDT 0x000000007FFF02F0 002353 (v02 VBOX   VBOXBIOS 00000002 VBOX 0002A122)
May 16 12:10:13 debian kernel: [    0.079145] ACPI: FACS 0x000000007FFF0200 000040
May 16 12:10:13 debian kernel: [    0.079150] ACPI: FACS 0x000000007FFF0200 000040
May 16 12:10:13 debian kernel: [    0.079155] ACPI: APIC 0x000000007FFF0240 00005C (v02 VBOX   VBOXAPIC 00000001 ASL  00000061)
May 16 12:10:13 debian kernel: [    0.079161] ACPI: SSDT 0x000000007FFF02A0 000045 (v01 VBOX   VBOXCPUT 00000002 VBOX 0002A122)
May 16 12:10:13 debian kernel: [    0.079168] ACPI: Reserving FACP table memory at [mem 0x7fff00f0-0x7fff01e3]
May 16 12:10:13 debian kernel: [    0.079170] ACPI: Reserving DSDT table memory at [mem 0x7fff02f0-0x7fff2642]
May 16 12:10:13 debian kernel: [    0.079172] ACPI: Reserving FACS table memory at [mem 0x7fff0200-0x7fff023f]
May 16 12:10:13 debian kernel: [    0.079173] ACPI: Reserving FACS table memory at [mem 0x7fff0200-0x7fff023f]
May 16 12:10:13 debian kernel: [    0.079175] ACPI: Reserving APIC table memory at [mem 0x7fff0240-0x7fff029b]
May 16 12:10:13 debian kernel: [    0.079176] ACPI: Reserving SSDT table memory at [mem 0x7fff02a0-0x7fff02e4]
May 16 12:10:13 debian kernel: [    0.081225] No NUMA configuration found
May 16 12:10:13 debian kernel: [    0.081227] Faking a node at [mem 0x0000000000000000-0x000000007ffeffff]
May 16 12:10:13 debian kernel: [    0.081239] NODE_DATA(0) allocated [mem 0x7ffc6000-0x7ffeffff]
May 16 12:10:13 debian kernel: [    0.081551] Zone ranges:
May 16 12:10:13 debian kernel: [    0.081552]   DMA      [mem 0x0000000000001000-0x0000000000ffffff]
May 16 12:10:13 debian kernel: [    0.081554]   DMA32    [mem 0x0000000001000000-0x000000007ffeffff]
May 16 12:10:13 debian kernel: [    0.081556]   Normal   empty
May 16 12:10:13 debian kernel: [    0.081557]   Device   empty
May 16 12:10:13 debian kernel: [    0.081559] Movable zone start for each node
May 16 12:10:13 debian kernel: [    0.081563] Early memory node ranges
May 16 12:10:13 debian kernel: [    0.081564]   node   0: [mem 0x0000000000001000-0x000000000009efff]
May 16 12:10:13 debian kernel: [    0.081566]   node   0: [mem 0x0000000000100000-0x000000007ffeffff]
May 16 12:10:13 debian kernel: [    0.081571] Initmem setup node 0 [mem 0x0000000000001000-0x000000007ffeffff]
