Dec  8 20:58:37 debian kernel: [  123.177917] Not activating Mandatory Access Control as /sbin/tomoyo-init does not exist.
Dec  8 21:06:54 debian rsyslogd: [origin software="rsyslogd" swVersion="8.2102.0" x-pid="413" x-info="https://www.rsyslog.com"] rsyslogd was HUPed
Dec  8 21:12:07 debian kernel: [    0.000000] Linux version 5.10.0-30-amd64 (debian-kernel@lists.debian.org) (gcc-10 (Debian 10.2.1-6) 10.2.1 20210110, GNU ld (GNU Binutils for Debian) 2.35.2) #1 SMP Debian 5.10.218-1 (2024-06-01)
Dec  8 21:12:07 debian kernel: [    0.000000] Command line: BOOT_IMAGE=/boot/vmlinuz-5.10.0-30-amd64 root=UUID=cd2cb4ca-39bd-4522-919c-e4ceb81b5ae8 ro quiet
Dec  8 21:12:07 debian kernel: [    0.000000] [Firmware Bug]: TSC doesn't count with P0 frequency!
Dec  8 21:12:07 debian kernel: [    0.000000] BIOS-provided physical RAM map:
Dec  8 21:12:07 debian kernel: [    0.000000] BIOS-e820: [mem 0x0000000000000000-0x000000000009fbff] usable
Dec  8 21:12:07 debian kernel: [    0.000000] BIOS-e820: [mem 0x000000000009fc00-0x000000000009ffff] reserved
Dec  8 21:12:07 debian kernel: [    0.000000] BIOS-e820: [mem 0x00000000000f0000-0x00000000000fffff] reserved
Dec  8 21:12:07 debian kernel: [    0.000000] BIOS-e820: [mem 0x0000000000100000-0x000000007ffeffff] usable
Dec  8 21:12:07 debian kernel: [    0.000000] BIOS-e820: [mem 0x000000007fff0000-0x000000007fffffff] ACPI data
Dec  8 21:12:07 debian kernel: [    0.000000] BIOS-e820: [mem 0x00000000fec00000-0x00000000fec00fff] reserved
Dec  8 21:12:07 debian kernel: [    0.000000] BIOS-e820: [mem 0x00000000fee00000-0x00000000fee00fff] reserved
Dec  8 21:12:07 debian kernel: [    0.000000] BIOS-e820: [mem 0x00000000fffc0000-0x00000000ffffffff] reserved
Dec  8 21:12:07 debian kernel: [    0.000000] NX (Execute Disable) protection: active
Dec  8 21:12:07 debian kernel: [    0.000000] SMBIOS 2.5 present.
Dec  8 21:12:07 debian kernel: [    0.000000] DMI: innotek GmbH VirtualBox/VirtualBox, BIOS VirtualBox 12/01/2006
Dec  8 21:12:07 debian kernel: [    0.000000] Hypervisor detected: KVM
Dec  8 21:12:07 debian kernel: [    0.000000] kvm-clock: Using msrs 4b564d01 and 4b564d00
Dec  8 21:12:07 debian kernel: [    0.000000] kvm-clock: cpu 0, msr 7b801001, primary cpu clock
Dec  8 21:12:07 debian kernel: [    0.000000] kvm-clock: using sched offset of 5032713811 cycles
Dec  8 21:12:07 debian kernel: [    0.000002] clocksource: kvm-clock: mask: 0xffffffffffffffff max_cycles: 0x1cd42e4dffb, max_idle_ns: 881590591483 ns
Dec  8 21:12:07 debian kernel: [    0.000004] tsc: Detected 2096.060 MHz processor
Dec  8 21:12:07 debian kernel: [    0.000991] last_pfn = 0x7fff0 max_arch_pfn = 0x400000000
Dec  8 21:12:07 debian kernel: [    0.001061] x86/PAT: Configuration [0-7]: WB  WC  UC- UC  WB  WP  UC- WT  
Dec  8 21:12:07 debian kernel: [    0.005223] found SMP MP-table at [mem 0x0009fbf0-0x0009fbff]
Dec  8 21:12:07 debian kernel: [    0.050579] RAMDISK: [mem 0x3483d000-0x36415fff]
Dec  8 21:12:07 debian kernel: [    0.050582] ACPI: Early table checksum verification disabled
Dec  8 21:12:07 debian kernel: [    0.050590] ACPI: RSDP 0x00000000000E0000 000024 (v02 VBOX  )
Dec  8 21:12:07 debian kernel: [    0.050593] ACPI: XSDT 0x000000007FFF0030 00003C (v01 VBOX   VBOXXSDT 00000001 ASL  00000061)
Dec  8 21:12:07 debian kernel: [    0.050598] ACPI: FACP 0x000000007FFF00F0 0000F4 (v04 VBOX   VBOXFACP 00000001 ASL  00000061)
Dec  8 21:12:07 debian kernel: [    0.050602] ACPI: DSDT 0x000000007FFF0610 002353 (v02 VBOX   VBOXBIOS 00000002 INTL 20200925)
Dec  8 21:12:07 debian kernel: [    0.050604] ACPI: FACS 0x000000007FFF0200 000040
Dec  8 21:12:07 debian kernel: [    0.050606] ACPI: FACS 0x000000007FFF0200 000040
Dec  8 21:12:07 debian kernel: [    0.050609] ACPI: APIC 0x000000007FFF0240 00005C (v02 VBOX   VBOXAPIC 00000001 ASL  00000061)
Dec  8 21:12:07 debian kernel: [    0.050611] ACPI: SSDT 0x000000007FFF02A0 00036C (v01 VBOX   VBOXCPUT 00000002 INTL 20200925)
Dec  8 21:12:07 debian kernel: [    0.050613] ACPI: Reserving FACP table memory at [mem 0x7fff00f0-0x7fff01e3]
Dec  8 21:12:07 debian kernel: [    0.050614] ACPI: Reserving DSDT table memory at [mem 0x7fff0610-0x7fff2962]
Dec  8 21:12:07 debian kernel: [    0.050615] ACPI: Reserving FACS table memory at [mem 0x7fff0200-0x7fff023f]
Dec  8 21:12:07 debian kernel: [    0.050615] ACPI: Reserving FACS table memory at [mem 0x7fff0200-0x7fff023f]
Dec  8 21:12:07 debian kernel: [    0.050616] ACPI: Reserving APIC table memory at [mem 0x7fff0240-0x7fff029b]
Dec  8 21:12:07 debian kernel: [    0.050617] ACPI: Reserving SSDT table memory at [mem 0x7fff02a0-0x7fff060b]
Dec  8 21:12:07 debian kernel: [    0.050744] No NUMA configuration found
Dec  8 21:12:07 debian kernel: [    0.050745] Faking a node at [mem 0x0000000000000000-0x000000007ffeffff]
Dec  8 21:12:07 debian kernel: [    0.050753] NODE_DATA(0) allocated [mem 0x7ffc6000-0x7ffeffff]
Dec  8 21:12:07 debian kernel: [    0.051035] Zone ranges:
Dec  8 21:12:07 debian kernel: [    0.051036]   DMA      [mem 0x0000000000001000-0x0000000000ffffff]
Dec  8 21:12:07 debian kernel: [    0.051037]   DMA32    [mem 0x0000000001000000-0x000000007ffeffff]
Dec  8 21:12:07 debian kernel: [    0.051038]   Normal   empty
Dec  8 21:12:07 debian kernel: [    0.051039]   Device   empty
Dec  8 21:12:07 debian kernel: [    0.051040] Movable zone start for each node
Dec  8 21:12:07 debian kernel: [    0.051043] Early memory node ranges
Dec  8 21:12:07 debian kernel: [    0.051043]   node   0: [mem 0x0000000000001000-0x000000000009efff]
Dec  8 21:12:07 debian kernel: [    0.051044]   node   0: [mem 0x0000000000100000-0x000000007ffeffff]
Dec  8 21:12:07 debian kernel: [    0.051046] Initmem setup node 0 [mem 0x0000000000001000-0x000000007ffeffff]
Dec  8 21:12:07 debian kernel: [    0.051337] On node 0, zone DMA: 1 pages in unavailable ranges
Dec  8 21:12:07 debian kernel: [    0.051363] On node 0, zone DMA: 97 pages in unavailable ranges
Dec  8 21:12:07 debian kernel: [    0.051850] On node 0, zone DMA32: 16 pages in unavailable ranges
Dec  8 21:12:07 debian kernel: [    0.052095] ACPI: PM-Timer IO Port: 0x4008
Dec  8 21:12:07 debian kernel: [    0.052154] IOAPIC[0]: apic_id 2, version 32, address 0xfec00000, GSI 0-23
Dec  8 21:12:07 debian kernel: [    0.052157] ACPI: INT_SRC_OVR (bus 0 bus_irq 0 global_irq 2 dfl dfl)
Dec  8 21:12:07 debian kernel: [    0.052158] ACPI: INT_SRC_OVR (bus 0 bus_irq 9 global_irq 9 low level)
Dec  8 21:12:07 debian kernel: [    0.052162] Using ACPI (MADT) for SMP configuration information
Dec  8 21:12:07 debian kernel: [    0.052168] smpboot: Allowing 2 CPUs, 0 hotplug CPUs
Dec  8 21:12:07 debian kernel: [    0.052196] PM: hibernation: Registered nosave memory: [mem 0x00000000-0x00000fff]
Dec  8 21:12:07 debian kernel: [    0.052197] PM: hibernation: Registered nosave memory: [mem 0x0009f000-0x0009ffff]
Dec  8 21:12:07 debian kernel: [    0.052198] PM: hibernation: Registered nosave memory: [mem 0x000a0000-0x000effff]
Dec  8 21:12:07 debian kernel: [    0.052198] PM: hibernation: Registered nosave memory: [mem 0x000f0000-0x000fffff]
Dec  8 21:12:07 debian kernel: [    0.052200] [mem 0x80000000-0xfebfffff] available for PCI devices
Dec  8 21:12:07 debian kernel: [    0.052201] Booting paravirtualized kernel on KVM
Dec  8 21:12:07 debian kernel: [    0.052204] clocksource: refined-jiffies: mask: 0xffffffff max_cycles: 0xffffffff, max_idle_ns: 7645519600211568 ns
Dec  8 21:12:07 debian kernel: [    0.055454] setup_percpu: NR_CPUS:8192 nr_cpumask_bits:2 nr_cpu_ids:2 nr_node_ids:1
Dec  8 21:12:07 debian kernel: [    0.055918] percpu: Embedded 63 pages/cpu s221184 r8192 d28672 u1048576
Dec  8 21:12:07 debian kernel: [    0.055942] kvm-guest: PV spinlocks enabled
Dec  8 21:12:07 debian kernel: [    0.055945] PV qspinlock hash table entries: 256 (order: 0, 4096 bytes, linear)
Dec  8 21:12:07 debian kernel: [    0.055953] Built 1 zonelists, mobility grouping on.  Total pages: 515961
Dec  8 21:12:07 debian kernel: [    0.055954] Policy zone: DMA32
Dec  8 21:12:07 debian kernel: [    0.055955] Kernel command line: BOOT_IMAGE=/boot/vmlinuz-5.10.0-30-amd64 root=UUID=cd2cb4ca-39bd-4522-919c-e4ceb81b5ae8 ro quiet
Dec  8 21:12:07 debian kernel: [    0.056362] Dentry cache hash table entries: 262144 (order: 9, 2097152 bytes, linear)
Dec  8 21:12:07 debian kernel: [    0.056477] Inode-cache hash table entries: 131072 (order: 8, 1048576 bytes, linear)
Dec  8 21:12:07 debian kernel: [    0.056503] mem auto-init: stack:off, heap alloc:on, heap free:off
Dec  8 21:12:07 debian kernel: [    0.058119] Memory: 261408K/2096696K available (12295K kernel code, 2537K rwdata, 7592K rodata, 2672K init, 17708K bss, 114388K reserved, 0K cma-reserved)
Dec  8 21:12:07 debian kernel: [    0.058718] SLUB: HWalign=64, Order=0-3, MinObjects=0, CPUs=2, Nodes=1
Dec  8 21:12:07 debian kernel: [    0.058782] ftrace: allocating 36669 entries in 144 pages
Dec  8 21:12:07 debian kernel: [    0.073795] ftrace: allocated 144 pages with 2 groups
Dec  8 21:12:07 debian kernel: [    0.073965] rcu: Hierarchical RCU implementation.
Dec  8 21:12:07 debian kernel: [    0.073966] rcu: 	RCU restricting CPUs from NR_CPUS=8192 to nr_cpu_ids=2.
Dec  8 21:12:07 debian kernel: [    0.073967] 	Rude variant of Tasks RCU enabled.
Dec  8 21:12:07 debian kernel: [    0.073967] 	Tracing variant of Tasks RCU enabled.
Dec  8 21:12:07 debian kernel: [    0.073968] rcu: RCU calculated value of scheduler-enlistment delay is 25 jiffies.
Dec  8 21:12:07 debian kernel: [    0.073969] rcu: Adjusting geometry for rcu_fanout_leaf=16, nr_cpu_ids=2
Dec  8 21:12:07 debian kernel: [    0.077568] NR_IRQS: 524544, nr_irqs: 440, preallocated irqs: 16
Dec  8 21:12:07 debian kernel: [    0.077909] random: crng init done
Dec  8 21:12:07 debian kernel: [    0.087827] Console: colour VGA+ 80x25
Dec  8 21:12:07 debian kernel: [    0.087835] printk: console [tty0] enabled
Dec  8 21:12:07 debian kernel: [    0.087847] ACPI: Core revision 20200925
Dec  8 21:12:07 debian kernel: [    0.087943] APIC: Switch to symmetric I/O mode setup
Dec  8 21:12:07 debian kernel: [    0.088196] x2apic enabled
Dec  8 21:12:07 debian kernel: [    0.088442] Switched APIC routing to physical x2apic.
Dec  8 21:12:07 debian kernel: [    0.089528] ..TIMER: vector=0x30 apic1=0 pin1=2 apic2=-1 pin2=-1
Dec  8 21:12:07 debian kernel: [    0.089552] clocksource: tsc-early: mask: 0xffffffffffffffff max_cycles: 0x1e36a685b69, max_idle_ns: 440795255641 ns
Dec  8 21:12:07 debian kernel: [    0.089556] Calibrating delay loop (skipped) preset value.. 4192.12 BogoMIPS (lpj=8384240)
Dec  8 21:12:07 debian kernel: [    0.089642] Last level iTLB entries: 4KB 1024, 2MB 1024, 4MB 512
Dec  8 21:12:07 debian kernel: [    0.089642] Last level dTLB entries: 4KB 2048, 2MB 2048, 4MB 1024, 1GB 0
Dec  8 21:12:07 debian kernel: [    0.089644] Spectre V1 : Mitigation: usercopy/swapgs barriers and __user pointer sanitization
Dec  8 21:12:07 debian kernel: [    0.089645] Spectre V2 : Mitigation: Retpolines
Dec  8 21:12:07 debian kernel: [    0.089650] Spectre V2 : Spectre v2 / SpectreRSB mitigation: Filling RSB on context switch
Dec  8 21:12:07 debian kernel: [    0.089650] Spectre V2 : Spectre v2 / SpectreRSB : Filling RSB on VMEXIT
Dec  8 21:12:07 debian kernel: [    0.089651] RETBleed: Mitigation: untrained return thunk
Dec  8 21:12:07 debian kernel: [    0.089652] Speculative Return Stack Overflow: IBPB-extending microcode not applied!
Dec  8 21:12:07 debian kernel: [    0.089652] Speculative Return Stack Overflow: WARNING: See https://kernel.org/doc/html/latest/admin-guide/hw-vuln/srso.html for mitigation options.
Dec  8 21:12:07 debian kernel: [    0.089653] Speculative Return Stack Overflow: Mitigation: safe RET, no microcode
Dec  8 21:12:07 debian kernel: [    0.089668] x86/fpu: Supporting XSAVE feature 0x001: 'x87 floating point registers'
Dec  8 21:12:07 debian kernel: [    0.089668] x86/fpu: Supporting XSAVE feature 0x002: 'SSE registers'
Dec  8 21:12:07 debian kernel: [    0.089669] x86/fpu: Supporting XSAVE feature 0x004: 'AVX registers'
Dec  8 21:12:07 debian kernel: [    0.089671] x86/fpu: xstate_offset[2]:  576, xstate_sizes[2]:  256
Dec  8 21:12:07 debian kernel: [    0.089671] x86/fpu: Enabled xstate features 0x7, context size is 832 bytes, using 'standard' format.
Dec  8 21:12:07 debian kernel: [    0.093554] Freeing SMP alternatives memory: 32K
Dec  8 21:12:07 debian kernel: [    0.093554] pid_max: default: 32768 minimum: 301
Dec  8 21:12:07 debian kernel: [    0.093554] LSM: Security Framework initializing
Dec  8 21:12:07 debian kernel: [    0.093554] Yama: disabled by default; enable with sysctl kernel.yama.*
Dec  8 21:12:07 debian kernel: [    0.093554] AppArmor: AppArmor initialized
Dec  8 21:12:07 debian kernel: [    0.093554] TOMOYO Linux initialized
Dec  8 21:12:07 debian kernel: [    0.093554] Mount-cache hash table entries: 4096 (order: 3, 32768 bytes, linear)
Dec  8 21:12:07 debian kernel: [    0.093554] Mountpoint-cache hash table entries: 4096 (order: 3, 32768 bytes, linear)
Dec  8 21:12:07 debian kernel: [    0.206368] APIC calibration not consistent with PM-Timer: 106ms instead of 100ms
Dec  8 21:12:07 debian kernel: [    0.206370] APIC delta adjusted to PM-Timer: 6386048 (6810044)
Dec  8 21:12:07 debian kernel: [    0.206430] smpboot: CPU0: AMD Ryzen 5 5500U with Radeon Graphics (family: 0x17, model: 0x68, stepping: 0x1)
Dec  8 21:12:07 debian kernel: [    0.206593] Performance Events: PMU not available due to virtualization, using software events only.
Dec  8 21:12:07 debian kernel: [    0.206634] rcu: Hierarchical SRCU implementation.
Dec  8 21:12:07 debian kernel: [    0.207000] NMI watchdog: Perf NMI watchdog permanently disabled
Dec  8 21:12:07 debian kernel: [    0.207068] smp: Bringing up secondary CPUs ...
Dec  8 21:12:07 debian kernel: [    0.207181] x86: Booting SMP configuration:
Dec  8 21:12:07 debian kernel: [    0.207182] .... node  #0, CPUs:      #1
Dec  8 21:12:07 debian kernel: [    0.015664] kvm-clock: cpu 1, msr 7b801041, secondary cpu clock
Dec  8 21:12:07 debian kernel: [    0.209554] smp: Brought up 1 node, 2 CPUs
Dec  8 21:12:07 debian kernel: [    0.209554] smpboot: Max logical packages: 1
Dec  8 21:12:07 debian kernel: [    0.209554] smpboot: Total of 2 processors activated (8384.24 BogoMIPS)
Dec  8 21:12:07 debian kernel: [    0.213362] node 0 deferred pages initialised in 4ms
Dec  8 21:12:07 debian kernel: [    0.213590] devtmpfs: initialized
Dec  8 21:12:07 debian kernel: [    0.213632] x86/mm: Memory block size: 128MB
Dec  8 21:12:07 debian kernel: [    0.214002] clocksource: jiffies: mask: 0xffffffff max_cycles: 0xffffffff, max_idle_ns: 7645041785100000 ns
Dec  8 21:12:07 debian kernel: [    0.214002] futex hash table entries: 512 (order: 3, 32768 bytes, linear)
Dec  8 21:12:07 debian kernel: [    0.214002] pinctrl core: initialized pinctrl subsystem
Dec  8 21:12:07 debian kernel: [    0.214014] NET: Registered protocol family 16
Dec  8 21:12:07 debian kernel: [    0.214163] DMA: preallocated 256 KiB GFP_KERNEL pool for atomic allocations
Dec  8 21:12:07 debian kernel: [    0.214192] DMA: preallocated 256 KiB GFP_KERNEL|GFP_DMA pool for atomic allocations
Dec  8 21:12:07 debian kernel: [    0.214227] DMA: preallocated 256 KiB GFP_KERNEL|GFP_DMA32 pool for atomic allocations
Dec  8 21:12:07 debian kernel: [    0.214238] audit: initializing netlink subsys (disabled)
Dec  8 21:12:07 debian kernel: [    0.214248] audit: type=2000 audit(1765239128.270:1): state=initialized audit_enabled=0 res=1
Dec  8 21:12:07 debian kernel: [    0.214248] thermal_sys: Registered thermal governor 'fair_share'
Dec  8 21:12:07 debian kernel: [    0.214248] thermal_sys: Registered thermal governor 'bang_bang'
Dec  8 21:12:07 debian kernel: [    0.214248] thermal_sys: Registered thermal governor 'step_wise'
Dec  8 21:12:07 debian kernel: [    0.214248] thermal_sys: Registered thermal governor 'user_space'
Dec  8 21:12:07 debian kernel: [    0.214248] thermal_sys: Registered thermal governor 'power_allocator'
Dec  8 21:12:07 debian kernel: [    0.214248] cpuidle: using governor ladder
Dec  8 21:12:07 debian kernel: [    0.214248] cpuidle: using governor menu
Dec  8 21:12:07 debian kernel: [    0.214248] ACPI: bus type PCI registered
Dec  8 21:12:07 debian kernel: [    0.214248] acpiphp: ACPI Hot Plug PCI Controller Driver version: 0.5
Dec  8 21:12:07 debian kernel: [    0.214248] PCI: Using configuration type 1 for base access
Dec  8 21:12:07 debian kernel: [    0.214248] PCI: Using configuration type 1 for extended access
Dec  8 21:12:07 debian kernel: [    0.214940] Kprobes globally optimized
Dec  8 21:12:07 debian kernel: [    0.214947] HugeTLB registered 2.00 MiB page size, pre-allocated 0 pages
Dec  8 21:12:07 debian kernel: [    0.314190] ACPI: Added _OSI(Module Device)
Dec  8 21:12:07 debian kernel: [    0.314190] ACPI: Added _OSI(Processor Device)
Dec  8 21:12:07 debian kernel: [    0.314190] ACPI: Added _OSI(3.0 _SCP Extensions)
Dec  8 21:12:07 debian kernel: [    0.314190] ACPI: Added _OSI(Processor Aggregator Device)
Dec  8 21:12:07 debian kernel: [    0.314190] ACPI: Added _OSI(Linux-Dell-Video)
Dec  8 21:12:07 debian kernel: [    0.314190] ACPI: Added _OSI(Linux-Lenovo-NV-HDMI-Audio)
Dec  8 21:12:07 debian kernel: [    0.314190] ACPI: Added _OSI(Linux-HPI-Hybrid-Graphics)
Dec  8 21:12:07 debian kernel: [    0.318729] ACPI: 2 ACPI AML tables successfully acquired and loaded
Dec  8 21:12:07 debian kernel: [    0.320339] ACPI: Interpreter enabled
Dec  8 21:12:07 debian kernel: [    0.320353] ACPI: (supports S0 S5)
Dec  8 21:12:07 debian kernel: [    0.320355] ACPI: Using IOAPIC for interrupt routing
Dec  8 21:12:07 debian kernel: [    0.320597] PCI: Using host bridge windows from ACPI; if necessary, use "pci=nocrs" and report a bug
Dec  8 21:12:07 debian kernel: [    0.320703] ACPI: Enabled 2 GPEs in block 00 to 07
Dec  8 21:12:07 debian kernel: [    0.325620] ACPI: PCI Root Bridge [PCI0] (domain 0000 [bus 00-ff])
Dec  8 21:12:07 debian kernel: [    0.325626] acpi PNP0A03:00: _OSC: OS supports [ExtendedConfig ASPM ClockPM Segments MSI HPX-Type3]
Dec  8 21:12:07 debian kernel: [    0.326661] acpi PNP0A03:00: _OSC: platform does not support [PCIeCapability LTR]
Dec  8 21:12:07 debian kernel: [    0.327165] acpi PNP0A03:00: _OSC: not requesting control; platform does not support [PCIeCapability]
Dec  8 21:12:07 debian kernel: [    0.327168] acpi PNP0A03:00: _OSC: OS requested [PCIeHotplug SHPCHotplug PME AER PCIeCapability LTR]
Dec  8 21:12:07 debian kernel: [    0.327169] acpi PNP0A03:00: _OSC: platform willing to grant [PCIeHotplug SHPCHotplug PME AER]
Dec  8 21:12:07 debian kernel: [    0.327171] acpi PNP0A03:00: _OSC failed (AE_SUPPORT); disabling ASPM
Dec  8 21:12:07 debian kernel: [    0.327442] PCI host bridge to bus 0000:00
Dec  8 21:12:07 debian kernel: [    0.327444] pci_bus 0000:00: root bus resource [io  0x0000-0x0cf7 window]
Dec  8 21:12:07 debian kernel: [    0.327446] pci_bus 0000:00: root bus resource [io  0x0d00-0xffff window]
Dec  8 21:12:07 debian kernel: [    0.327447] pci_bus 0000:00: root bus resource [mem 0x000a0000-0x000bffff window]
Dec  8 21:12:07 debian kernel: [    0.327449] pci_bus 0000:00: root bus resource [mem 0x80000000-0xfdffffff window]
Dec  8 21:12:07 debian kernel: [    0.327450] pci_bus 0000:00: root bus resource [bus 00-ff]
Dec  8 21:12:07 debian kernel: [    0.327554] pci 0000:00:00.0: [8086:1237] type 00 class 0x060000
Dec  8 21:12:07 debian kernel: [    0.327940] pci 0000:00:01.0: [8086:7000] type 00 class 0x060100
Dec  8 21:12:07 debian kernel: [    0.328355] pci 0000:00:01.1: [8086:7111] type 00 class 0x01018a
Dec  8 21:12:07 debian kernel: [    0.328534] pci 0000:00:01.1: reg 0x20: [io  0xd000-0xd00f]
Dec  8 21:12:07 debian kernel: [    0.328609] pci 0000:00:01.1: legacy IDE quirk: reg 0x10: [io  0x01f0-0x01f7]
Dec  8 21:12:07 debian kernel: [    0.328610] pci 0000:00:01.1: legacy IDE quirk: reg 0x14: [io  0x03f6]
Dec  8 21:12:07 debian kernel: [    0.328612] pci 0000:00:01.1: legacy IDE quirk: reg 0x18: [io  0x0170-0x0177]
Dec  8 21:12:07 debian kernel: [    0.328613] pci 0000:00:01.1: legacy IDE quirk: reg 0x1c: [io  0x0376]
Dec  8 21:12:07 debian kernel: [    0.328778] pci 0000:00:02.0: [15ad:0405] type 00 class 0x030000
Dec  8 21:12:07 debian kernel: [    0.329592] pci 0000:00:02.0: reg 0x10: [io  0xd010-0xd01f]
Dec  8 21:12:07 debian kernel: [    0.330898] pci 0000:00:02.0: reg 0x14: [mem 0xe0000000-0xe0ffffff pref]
Dec  8 21:12:07 debian kernel: [    0.332196] pci 0000:00:02.0: reg 0x18: [mem 0xf0000000-0xf01fffff]
Dec  8 21:12:07 debian kernel: [    0.336542] pci 0000:00:03.0: [8086:100e] type 00 class 0x020000
Dec  8 21:12:07 debian kernel: [    0.337617] pci 0000:00:03.0: reg 0x10: [mem 0xf0200000-0xf021ffff]
Dec  8 21:12:07 debian kernel: [    0.339847] pci 0000:00:03.0: reg 0x18: [io  0xd020-0xd027]
Dec  8 21:12:07 debian kernel: [    0.344244] pci 0000:00:04.0: [80ee:cafe] type 00 class 0x088000
Dec  8 21:12:07 debian kernel: [    0.345443] pci 0000:00:04.0: reg 0x10: [io  0xd040-0xd05f]
Dec  8 21:12:07 debian kernel: [    0.345631] pci 0000:00:04.0: reg 0x14: [mem 0xf0400000-0xf07fffff]
Dec  8 21:12:07 debian kernel: [    0.346805] pci 0000:00:04.0: reg 0x18: [mem 0xf0800000-0xf0803fff pref]
Dec  8 21:12:07 debian kernel: [    0.351088] pci 0000:00:05.0: [8086:2415] type 00 class 0x040100
Dec  8 21:12:07 debian kernel: [    0.351155] pci 0000:00:05.0: reg 0x10: [io  0xd100-0xd1ff]
Dec  8 21:12:07 debian kernel: [    0.351190] pci 0000:00:05.0: reg 0x14: [io  0xd200-0xd23f]
Dec  8 21:12:07 debian kernel: [    0.351542] pci 0000:00:06.0: [106b:003f] type 00 class 0x0c0310
Dec  8 21:12:07 debian kernel: [    0.352617] pci 0000:00:06.0: reg 0x10: [mem 0xf0804000-0xf0804fff]
Dec  8 21:12:07 debian kernel: [    0.359019] pci 0000:00:07.0: [8086:7113] type 00 class 0x068000
Dec  8 21:12:07 debian kernel: [    0.359235] pci 0000:00:07.0: quirk: [io  0x4000-0x403f] claimed by PIIX4 ACPI
Dec  8 21:12:07 debian kernel: [    0.359242] pci 0000:00:07.0: quirk: [io  0x4100-0x410f] claimed by PIIX4 SMB
Dec  8 21:12:07 debian kernel: [    0.359476] pci 0000:00:0d.0: [8086:2829] type 00 class 0x010601
Dec  8 21:12:07 debian kernel: [    0.360633] pci 0000:00:0d.0: reg 0x10: [io  0xd240-0xd247]
Dec  8 21:12:07 debian kernel: [    0.361619] pci 0000:00:0d.0: reg 0x14: [io  0xd248-0xd24b]
Dec  8 21:12:07 debian kernel: [    0.362752] pci 0000:00:0d.0: reg 0x18: [io  0xd250-0xd257]
Dec  8 21:12:07 debian kernel: [    0.363909] pci 0000:00:0d.0: reg 0x1c: [io  0xd258-0xd25b]
Dec  8 21:12:07 debian kernel: [    0.365040] pci 0000:00:0d.0: reg 0x20: [io  0xd260-0xd26f]
Dec  8 21:12:07 debian kernel: [    0.365601] pci 0000:00:0d.0: reg 0x24: [mem 0xf0806000-0xf0807fff]
Dec  8 21:12:07 debian kernel: [    0.368433] ACPI: PCI Interrupt Link [LNKA] (IRQs 5 9 10 *11)
Dec  8 21:12:07 debian kernel: [    0.368734] ACPI: PCI Interrupt Link [LNKB] (IRQs 5 9 *10 11)
Dec  8 21:12:07 debian kernel: [    0.368822] ACPI: PCI Interrupt Link [LNKC] (IRQs 5 *9 10 11)
Dec  8 21:12:07 debian kernel: [    0.368914] ACPI: PCI Interrupt Link [LNKD] (IRQs 5 9 10 *11)
Dec  8 21:12:07 debian kernel: [    0.369097] iommu: Default domain type: Translated 
Dec  8 21:12:07 debian kernel: [    0.369125] pci 0000:00:02.0: vgaarb: setting as boot VGA device
Dec  8 21:12:07 debian kernel: [    0.369125] pci 0000:00:02.0: vgaarb: VGA device added: decodes=io+mem,owns=io+mem,locks=none
Dec  8 21:12:07 debian kernel: [    0.369125] pci 0000:00:02.0: vgaarb: bridge control possible
Dec  8 21:12:07 debian kernel: [    0.369125] vgaarb: loaded
Dec  8 21:12:07 debian kernel: [    0.369610] EDAC MC: Ver: 3.0.0
Dec  8 21:12:07 debian kernel: [    0.369770] NetLabel: Initializing
Dec  8 21:12:07 debian kernel: [    0.369771] NetLabel:  domain hash size = 128
Dec  8 21:12:07 debian kernel: [    0.369772] NetLabel:  protocols = UNLABELED CIPSOv4 CALIPSO
Dec  8 21:12:07 debian kernel: [    0.369794] NetLabel:  unlabeled traffic allowed by default
Dec  8 21:12:07 debian kernel: [    0.369797] PCI: Using ACPI for IRQ routing
Dec  8 21:12:07 debian kernel: [    0.369999] clocksource: Switched to clocksource kvm-clock
Dec  8 21:12:07 debian kernel: [    0.383767] VFS: Disk quotas dquot_6.6.0
Dec  8 21:12:07 debian kernel: [    0.383790] VFS: Dquot-cache hash table entries: 512 (order 0, 4096 bytes)
Dec  8 21:12:07 debian kernel: [    0.383948] AppArmor: AppArmor Filesystem Enabled
Dec  8 21:12:07 debian kernel: [    0.383973] pnp: PnP ACPI init
Dec  8 21:12:07 debian kernel: [    0.384742] pnp: PnP ACPI: found 2 devices
Dec  8 21:12:07 debian kernel: [    0.392383] clocksource: acpi_pm: mask: 0xffffff max_cycles: 0xffffff, max_idle_ns: 2085701024 ns
Dec  8 21:12:07 debian kernel: [    0.392452] NET: Registered protocol family 2
Dec  8 21:12:07 debian kernel: [    0.392508] IP idents hash table entries: 32768 (order: 6, 262144 bytes, linear)
Dec  8 21:12:07 debian kernel: [    0.393101] tcp_listen_portaddr_hash hash table entries: 1024 (order: 2, 16384 bytes, linear)
Dec  8 21:12:07 debian kernel: [    0.393149] TCP established hash table entries: 16384 (order: 5, 131072 bytes, linear)
Dec  8 21:12:07 debian kernel: [    0.393200] TCP bind hash table entries: 16384 (order: 6, 262144 bytes, linear)
Dec  8 21:12:07 debian kernel: [    0.393218] TCP: Hash tables configured (established 16384 bind 16384)
Dec  8 21:12:07 debian kernel: [    0.393264] UDP hash table entries: 1024 (order: 3, 32768 bytes, linear)
Dec  8 21:12:07 debian kernel: [    0.393271] UDP-Lite hash table entries: 1024 (order: 3, 32768 bytes, linear)
Dec  8 21:12:07 debian kernel: [    0.393309] NET: Registered protocol family 1
Dec  8 21:12:07 debian kernel: [    0.393318] NET: Registered protocol family 44
Dec  8 21:12:07 debian kernel: [    0.393330] pci_bus 0000:00: resource 4 [io  0x0000-0x0cf7 window]
Dec  8 21:12:07 debian kernel: [    0.393332] pci_bus 0000:00: resource 5 [io  0x0d00-0xffff window]
Dec  8 21:12:07 debian kernel: [    0.393334] pci_bus 0000:00: resource 6 [mem 0x000a0000-0x000bffff window]
Dec  8 21:12:07 debian kernel: [    0.393335] pci_bus 0000:00: resource 7 [mem 0x80000000-0xfdffffff window]
Dec  8 21:12:07 debian kernel: [    0.393386] pci 0000:00:00.0: Limiting direct PCI/PCI transfers
Dec  8 21:12:07 debian kernel: [    0.393394] pci 0000:00:01.0: Activating ISA DMA hang workarounds
Dec  8 21:12:07 debian kernel: [    0.393423] pci 0000:00:02.0: Video device with shadowed ROM at [mem 0x000c0000-0x000dffff]
Dec  8 21:12:07 debian kernel: [    0.394859] PCI: CLS 0 bytes, default 64
Dec  8 21:12:07 debian kernel: [    0.394915] Trying to unpack rootfs image as initramfs...
Dec  8 21:12:07 debian kernel: [    0.755893] Freeing initrd memory: 28516K
Dec  8 21:12:07 debian kernel: [    0.755893] clocksource: tsc: mask: 0xffffffffffffffff max_cycles: 0x1e36a685b69, max_idle_ns: 440795255641 ns
Dec  8 21:12:07 debian kernel: [    0.757006] clocksource: Switched to clocksource tsc
Dec  8 21:12:07 debian kernel: [    0.757050] platform rtc_cmos: registered platform RTC device (no PNP device found)
Dec  8 21:12:07 debian kernel: [    0.757553] Initialise system trusted keyrings
Dec  8 21:12:07 debian kernel: [    0.757561] Key type blacklist registered
Dec  8 21:12:07 debian kernel: [    0.757654] workingset: timestamp_bits=36 max_order=19 bucket_order=0
Dec  8 21:12:07 debian kernel: [    0.760200] zbud: loaded
Dec  8 21:12:07 debian kernel: [    0.760462] integrity: Platform Keyring initialized
Dec  8 21:12:07 debian kernel: [    0.760465] Key type asymmetric registered
Dec  8 21:12:07 debian kernel: [    0.760467] Asymmetric key parser 'x509' registered
Dec  8 21:12:07 debian kernel: [    0.760476] Block layer SCSI generic (bsg) driver version 0.4 loaded (major 251)
Dec  8 21:12:07 debian kernel: [    0.760640] io scheduler mq-deadline registered
Dec  8 21:12:07 debian kernel: [    0.761641] shpchp: Standard Hot Plug PCI Controller Driver version: 0.4
Dec  8 21:12:07 debian kernel: [    0.762006] Serial: 8250/16550 driver, 4 ports, IRQ sharing enabled
Dec  8 21:12:07 debian kernel: [    0.762475] Linux agpgart interface v0.103
Dec  8 21:12:07 debian kernel: [    0.762558] AMD-Vi: AMD IOMMUv2 functionality not available on this system - This is not a bug.
Dec  8 21:12:07 debian kernel: [    0.762773] i8042: PNP: PS/2 Controller [PNP0303:PS2K,PNP0f03:PS2M] at 0x60,0x64 irq 1,12
Dec  8 21:12:07 debian kernel: [    0.763192] serio: i8042 KBD port at 0x60,0x64 irq 1
Dec  8 21:12:07 debian kernel: [    0.763197] serio: i8042 AUX port at 0x60,0x64 irq 12
Dec  8 21:12:07 debian kernel: [    0.763360] mousedev: PS/2 mouse device common for all mice
Dec  8 21:12:07 debian kernel: [    0.763529] input: AT Translated Set 2 keyboard as /devices/platform/i8042/serio0/input/input0
Dec  8 21:12:07 debian kernel: [    0.763959] rtc_cmos rtc_cmos: registered as rtc0
Dec  8 21:12:07 debian kernel: [    0.764002] rtc_cmos rtc_cmos: setting system clock to 2025-12-09T00:12:05 UTC (1765239125)
Dec  8 21:12:07 debian kernel: [    0.764053] rtc_cmos rtc_cmos: alarms up to one day, 114 bytes nvram
Dec  8 21:12:07 debian kernel: [    0.764099] ledtrig-cpu: registered to indicate activity on CPUs
Dec  8 21:12:07 debian kernel: [    0.764344] NET: Registered protocol family 10
Dec  8 21:12:07 debian kernel: [    0.770588] Segment Routing with IPv6
Dec  8 21:12:07 debian kernel: [    0.770616] mip6: Mobile IPv6
Dec  8 21:12:07 debian kernel: [    0.770618] NET: Registered protocol family 17
Dec  8 21:12:07 debian kernel: [    0.770745] mpls_gso: MPLS GSO support
Dec  8 21:12:07 debian kernel: [    0.771100] IPI shorthand broadcast: enabled
Dec  8 21:12:07 debian kernel: [    0.771134] sched_clock: Marking stable (759329267, 11664474)->(786983033, -15989292)
Dec  8 21:12:07 debian kernel: [    0.771981] registered taskstats version 1
Dec  8 21:12:07 debian kernel: [    0.771989] Loading compiled-in X.509 certificates
Dec  8 21:12:07 debian kernel: [    0.794610] Loaded X.509 cert 'Debian Secure Boot CA: 6ccece7e4c6c0d1f6149f3dd27dfcc5cbb419ea1'
Dec  8 21:12:07 debian kernel: [    0.794623] Loaded X.509 cert 'Debian Secure Boot Signer 2022 - linux: 14011249c2675ea8e5148542202005810584b25f'
Dec  8 21:12:07 debian kernel: [    0.794642] zswap: loaded using pool lzo/zbud
Dec  8 21:12:07 debian kernel: [    0.795059] Key type .fscrypt registered
Dec  8 21:12:07 debian kernel: [    0.795060] Key type fscrypt-provisioning registered
Dec  8 21:12:07 debian kernel: [    0.795104] AppArmor: AppArmor sha1 policy hashing enabled
Dec  8 21:12:07 debian kernel: [    0.795245] clk: Disabling unused clocks
Dec  8 21:12:07 debian kernel: [    0.797268] Freeing unused decrypted memory: 2036K
Dec  8 21:12:07 debian kernel: [    0.797829] Freeing unused kernel image (initmem) memory: 2672K
Dec  8 21:12:07 debian kernel: [    0.807882] Write protecting the kernel read-only data: 22528k
Dec  8 21:12:07 debian kernel: [    0.809031] Freeing unused kernel image (text/rodata gap) memory: 2040K
Dec  8 21:12:07 debian kernel: [    0.809271] Freeing unused kernel image (rodata/data gap) memory: 600K
Dec  8 21:12:07 debian rsyslogd: imuxsock: Acquired UNIX socket '/run/systemd/journal/syslog' (fd 3) from systemd.  [v8.2102.0]
Dec  8 21:12:07 debian rsyslogd: [origin software="rsyslogd" swVersion="8.2102.0" x-pid="409" x-info="https://www.rsyslog.com"] start
Dec  8 21:12:07 debian kernel: [    0.870320] x86/mm: Checked W+X mappings: passed, no W+X pages found.
Dec  8 21:12:07 debian kernel: [    0.870328] Run /init as init process
Dec  8 21:12:07 debian kernel: [    0.927016] e1000: Intel(R) PRO/1000 Network Driver
Dec  8 21:12:07 debian kernel: [    0.927018] e1000: Copyright (c) 1999-2006 Intel Corporation.
Dec  8 21:12:07 debian kernel: [    0.931284] piix4_smbus 0000:00:07.0: SMBus Host Controller at 0x4100, revision 0
Dec  8 21:12:07 debian kernel: [    0.934853] SCSI subsystem initialized
Dec  8 21:12:07 debian kernel: [    0.946799] battery: ACPI: Battery Slot [BAT0] (battery present)
Dec  8 21:12:07 debian kernel: [    0.949933] ACPI: bus type USB registered
Dec  8 21:12:07 debian kernel: [    0.949963] usbcore: registered new interface driver usbfs
Dec  8 21:12:07 debian kernel: [    0.949969] ACPI: Video Device [GFX0] (multi-head: yes  rom: no  post: no)
Dec  8 21:12:07 debian kernel: [    0.949973] usbcore: registered new interface driver hub
Dec  8 21:12:07 debian kernel: [    0.949985] usbcore: registered new device driver usb
Dec  8 21:12:07 debian kernel: [    0.950083] input: Video Bus as /devices/LNXSYSTM:00/LNXSYBUS:00/PNP0A03:00/LNXVIDEO:00/input/input2
Dec  8 21:12:07 debian kernel: [    0.954135] ehci_hcd: USB 2.0 'Enhanced' Host Controller (EHCI) Driver
Dec  8 21:12:07 debian kernel: [    0.956314] ohci_hcd: USB 1.1 'Open' Host Controller (OHCI) Driver
Dec  8 21:12:07 debian kernel: [    0.957828] ehci-pci: EHCI PCI platform driver
Dec  8 21:12:07 debian kernel: [    0.958463] ohci-pci: OHCI PCI platform driver
Dec  8 21:12:07 debian kernel: [    0.959645] ohci-pci 0000:00:06.0: OHCI PCI host controller
Dec  8 21:12:07 debian kernel: [    0.959655] ohci-pci 0000:00:06.0: new USB bus registered, assigned bus number 1
Dec  8 21:12:07 debian kernel: [    0.959729] ohci-pci 0000:00:06.0: irq 22, io mem 0xf0804000
Dec  8 21:12:07 debian kernel: [    0.971225] ahci 0000:00:0d.0: SSS flag set, parallel bus scan disabled
Dec  8 21:12:07 debian kernel: [    0.971377] ahci 0000:00:0d.0: AHCI 0001.0100 32 slots 2 ports 3 Gbps 0x3 impl SATA mode
Dec  8 21:12:07 debian kernel: [    0.971379] ahci 0000:00:0d.0: flags: 64bit ncq stag only ccc 
Dec  8 21:12:07 debian kernel: [    0.972058] scsi host0: ata_piix
Dec  8 21:12:07 debian kernel: [    0.972295] scsi host1: ahci
Dec  8 21:12:07 debian kernel: [    0.972441] scsi host2: ata_piix
Dec  8 21:12:07 debian kernel: [    0.972486] ata1: PATA max UDMA/33 cmd 0x1f0 ctl 0x3f6 bmdma 0xd000 irq 14
Dec  8 21:12:07 debian kernel: [    0.972487] ata2: PATA max UDMA/33 cmd 0x170 ctl 0x376 bmdma 0xd008 irq 15
Dec  8 21:12:07 debian kernel: [    0.972794] scsi host3: ahci
Dec  8 21:12:07 debian kernel: [    0.972858] ata3: SATA max UDMA/133 abar m8192@0xf0806000 port 0xf0806100 irq 21
Dec  8 21:12:07 debian kernel: [    0.972862] ata4: SATA max UDMA/133 abar m8192@0xf0806000 port 0xf0806180 irq 21
Dec  8 21:12:07 debian kernel: [    1.024439] usb usb1: New USB device found, idVendor=1d6b, idProduct=0001, bcdDevice= 5.10
Dec  8 21:12:07 debian kernel: [    1.024446] usb usb1: New USB device strings: Mfr=3, Product=2, SerialNumber=1
Dec  8 21:12:07 debian kernel: [    1.024450] usb usb1: Product: OHCI PCI host controller
Dec  8 21:12:07 debian kernel: [    1.024453] usb usb1: Manufacturer: Linux 5.10.0-30-amd64 ohci_hcd
Dec  8 21:12:07 debian kernel: [    1.024457] usb usb1: SerialNumber: 0000:00:06.0
Dec  8 21:12:07 debian kernel: [    1.024914] hub 1-0:1.0: USB hub found
Dec  8 21:12:07 debian kernel: [    1.024967] hub 1-0:1.0: 12 ports detected
Dec  8 21:12:07 debian kernel: [    1.160882] input: ImExPS/2 Generic Explorer Mouse as /devices/platform/i8042/serio1/input/input3
Dec  8 21:12:07 debian kernel: [    1.284060] ata3: SATA link up 3.0 Gbps (SStatus 123 SControl 300)
Dec  8 21:12:07 debian kernel: [    1.284250] ata3.00: ATA-6: VBOX HARDDISK, 1.0, max UDMA/133
Dec  8 21:12:07 debian kernel: [    1.284252] ata3.00: 20971520 sectors, multi 128: LBA48 NCQ (depth 32)
Dec  8 21:12:07 debian kernel: [    1.284613] ata3.00: configured for UDMA/133
Dec  8 21:12:07 debian kernel: [    1.285040] scsi 1:0:0:0: Direct-Access     ATA      VBOX HARDDISK    1.0  PQ: 0 ANSI: 5
Dec  8 21:12:07 debian kernel: [    1.315455] e1000 0000:00:03.0 eth0: (PCI:33MHz:32-bit) 08:00:27:06:89:83
Dec  8 21:12:07 debian kernel: [    1.315460] e1000 0000:00:03.0 eth0: Intel(R) PRO/1000 Network Connection
Dec  8 21:12:07 debian kernel: [    1.327765] usb 1-1: new full-speed USB device number 2 using ohci-pci
Dec  8 21:12:07 debian kernel: [    1.654078] ata4: SATA link up 3.0 Gbps (SStatus 123 SControl 300)
Dec  8 21:12:07 debian kernel: [    1.654365] ata4.00: ATA-6: VBOX HARDDISK, 1.0, max UDMA/133
Dec  8 21:12:07 debian kernel: [    1.654383] ata4.00: 16777216 sectors, multi 128: LBA48 NCQ (depth 32)
Dec  8 21:12:07 debian kernel: [    1.654766] ata4.00: configured for UDMA/133
Dec  8 21:12:07 debian kernel: [    1.655179] scsi 3:0:0:0: Direct-Access     ATA      VBOX HARDDISK    1.0  PQ: 0 ANSI: 5
Dec  8 21:12:07 debian kernel: [    1.659322] e1000 0000:00:03.0 enp0s3: renamed from eth0
Dec  8 21:12:07 debian kernel: [    1.662530] sd 1:0:0:0: [sda] 20971520 512-byte logical blocks: (10.7 GB/10.0 GiB)
Dec  8 21:12:07 debian kernel: [    1.662540] sd 1:0:0:0: [sda] Write Protect is off
Dec  8 21:12:07 debian kernel: [    1.662563] sd 1:0:0:0: [sda] Write cache: enabled, read cache: enabled, doesn't support DPO or FUA
Dec  8 21:12:07 debian kernel: [    1.662584] sd 3:0:0:0: [sdb] 16777216 512-byte logical blocks: (8.59 GB/8.00 GiB)
Dec  8 21:12:07 debian kernel: [    1.662594] sd 3:0:0:0: [sdb] Write Protect is off
Dec  8 21:12:07 debian kernel: [    1.662615] sd 3:0:0:0: [sdb] Write cache: enabled, read cache: enabled, doesn't support DPO or FUA
Dec  8 21:12:07 debian kernel: [    1.672823] usb 1-1: New USB device found, idVendor=80ee, idProduct=0021, bcdDevice= 1.00
Dec  8 21:12:07 debian kernel: [    1.672830] usb 1-1: New USB device strings: Mfr=1, Product=3, SerialNumber=0
Dec  8 21:12:07 debian kernel: [    1.672834] usb 1-1: Product: USB Tablet
Dec  8 21:12:07 debian kernel: [    1.672837] usb 1-1: Manufacturer: VirtualBox
Dec  8 21:12:07 debian kernel: [    1.682873] hid: raw HID events driver (C) Jiri Kosina
Dec  8 21:12:07 debian kernel: [    1.683443]  sdb: sdb1
Dec  8 21:12:07 debian kernel: [    1.683762]  sda: sda1 sda2 < sda5 >
Dec  8 21:12:07 debian kernel: [    1.699925] sd 3:0:0:0: [sdb] Attached SCSI disk
Dec  8 21:12:07 debian kernel: [    1.700336] sd 1:0:0:0: [sda] Attached SCSI disk
Dec  8 21:12:07 debian kernel: [    1.719249] usbcore: registered new interface driver usbhid
Dec  8 21:12:07 debian kernel: [    1.719251] usbhid: USB HID core driver
Dec  8 21:12:07 debian kernel: [    1.720765] input: VirtualBox USB Tablet as /devices/pci0000:00/0000:00:06.0/usb1/1-1/1-1:1.0/0003:80EE:0021.0001/input/input4
Dec  8 21:12:07 debian kernel: [    1.720839] hid-generic 0003:80EE:0021.0001: input,hidraw0: USB HID v1.10 Mouse [VirtualBox USB Tablet] on usb-0000:00:06.0-1/input0
Dec  8 21:12:07 debian kernel: [    1.852926] EXT4-fs (sda1): mounted filesystem with ordered data mode. Opts: (null)
Dec  8 21:12:07 debian kernel: [    1.895311] Not activating Mandatory Access Control as /sbin/tomoyo-init does not exist.
Dec  8 21:12:07 debian kernel: [    2.100733] fuse: init (API version 7.32)
Dec  8 21:12:07 debian kernel: [    2.112782] ACPI: bus type drm_connector registered
Dec  8 21:12:07 debian kernel: [    2.123125] EXT4-fs (sda1): re-mounted. Opts: errors=remount-ro
Dec  8 21:12:07 debian kernel: [    2.270731] input: Power Button as /devices/LNXSYSTM:00/LNXPWRBN:00/input/input5
Dec  8 21:12:07 debian kernel: [    2.279534] vboxguest: host-version: 7.1.12r169651 0x8000000f
Dec  8 21:12:07 debian kernel: [    2.279935] vbg_heartbeat_init: Setting up heartbeat to trigger every 2000 milliseconds
Dec  8 21:12:07 debian kernel: [    2.280922] ACPI: AC Adapter [AC] (on-line)
Dec  8 21:12:07 debian kernel: [    2.287946] ACPI: Power Button [PWRF]
Dec  8 21:12:07 debian kernel: [    2.288026] input: Sleep Button as /devices/LNXSYSTM:00/LNXSLPBN:00/input/input6
Dec  8 21:12:07 debian kernel: [    2.288059] ACPI: Sleep Button [SLPF]
Dec  8 21:12:07 debian kernel: [    2.299966] input: VirtualBox mouse integration as /devices/pci0000:00/0000:00:04.0/input/input7
Dec  8 21:12:07 debian kernel: [    2.302394] vboxguest: misc device minor 61, IRQ 20, I/O port d040, MMIO at 0x00000000f0400000 (size 0x0000000000400000)
Dec  8 21:12:07 debian kernel: [    2.331815] input: PC Speaker as /devices/platform/pcspkr/input/input8
Dec  8 21:12:07 debian kernel: [    2.331955] sd 1:0:0:0: Attached scsi generic sg0 type 0
Dec  8 21:12:07 debian kernel: [    2.337417] sd 3:0:0:0: Attached scsi generic sg1 type 0
Dec  8 21:12:07 debian kernel: [    2.338118] RAPL PMU: API unit is 2^-32 Joules, 1 fixed counters, 163840 ms ovfl timer
Dec  8 21:12:07 debian kernel: [    2.338120] RAPL PMU: hw unit of domain package 2^-16 Joules
Dec  8 21:12:07 debian kernel: [    2.360047] cryptd: max_cpu_qlen set to 1000
Dec  8 21:12:07 debian kernel: [    2.377194] AVX2 version of gcm_enc/dec engaged.
Dec  8 21:12:07 debian kernel: [    2.377196] AES CTR mode by8 optimization enabled
Dec  8 21:12:07 debian kernel: [    2.396167] [drm] DMA map mode: Caching DMA mappings.
Dec  8 21:12:07 debian kernel: [    2.396206] [drm] Capabilities:
Dec  8 21:12:07 debian kernel: [    2.396207] [drm]   Rect copy.
Dec  8 21:12:07 debian kernel: [    2.396207] [drm]   Cursor.
Dec  8 21:12:07 debian kernel: [    2.396208] [drm]   Cursor bypass.
Dec  8 21:12:07 debian kernel: [    2.396209] [drm]   Cursor bypass 2.
Dec  8 21:12:07 debian kernel: [    2.396209] [drm]   Alpha cursor.
Dec  8 21:12:07 debian kernel: [    2.396210] [drm]   Extended Fifo.
Dec  8 21:12:07 debian kernel: [    2.396211] [drm]   Pitchlock.
Dec  8 21:12:07 debian kernel: [    2.396212] [drm]   Irq mask.
Dec  8 21:12:07 debian kernel: [    2.396212] [drm]   GMR.
Dec  8 21:12:07 debian kernel: [    2.396213] [drm]   Traces.
Dec  8 21:12:07 debian kernel: [    2.396214] [drm]   GMR2.
Dec  8 21:12:07 debian kernel: [    2.396214] [drm]   Screen Object 2.
Dec  8 21:12:07 debian kernel: [    2.396215] [drm]   Command Buffers.
Dec  8 21:12:07 debian kernel: [    2.396216] [drm]   Guest Backed Resources.
Dec  8 21:12:07 debian kernel: [    2.396218] [drm] Max GMR ids is 8192
Dec  8 21:12:07 debian kernel: [    2.396219] [drm] Max number of GMR pages is 1048576
Dec  8 21:12:07 debian kernel: [    2.396219] [drm] Max dedicated hypervisor surface memory is 507904 kiB
Dec  8 21:12:07 debian kernel: [    2.396220] [drm] Maximum display memory size is 16384 kiB
Dec  8 21:12:07 debian kernel: [    2.396221] [drm] VRAM at 0xe0000000 size is 16384 kiB
Dec  8 21:12:07 debian kernel: [    2.396222] [drm] MMIO at 0xf0000000 size is 2048 kiB
Dec  8 21:12:07 debian kernel: [    2.417816] [TTM] Zone  kernel: Available graphics memory: 1009102 KiB
Dec  8 21:12:07 debian kernel: [    2.417818] [TTM] Initializing pool allocator
Dec  8 21:12:07 debian kernel: [    2.417824] [TTM] Initializing DMA pool allocator
Dec  8 21:12:07 debian kernel: [    2.421680] [drm] Screen Target Display device initialized
Dec  8 21:12:07 debian kernel: [    2.421817] [drm] width 720
Dec  8 21:12:07 debian kernel: [    2.421822] [drm] height 400
Dec  8 21:12:07 debian kernel: [    2.421825] [drm] bpp 32
Dec  8 21:12:07 debian kernel: [    2.421940] [drm] Fifo max 0x00200000 min 0x00001000 cap 0x00000355
Dec  8 21:12:07 debian kernel: [    2.422671] [drm] Using command buffers with DMA pool.
Dec  8 21:12:07 debian kernel: [    2.422677] [drm] Atomic: yes.
Dec  8 21:12:07 debian kernel: [    2.426667] fbcon: svgadrmfb (fb0) is primary device
Dec  8 21:12:07 debian kernel: [    2.428516] Console: switching to colour frame buffer device 100x37
Dec  8 21:12:07 debian kernel: [    2.430933] [drm] Initialized vmwgfx 2.18.0 20200114 for 0000:00:02.0 on minor 0
Dec  8 21:12:07 debian kernel: [    2.466224] EXT4-fs (sdb1): mounted filesystem with ordered data mode. Opts: (null)
Dec  8 21:12:07 debian kernel: [    2.492804] Adding 2095100k swap on /dev/sda5.  Priority:-2 extents:1 across:2095100k FS
Dec  8 21:12:07 debian kernel: [    2.522974] audit: type=1400 audit(1765239127.252:2): apparmor="STATUS" operation="profile_load" profile="unconfined" name="nvidia_modprobe" pid=371 comm="apparmor_parser"
Dec  8 21:12:07 debian kernel: [    2.522979] audit: type=1400 audit(1765239127.252:3): apparmor="STATUS" operation="profile_load" profile="unconfined" name="nvidia_modprobe//kmod" pid=371 comm="apparmor_parser"
Dec  8 21:12:07 debian kernel: [    2.526459] audit: type=1400 audit(1765239127.256:4): apparmor="STATUS" operation="profile_load" profile="unconfined" name="/usr/bin/man" pid=372 comm="apparmor_parser"
Dec  8 21:12:07 debian kernel: [    2.526463] audit: type=1400 audit(1765239127.256:5): apparmor="STATUS" operation="profile_load" profile="unconfined" name="man_filter" pid=372 comm="apparmor_parser"
Dec  8 21:12:07 debian kernel: [    2.526465] audit: type=1400 audit(1765239127.256:6): apparmor="STATUS" operation="profile_load" profile="unconfined" name="man_groff" pid=372 comm="apparmor_parser"
Dec  8 21:12:07 debian kernel: [    2.538384] audit: type=1400 audit(1765239127.268:7): apparmor="STATUS" operation="profile_load" profile="unconfined" name="lsb_release" pid=382 comm="apparmor_parser"
Dec  8 21:12:07 debian kernel: [    2.637377] snd_intel8x0 0000:00:05.0: allow list rate for 1028:0177 is 48000
Dec  8 21:12:09 debian kernel: [    4.666736] e1000: enp0s3 NIC Link is Up 1000 Mbps Full Duplex, Flow Control: RX
Dec  8 21:12:09 debian kernel: [    4.668079] IPv6: ADDRCONF(NETDEV_CHANGE): enp0s3: link becomes ready
Dec  8 21:22:47 debian kernel: [  644.590636] clocksource: Long readout interval, skipping watchdog check: cs_nsec: 1004544499 wd_nsec: 1004543534
Dec  8 22:34:54 debian kernel: [ 4971.501806] e1000: enp0s3 NIC Link is Down
Dec  8 22:34:58 debian kernel: [ 4975.908924] e1000: enp0s3 NIC Link is Up 1000 Mbps Full Duplex, Flow Control: RX
Dec  9 13:44:50 debian kernel: [14083.944361] e1000: enp0s3 NIC Link is Down
Dec  9 13:44:54 debian kernel: [14088.050426] e1000: enp0s3 NIC Link is Up 1000 Mbps Full Duplex, Flow Control: RX
Dec  9 20:52:30 debian kernel: [    0.000000] Linux version 5.10.0-30-amd64 (debian-kernel@lists.debian.org) (gcc-10 (Debian 10.2.1-6) 10.2.1 20210110, GNU ld (GNU Binutils for Debian) 2.35.2) #1 SMP Debian 5.10.218-1 (2024-06-01)
Dec  9 20:52:30 debian kernel: [    0.000000] Command line: BOOT_IMAGE=/boot/vmlinuz-5.10.0-30-amd64 root=UUID=cd2cb4ca-39bd-4522-919c-e4ceb81b5ae8 ro quiet
Dec  9 20:52:30 debian kernel: [    0.000000] [Firmware Bug]: TSC doesn't count with P0 frequency!
Dec  9 20:52:30 debian kernel: [    0.000000] BIOS-provided physical RAM map:
Dec  9 20:52:30 debian kernel: [    0.000000] BIOS-e820: [mem 0x0000000000000000-0x000000000009fbff] usable
Dec  9 20:52:30 debian kernel: [    0.000000] BIOS-e820: [mem 0x000000000009fc00-0x000000000009ffff] reserved
Dec  9 20:52:30 debian kernel: [    0.000000] BIOS-e820: [mem 0x00000000000f0000-0x00000000000fffff] reserved
Dec  9 20:52:30 debian kernel: [    0.000000] BIOS-e820: [mem 0x0000000000100000-0x000000007ffeffff] usable
Dec  9 20:52:30 debian kernel: [    0.000000] BIOS-e820: [mem 0x000000007fff0000-0x000000007fffffff] ACPI data
Dec  9 20:52:30 debian kernel: [    0.000000] BIOS-e820: [mem 0x00000000fec00000-0x00000000fec00fff] reserved
Dec  9 20:52:30 debian kernel: [    0.000000] BIOS-e820: [mem 0x00000000fee00000-0x00000000fee00fff] reserved
Dec  9 20:52:30 debian kernel: [    0.000000] BIOS-e820: [mem 0x00000000fffc0000-0x00000000ffffffff] reserved
Dec  9 20:52:30 debian kernel: [    0.000000] NX (Execute Disable) protection: active
Dec  9 20:52:30 debian kernel: [    0.000000] SMBIOS 2.5 present.
Dec  9 20:52:30 debian kernel: [    0.000000] DMI: innotek GmbH VirtualBox/VirtualBox, BIOS VirtualBox 12/01/2006
Dec  9 20:52:30 debian kernel: [    0.000000] Hypervisor detected: KVM
Dec  9 20:52:30 debian kernel: [    0.000000] kvm-clock: Using msrs 4b564d01 and 4b564d00
Dec  9 20:52:30 debian kernel: [    0.000000] kvm-clock: cpu 0, msr 64401001, primary cpu clock
Dec  9 20:52:30 debian kernel: [    0.000001] kvm-clock: using sched offset of 8861716364 cycles
Dec  9 20:52:30 debian kernel: [    0.000022] clocksource: kvm-clock: mask: 0xffffffffffffffff max_cycles: 0x1cd42e4dffb, max_idle_ns: 881590591483 ns
Dec  9 20:52:30 debian kernel: [    0.000028] tsc: Detected 2096.060 MHz processor
Dec  9 20:52:30 debian kernel: [    0.001249] last_pfn = 0x7fff0 max_arch_pfn = 0x400000000
Dec  9 20:52:30 debian kernel: [    0.001321] x86/PAT: Configuration [0-7]: WB  WC  UC- UC  WB  WP  UC- WT  
Dec  9 20:52:30 debian kernel: [    0.005577] found SMP MP-table at [mem 0x0009fbf0-0x0009fbff]
Dec  9 20:52:30 debian kernel: [    0.050977] RAMDISK: [mem 0x3483d000-0x36415fff]
Dec  9 20:52:30 debian kernel: [    0.050981] ACPI: Early table checksum verification disabled
Dec  9 20:52:30 debian kernel: [    0.050985] ACPI: RSDP 0x00000000000E0000 000024 (v02 VBOX  )
Dec  9 20:52:30 debian kernel: [    0.050989] ACPI: XSDT 0x000000007FFF0030 00003C (v01 VBOX   VBOXXSDT 00000001 ASL  00000061)
Dec  9 20:52:30 debian kernel: [    0.050994] ACPI: FACP 0x000000007FFF00F0 0000F4 (v04 VBOX   VBOXFACP 00000001 ASL  00000061)
Dec  9 20:52:30 debian kernel: [    0.050998] ACPI: DSDT 0x000000007FFF0610 002353 (v02 VBOX   VBOXBIOS 00000002 INTL 20200925)
Dec  9 20:52:30 debian kernel: [    0.051000] ACPI: FACS 0x000000007FFF0200 000040
Dec  9 20:52:30 debian kernel: [    0.051002] ACPI: FACS 0x000000007FFF0200 000040
Dec  9 20:52:30 debian kernel: [    0.051004] ACPI: APIC 0x000000007FFF0240 00005C (v02 VBOX   VBOXAPIC 00000001 ASL  00000061)
Dec  9 20:52:30 debian kernel: [    0.051007] ACPI: SSDT 0x000000007FFF02A0 00036C (v01 VBOX   VBOXCPUT 00000002 INTL 20200925)
Dec  9 20:52:30 debian kernel: [    0.051009] ACPI: Reserving FACP table memory at [mem 0x7fff00f0-0x7fff01e3]
Dec  9 20:52:30 debian kernel: [    0.051010] ACPI: Reserving DSDT table memory at [mem 0x7fff0610-0x7fff2962]
Dec  9 20:52:30 debian kernel: [    0.051011] ACPI: Reserving FACS table memory at [mem 0x7fff0200-0x7fff023f]
Dec  9 20:52:30 debian kernel: [    0.051011] ACPI: Reserving FACS table memory at [mem 0x7fff0200-0x7fff023f]
Dec  9 20:52:30 debian kernel: [    0.051012] ACPI: Reserving APIC table memory at [mem 0x7fff0240-0x7fff029b]
Dec  9 20:52:30 debian kernel: [    0.051013] ACPI: Reserving SSDT table memory at [mem 0x7fff02a0-0x7fff060b]
Dec  9 20:52:30 debian kernel: [    0.051139] No NUMA configuration found
Dec  9 20:52:30 debian kernel: [    0.051140] Faking a node at [mem 0x0000000000000000-0x000000007ffeffff]
Dec  9 20:52:30 debian kernel: [    0.051148] NODE_DATA(0) allocated [mem 0x7ffc6000-0x7ffeffff]
Dec  9 20:52:30 debian kernel: [    0.051422] Zone ranges:
Dec  9 20:52:30 debian kernel: [    0.051423]   DMA      [mem 0x0000000000001000-0x0000000000ffffff]
Dec  9 20:52:30 debian kernel: [    0.051424]   DMA32    [mem 0x0000000001000000-0x000000007ffeffff]
Dec  9 20:52:30 debian kernel: [    0.051425]   Normal   empty
Dec  9 20:52:30 debian kernel: [    0.051426]   Device   empty
Dec  9 20:52:30 debian kernel: [    0.051427] Movable zone start for each node
Dec  9 20:52:30 debian kernel: [    0.051429] Early memory node ranges
Dec  9 20:52:30 debian kernel: [    0.051430]   node   0: [mem 0x0000000000001000-0x000000000009efff]
Dec  9 20:52:30 debian kernel: [    0.051431]   node   0: [mem 0x0000000000100000-0x000000007ffeffff]
Dec  9 20:52:30 debian kernel: [    0.051432] Initmem setup node 0 [mem 0x0000000000001000-0x000000007ffeffff]
Dec  9 20:52:30 debian kernel: [    0.051440] On node 0, zone DMA: 1 pages in unavailable ranges
Dec  9 20:52:30 debian kernel: [    0.051470] On node 0, zone DMA: 97 pages in unavailable ranges
Dec  9 20:52:30 debian kernel: [    0.052004] On node 0, zone DMA32: 16 pages in unavailable ranges
Dec  9 20:52:30 debian kernel: [    0.052231] ACPI: PM-Timer IO Port: 0x4008
Dec  9 20:52:30 debian kernel: [    0.052288] IOAPIC[0]: apic_id 2, version 32, address 0xfec00000, GSI 0-23
Dec  9 20:52:30 debian kernel: [    0.052291] ACPI: INT_SRC_OVR (bus 0 bus_irq 0 global_irq 2 dfl dfl)
Dec  9 20:52:30 debian kernel: [    0.052292] ACPI: INT_SRC_OVR (bus 0 bus_irq 9 global_irq 9 low level)
Dec  9 20:52:30 debian kernel: [    0.052295] Using ACPI (MADT) for SMP configuration information
Dec  9 20:52:30 debian kernel: [    0.052302] smpboot: Allowing 2 CPUs, 0 hotplug CPUs
Dec  9 20:52:30 debian kernel: [    0.052327] PM: hibernation: Registered nosave memory: [mem 0x00000000-0x00000fff]
Dec  9 20:52:30 debian kernel: [    0.052328] PM: hibernation: Registered nosave memory: [mem 0x0009f000-0x0009ffff]
Dec  9 20:52:30 debian kernel: [    0.052329] PM: hibernation: Registered nosave memory: [mem 0x000a0000-0x000effff]
Dec  9 20:52:30 debian kernel: [    0.052329] PM: hibernation: Registered nosave memory: [mem 0x000f0000-0x000fffff]
Dec  9 20:52:30 debian kernel: [    0.052331] [mem 0x80000000-0xfebfffff] available for PCI devices
Dec  9 20:52:30 debian kernel: [    0.052332] Booting paravirtualized kernel on KVM
Dec  9 20:52:30 debian kernel: [    0.052334] clocksource: refined-jiffies: mask: 0xffffffff max_cycles: 0xffffffff, max_idle_ns: 7645519600211568 ns
Dec  9 20:52:30 debian kernel: [    0.055587] setup_percpu: NR_CPUS:8192 nr_cpumask_bits:2 nr_cpu_ids:2 nr_node_ids:1
Dec  9 20:52:30 debian kernel: [    0.056013] percpu: Embedded 63 pages/cpu s221184 r8192 d28672 u1048576
Dec  9 20:52:30 debian kernel: [    0.056043] kvm-guest: PV spinlocks enabled
Dec  9 20:52:30 debian kernel: [    0.056045] PV qspinlock hash table entries: 256 (order: 0, 4096 bytes, linear)
Dec  9 20:52:30 debian kernel: [    0.056053] Built 1 zonelists, mobility grouping on.  Total pages: 515961
Dec  9 20:52:30 debian kernel: [    0.056054] Policy zone: DMA32
Dec  9 20:52:30 debian kernel: [    0.056055] Kernel command line: BOOT_IMAGE=/boot/vmlinuz-5.10.0-30-amd64 root=UUID=cd2cb4ca-39bd-4522-919c-e4ceb81b5ae8 ro quiet
Dec  9 20:52:30 debian kernel: [    0.056440] Dentry cache hash table entries: 262144 (order: 9, 2097152 bytes, linear)
Dec  9 20:52:30 debian kernel: [    0.056555] Inode-cache hash table entries: 131072 (order: 8, 1048576 bytes, linear)
Dec  9 20:52:30 debian kernel: [    0.056579] mem auto-init: stack:off, heap alloc:on, heap free:off
Dec  9 20:52:30 debian kernel: [    0.058259] Memory: 261408K/2096696K available (12295K kernel code, 2537K rwdata, 7592K rodata, 2672K init, 17708K bss, 114388K reserved, 0K cma-reserved)
Dec  9 20:52:30 debian kernel: [    0.058876] SLUB: HWalign=64, Order=0-3, MinObjects=0, CPUs=2, Nodes=1
Dec  9 20:52:30 debian kernel: [    0.058939] ftrace: allocating 36669 entries in 144 pages
Dec  9 20:52:30 debian kernel: [    0.072269] ftrace: allocated 144 pages with 2 groups
Dec  9 20:52:30 debian kernel: [    0.072440] rcu: Hierarchical RCU implementation.
Dec  9 20:52:30 debian kernel: [    0.072441] rcu: 	RCU restricting CPUs from NR_CPUS=8192 to nr_cpu_ids=2.
Dec  9 20:52:30 debian kernel: [    0.072442] 	Rude variant of Tasks RCU enabled.
Dec  9 20:52:30 debian kernel: [    0.072442] 	Tracing variant of Tasks RCU enabled.
Dec  9 20:52:30 debian kernel: [    0.072443] rcu: RCU calculated value of scheduler-enlistment delay is 25 jiffies.
Dec  9 20:52:30 debian kernel: [    0.072444] rcu: Adjusting geometry for rcu_fanout_leaf=16, nr_cpu_ids=2
Dec  9 20:52:30 debian kernel: [    0.076022] NR_IRQS: 524544, nr_irqs: 440, preallocated irqs: 16
Dec  9 20:52:30 debian kernel: [    0.076305] random: crng init done
Dec  9 20:52:30 debian kernel: [    0.086218] Console: colour VGA+ 80x25
Dec  9 20:52:30 debian kernel: [    0.086225] printk: console [tty0] enabled
Dec  9 20:52:30 debian kernel: [    0.086238] ACPI: Core revision 20200925
Dec  9 20:52:30 debian kernel: [    0.086344] APIC: Switch to symmetric I/O mode setup
Dec  9 20:52:30 debian kernel: [    0.086593] x2apic enabled
Dec  9 20:52:30 debian kernel: [    0.086838] Switched APIC routing to physical x2apic.
Dec  9 20:52:30 debian kernel: [    0.087929] ..TIMER: vector=0x30 apic1=0 pin1=2 apic2=-1 pin2=-1
Dec  9 20:52:30 debian kernel: [    0.087953] clocksource: tsc-early: mask: 0xffffffffffffffff max_cycles: 0x1e36a685b69, max_idle_ns: 440795255641 ns
Dec  9 20:52:30 debian kernel: [    0.087961] Calibrating delay loop (skipped) preset value.. 4192.12 BogoMIPS (lpj=8384240)
Dec  9 20:52:30 debian kernel: [    0.088047] Last level iTLB entries: 4KB 1024, 2MB 1024, 4MB 512
Dec  9 20:52:30 debian kernel: [    0.088048] Last level dTLB entries: 4KB 2048, 2MB 2048, 4MB 1024, 1GB 0
Dec  9 20:52:30 debian kernel: [    0.088050] Spectre V1 : Mitigation: usercopy/swapgs barriers and __user pointer sanitization
Dec  9 20:52:30 debian kernel: [    0.088051] Spectre V2 : Mitigation: Retpolines
Dec  9 20:52:30 debian kernel: [    0.088051] Spectre V2 : Spectre v2 / SpectreRSB mitigation: Filling RSB on context switch
Dec  9 20:52:30 debian kernel: [    0.088052] Spectre V2 : Spectre v2 / SpectreRSB : Filling RSB on VMEXIT
Dec  9 20:52:30 debian kernel: [    0.088053] RETBleed: Mitigation: untrained return thunk
Dec  9 20:52:30 debian kernel: [    0.088054] Speculative Return Stack Overflow: IBPB-extending microcode not applied!
Dec  9 20:52:30 debian kernel: [    0.088054] Speculative Return Stack Overflow: WARNING: See https://kernel.org/doc/html/latest/admin-guide/hw-vuln/srso.html for mitigation options.
Dec  9 20:52:30 debian kernel: [    0.088055] Speculative Return Stack Overflow: Mitigation: safe RET, no microcode
Dec  9 20:52:30 debian kernel: [    0.088070] x86/fpu: Supporting XSAVE feature 0x001: 'x87 floating point registers'
Dec  9 20:52:30 debian kernel: [    0.088070] x86/fpu: Supporting XSAVE feature 0x002: 'SSE registers'
Dec  9 20:52:30 debian kernel: [    0.088070] x86/fpu: Supporting XSAVE feature 0x004: 'AVX registers'
Dec  9 20:52:30 debian kernel: [    0.088072] x86/fpu: xstate_offset[2]:  576, xstate_sizes[2]:  256
Dec  9 20:52:30 debian kernel: [    0.088073] x86/fpu: Enabled xstate features 0x7, context size is 832 bytes, using 'standard' format.
Dec  9 20:52:30 debian kernel: [    0.099218] Freeing SMP alternatives memory: 32K
Dec  9 20:52:30 debian kernel: [    0.101097] pid_max: default: 32768 minimum: 301
Dec  9 20:52:30 debian kernel: [    0.101139] LSM: Security Framework initializing
Dec  9 20:52:30 debian kernel: [    0.101150] Yama: disabled by default; enable with sysctl kernel.yama.*
Dec  9 20:52:30 debian kernel: [    0.101189] AppArmor: AppArmor initialized
Dec  9 20:52:30 debian kernel: [    0.101190] TOMOYO Linux initialized
Dec  9 20:52:30 debian kernel: [    0.101209] Mount-cache hash table entries: 4096 (order: 3, 32768 bytes, linear)
Dec  9 20:52:30 debian kernel: [    0.101213] Mountpoint-cache hash table entries: 4096 (order: 3, 32768 bytes, linear)
Dec  9 20:52:30 debian kernel: [    0.212384] APIC calibration not consistent with PM-Timer: 101ms instead of 100ms
Dec  9 20:52:30 debian kernel: [    0.212386] APIC delta adjusted to PM-Timer: 6277629 (6369298)
Dec  9 20:52:30 debian kernel: [    0.212464] smpboot: CPU0: AMD Ryzen 5 5500U with Radeon Graphics (family: 0x17, model: 0x68, stepping: 0x1)
Dec  9 20:52:30 debian kernel: [    0.212677] Performance Events: PMU not available due to virtualization, using software events only.
Dec  9 20:52:30 debian kernel: [    0.212723] rcu: Hierarchical SRCU implementation.
Dec  9 20:52:30 debian kernel: [    0.213103] NMI watchdog: Perf NMI watchdog permanently disabled
Dec  9 20:52:30 debian kernel: [    0.213170] smp: Bringing up secondary CPUs ...
Dec  9 20:52:30 debian kernel: [    0.213285] x86: Booting SMP configuration:
Dec  9 20:52:30 debian kernel: [    0.213286] .... node  #0, CPUs:      #1
Dec  9 20:52:30 debian kernel: [    0.015676] kvm-clock: cpu 1, msr 64401041, secondary cpu clock
Dec  9 20:52:30 debian kernel: [    0.215932] smp: Brought up 1 node, 2 CPUs
Dec  9 20:52:30 debian kernel: [    0.215932] smpboot: Max logical packages: 1
Dec  9 20:52:30 debian kernel: [    0.215932] smpboot: Total of 2 processors activated (8384.24 BogoMIPS)
Dec  9 20:52:30 debian kernel: [    0.219955] node 0 deferred pages initialised in 4ms
Dec  9 20:52:30 debian kernel: [    0.219955] devtmpfs: initialized
Dec  9 20:52:30 debian kernel: [    0.219955] x86/mm: Memory block size: 128MB
Dec  9 20:52:30 debian kernel: [    0.219955] clocksource: jiffies: mask: 0xffffffff max_cycles: 0xffffffff, max_idle_ns: 7645041785100000 ns
Dec  9 20:52:30 debian kernel: [    0.219955] futex hash table entries: 512 (order: 3, 32768 bytes, linear)
Dec  9 20:52:30 debian kernel: [    0.219955] pinctrl core: initialized pinctrl subsystem
Dec  9 20:52:30 debian kernel: [    0.219955] NET: Registered protocol family 16
Dec  9 20:52:30 debian kernel: [    0.219955] DMA: preallocated 256 KiB GFP_KERNEL pool for atomic allocations
Dec  9 20:52:30 debian kernel: [    0.219955] DMA: preallocated 256 KiB GFP_KERNEL|GFP_DMA pool for atomic allocations
Dec  9 20:52:30 debian kernel: [    0.219955] DMA: preallocated 256 KiB GFP_KERNEL|GFP_DMA32 pool for atomic allocations
Dec  9 20:52:30 debian kernel: [    0.219955] audit: initializing netlink subsys (disabled)
Dec  9 20:52:30 debian kernel: [    0.219955] audit: type=2000 audit(1765324355.420:1): state=initialized audit_enabled=0 res=1
Dec  9 20:52:30 debian kernel: [    0.219955] thermal_sys: Registered thermal governor 'fair_share'
Dec  9 20:52:30 debian kernel: [    0.219955] thermal_sys: Registered thermal governor 'bang_bang'
Dec  9 20:52:30 debian kernel: [    0.219955] thermal_sys: Registered thermal governor 'step_wise'
Dec  9 20:52:30 debian kernel: [    0.219955] thermal_sys: Registered thermal governor 'user_space'
Dec  9 20:52:30 debian kernel: [    0.219955] thermal_sys: Registered thermal governor 'power_allocator'
Dec  9 20:52:30 debian kernel: [    0.219955] cpuidle: using governor ladder
Dec  9 20:52:30 debian kernel: [    0.219955] cpuidle: using governor menu
Dec  9 20:52:30 debian kernel: [    0.219955] ACPI: bus type PCI registered
Dec  9 20:52:30 debian kernel: [    0.219955] acpiphp: ACPI Hot Plug PCI Controller Driver version: 0.5
Dec  9 20:52:30 debian kernel: [    0.219955] PCI: Using configuration type 1 for base access
Dec  9 20:52:30 debian kernel: [    0.219955] PCI: Using configuration type 1 for extended access
Dec  9 20:52:30 debian kernel: [    0.220633] Kprobes globally optimized
Dec  9 20:52:30 debian kernel: [    0.220641] HugeTLB registered 2.00 MiB page size, pre-allocated 0 pages
Dec  9 20:52:30 debian kernel: [    0.320223] ACPI: Added _OSI(Module Device)
Dec  9 20:52:30 debian kernel: [    0.320223] ACPI: Added _OSI(Processor Device)
Dec  9 20:52:30 debian kernel: [    0.320223] ACPI: Added _OSI(3.0 _SCP Extensions)
Dec  9 20:52:30 debian kernel: [    0.320223] ACPI: Added _OSI(Processor Aggregator Device)
Dec  9 20:52:30 debian kernel: [    0.320223] ACPI: Added _OSI(Linux-Dell-Video)
Dec  9 20:52:30 debian kernel: [    0.320223] ACPI: Added _OSI(Linux-Lenovo-NV-HDMI-Audio)
Dec  9 20:52:30 debian kernel: [    0.320223] ACPI: Added _OSI(Linux-HPI-Hybrid-Graphics)
Dec  9 20:52:30 debian kernel: [    0.320942] ACPI: 2 ACPI AML tables successfully acquired and loaded
Dec  9 20:52:30 debian kernel: [    0.322744] ACPI: Interpreter enabled
Dec  9 20:52:30 debian kernel: [    0.322760] ACPI: (supports S0 S5)
Dec  9 20:52:30 debian kernel: [    0.322762] ACPI: Using IOAPIC for interrupt routing
Dec  9 20:52:30 debian kernel: [    0.323014] PCI: Using host bridge windows from ACPI; if necessary, use "pci=nocrs" and report a bug
Dec  9 20:52:30 debian kernel: [    0.323135] ACPI: Enabled 2 GPEs in block 00 to 07
Dec  9 20:52:30 debian kernel: [    0.329526] ACPI: PCI Root Bridge [PCI0] (domain 0000 [bus 00-ff])
Dec  9 20:52:30 debian kernel: [    0.329533] acpi PNP0A03:00: _OSC: OS supports [ExtendedConfig ASPM ClockPM Segments MSI HPX-Type3]
Dec  9 20:52:30 debian kernel: [    0.330645] acpi PNP0A03:00: _OSC: platform does not support [PCIeCapability LTR]
Dec  9 20:52:30 debian kernel: [    0.331176] acpi PNP0A03:00: _OSC: not requesting control; platform does not support [PCIeCapability]
Dec  9 20:52:30 debian kernel: [    0.331178] acpi PNP0A03:00: _OSC: OS requested [PCIeHotplug SHPCHotplug PME AER PCIeCapability LTR]
Dec  9 20:52:30 debian kernel: [    0.331180] acpi PNP0A03:00: _OSC: platform willing to grant [PCIeHotplug SHPCHotplug PME AER]
Dec  9 20:52:30 debian kernel: [    0.331181] acpi PNP0A03:00: _OSC failed (AE_SUPPORT); disabling ASPM
Dec  9 20:52:30 debian kernel: [    0.331479] PCI host bridge to bus 0000:00
Dec  9 20:52:30 debian kernel: [    0.331482] pci_bus 0000:00: root bus resource [io  0x0000-0x0cf7 window]
Dec  9 20:52:30 debian kernel: [    0.331484] pci_bus 0000:00: root bus resource [io  0x0d00-0xffff window]
Dec  9 20:52:30 debian kernel: [    0.331485] pci_bus 0000:00: root bus resource [mem 0x000a0000-0x000bffff window]
Dec  9 20:52:30 debian kernel: [    0.331487] pci_bus 0000:00: root bus resource [mem 0x80000000-0xfdffffff window]
Dec  9 20:52:30 debian kernel: [    0.331488] pci_bus 0000:00: root bus resource [bus 00-ff]
Dec  9 20:52:30 debian kernel: [    0.331595] pci 0000:00:00.0: [8086:1237] type 00 class 0x060000
Dec  9 20:52:30 debian kernel: [    0.332348] pci 0000:00:01.0: [8086:7000] type 00 class 0x060100
Dec  9 20:52:30 debian kernel: [    0.332803] pci 0000:00:01.1: [8086:7111] type 00 class 0x01018a
Dec  9 20:52:30 debian kernel: [    0.333003] pci 0000:00:01.1: reg 0x20: [io  0xd000-0xd00f]
Dec  9 20:52:30 debian kernel: [    0.333087] pci 0000:00:01.1: legacy IDE quirk: reg 0x10: [io  0x01f0-0x01f7]
Dec  9 20:52:30 debian kernel: [    0.333088] pci 0000:00:01.1: legacy IDE quirk: reg 0x14: [io  0x03f6]
Dec  9 20:52:30 debian kernel: [    0.333089] pci 0000:00:01.1: legacy IDE quirk: reg 0x18: [io  0x0170-0x0177]
Dec  9 20:52:30 debian kernel: [    0.333091] pci 0000:00:01.1: legacy IDE quirk: reg 0x1c: [io  0x0376]
Dec  9 20:52:30 debian kernel: [    0.333267] pci 0000:00:02.0: [15ad:0405] type 00 class 0x030000
Dec  9 20:52:30 debian kernel: [    0.334701] pci 0000:00:02.0: reg 0x10: [io  0xd010-0xd01f]
Dec  9 20:52:30 debian kernel: [    0.336170] pci 0000:00:02.0: reg 0x14: [mem 0xe0000000-0xe0ffffff pref]
Dec  9 20:52:30 debian kernel: [    0.337489] pci 0000:00:02.0: reg 0x18: [mem 0xf0000000-0xf01fffff]
Dec  9 20:52:30 debian kernel: [    0.342249] pci 0000:00:03.0: [8086:100e] type 00 class 0x020000
Dec  9 20:52:30 debian kernel: [    0.343571] pci 0000:00:03.0: reg 0x10: [mem 0xf0200000-0xf021ffff]
Dec  9 20:52:30 debian kernel: [    0.344034] pci 0000:00:03.0: reg 0x18: [io  0xd020-0xd027]
Dec  9 20:52:30 debian kernel: [    0.348582] pci 0000:00:04.0: [80ee:cafe] type 00 class 0x088000
Dec  9 20:52:30 debian kernel: [    0.349484] pci 0000:00:04.0: reg 0x10: [io  0xd040-0xd05f]
Dec  9 20:52:30 debian kernel: [    0.350623] pci 0000:00:04.0: reg 0x14: [mem 0xf0400000-0xf07fffff]
Dec  9 20:52:30 debian kernel: [    0.352033] pci 0000:00:04.0: reg 0x18: [mem 0xf0800000-0xf0803fff pref]
Dec  9 20:52:30 debian kernel: [    0.356271] pci 0000:00:05.0: [8086:2415] type 00 class 0x040100
Dec  9 20:52:30 debian kernel: [    0.356342] pci 0000:00:05.0: reg 0x10: [io  0xd100-0xd1ff]
Dec  9 20:52:30 debian kernel: [    0.356377] pci 0000:00:05.0: reg 0x14: [io  0xd200-0xd23f]
Dec  9 20:52:30 debian kernel: [    0.356734] pci 0000:00:06.0: [106b:003f] type 00 class 0x0c0310
Dec  9 20:52:30 debian kernel: [    0.357909] pci 0000:00:06.0: reg 0x10: [mem 0xf0804000-0xf0804fff]
Dec  9 20:52:30 debian kernel: [    0.364322] pci 0000:00:07.0: [8086:7113] type 00 class 0x068000
Dec  9 20:52:30 debian kernel: [    0.364546] pci 0000:00:07.0: quirk: [io  0x4000-0x403f] claimed by PIIX4 ACPI
Dec  9 20:52:30 debian kernel: [    0.364552] pci 0000:00:07.0: quirk: [io  0x4100-0x410f] claimed by PIIX4 SMB
Dec  9 20:52:30 debian kernel: [    0.364797] pci 0000:00:0d.0: [8086:2829] type 00 class 0x010601
Dec  9 20:52:30 debian kernel: [    0.365985] pci 0000:00:0d.0: reg 0x10: [io  0xd240-0xd247]
Dec  9 20:52:30 debian kernel: [    0.367205] pci 0000:00:0d.0: reg 0x14: [io  0xd248-0xd24b]
Dec  9 20:52:30 debian kernel: [    0.368034] pci 0000:00:0d.0: reg 0x18: [io  0xd250-0xd257]
Dec  9 20:52:30 debian kernel: [    0.369210] pci 0000:00:0d.0: reg 0x1c: [io  0xd258-0xd25b]
Dec  9 20:52:30 debian kernel: [    0.370357] pci 0000:00:0d.0: reg 0x20: [io  0xd260-0xd26f]
Dec  9 20:52:30 debian kernel: [    0.371504] pci 0000:00:0d.0: reg 0x24: [mem 0xf0806000-0xf0807fff]
Dec  9 20:52:30 debian kernel: [    0.373667] ACPI: PCI Interrupt Link [LNKA] (IRQs 5 9 10 *11)
Dec  9 20:52:30 debian kernel: [    0.373979] ACPI: PCI Interrupt Link [LNKB] (IRQs 5 9 *10 11)
Dec  9 20:52:30 debian kernel: [    0.374073] ACPI: PCI Interrupt Link [LNKC] (IRQs 5 *9 10 11)
Dec  9 20:52:30 debian kernel: [    0.374162] ACPI: PCI Interrupt Link [LNKD] (IRQs 5 9 10 *11)
Dec  9 20:52:30 debian kernel: [    0.374372] iommu: Default domain type: Translated 
Dec  9 20:52:30 debian kernel: [    0.376008] pci 0000:00:02.0: vgaarb: setting as boot VGA device
Dec  9 20:52:30 debian kernel: [    0.376008] pci 0000:00:02.0: vgaarb: VGA device added: decodes=io+mem,owns=io+mem,locks=none
Dec  9 20:52:30 debian kernel: [    0.376008] pci 0000:00:02.0: vgaarb: bridge control possible
Dec  9 20:52:30 debian kernel: [    0.376008] vgaarb: loaded
Dec  9 20:52:30 debian kernel: [    0.376070] EDAC MC: Ver: 3.0.0
Dec  9 20:52:30 debian kernel: [    0.376213] NetLabel: Initializing
Dec  9 20:52:30 debian kernel: [    0.376213] NetLabel:  domain hash size = 128
Dec  9 20:52:30 debian kernel: [    0.376213] NetLabel:  protocols = UNLABELED CIPSOv4 CALIPSO
Dec  9 20:52:30 debian kernel: [    0.376213] NetLabel:  unlabeled traffic allowed by default
Dec  9 20:52:30 debian kernel: [    0.376213] PCI: Using ACPI for IRQ routing
Dec  9 20:52:30 debian kernel: [    0.376385] clocksource: Switched to clocksource kvm-clock
Dec  9 20:52:30 debian kernel: [    0.390646] VFS: Disk quotas dquot_6.6.0
Dec  9 20:52:30 debian kernel: [    0.390663] VFS: Dquot-cache hash table entries: 512 (order 0, 4096 bytes)
Dec  9 20:52:30 debian kernel: [    0.390840] AppArmor: AppArmor Filesystem Enabled
Dec  9 20:52:30 debian kernel: [    0.390862] pnp: PnP ACPI init
Dec  9 20:52:30 debian kernel: [    0.391768] pnp: PnP ACPI: found 2 devices
Dec  9 20:52:30 debian kernel: [    0.400445] clocksource: acpi_pm: mask: 0xffffff max_cycles: 0xffffff, max_idle_ns: 2085701024 ns
Dec  9 20:52:30 debian kernel: [    0.400536] NET: Registered protocol family 2
Dec  9 20:52:30 debian kernel: [    0.400592] IP idents hash table entries: 32768 (order: 6, 262144 bytes, linear)
Dec  9 20:52:30 debian kernel: [    0.401238] tcp_listen_portaddr_hash hash table entries: 1024 (order: 2, 16384 bytes, linear)
Dec  9 20:52:30 debian kernel: [    0.401289] TCP established hash table entries: 16384 (order: 5, 131072 bytes, linear)
Dec  9 20:52:30 debian kernel: [    0.401336] TCP bind hash table entries: 16384 (order: 6, 262144 bytes, linear)
Dec  9 20:52:30 debian kernel: [    0.401354] TCP: Hash tables configured (established 16384 bind 16384)
Dec  9 20:52:30 debian kernel: [    0.401439] UDP hash table entries: 1024 (order: 3, 32768 bytes, linear)
Dec  9 20:52:30 debian kernel: [    0.401446] UDP-Lite hash table entries: 1024 (order: 3, 32768 bytes, linear)
Dec  9 20:52:30 debian kernel: [    0.401488] NET: Registered protocol family 1
Dec  9 20:52:30 debian kernel: [    0.401502] NET: Registered protocol family 44
Dec  9 20:52:30 debian kernel: [    0.401517] pci_bus 0000:00: resource 4 [io  0x0000-0x0cf7 window]
Dec  9 20:52:30 debian kernel: [    0.401519] pci_bus 0000:00: resource 5 [io  0x0d00-0xffff window]
Dec  9 20:52:30 debian kernel: [    0.401521] pci_bus 0000:00: resource 6 [mem 0x000a0000-0x000bffff window]
Dec  9 20:52:30 debian kernel: [    0.401522] pci_bus 0000:00: resource 7 [mem 0x80000000-0xfdffffff window]
Dec  9 20:52:30 debian kernel: [    0.401570] pci 0000:00:00.0: Limiting direct PCI/PCI transfers
Dec  9 20:52:30 debian kernel: [    0.401578] pci 0000:00:01.0: Activating ISA DMA hang workarounds
Dec  9 20:52:30 debian kernel: [    0.401607] pci 0000:00:02.0: Video device with shadowed ROM at [mem 0x000c0000-0x000dffff]
Dec  9 20:52:30 debian kernel: [    0.403031] PCI: CLS 0 bytes, default 64
Dec  9 20:52:30 debian kernel: [    0.403085] Trying to unpack rootfs image as initramfs...
Dec  9 20:52:30 debian kernel: [    0.764595] Freeing initrd memory: 28516K
Dec  9 20:52:30 debian kernel: [    0.764657] clocksource: tsc: mask: 0xffffffffffffffff max_cycles: 0x1e36a685b69, max_idle_ns: 440795255641 ns
Dec  9 20:52:30 debian kernel: [    0.764722] clocksource: Switched to clocksource tsc
Dec  9 20:52:30 debian kernel: [    0.764769] platform rtc_cmos: registered platform RTC device (no PNP device found)
Dec  9 20:52:30 debian kernel: [    0.765301] Initialise system trusted keyrings
Dec  9 20:52:30 debian kernel: [    0.765311] Key type blacklist registered
Dec  9 20:52:30 debian kernel: [    0.765550] workingset: timestamp_bits=36 max_order=19 bucket_order=0
Dec  9 20:52:30 debian kernel: [    0.767869] zbud: loaded
Dec  9 20:52:30 debian kernel: [    0.768109] integrity: Platform Keyring initialized
Dec  9 20:52:30 debian kernel: [    0.768112] Key type asymmetric registered
Dec  9 20:52:30 debian kernel: [    0.768114] Asymmetric key parser 'x509' registered
Dec  9 20:52:30 debian kernel: [    0.768123] Block layer SCSI generic (bsg) driver version 0.4 loaded (major 251)
Dec  9 20:52:30 debian kernel: [    0.768218] io scheduler mq-deadline registered
Dec  9 20:52:30 debian kernel: [    0.768746] shpchp: Standard Hot Plug PCI Controller Driver version: 0.4
Dec  9 20:52:30 debian kernel: [    0.769122] Serial: 8250/16550 driver, 4 ports, IRQ sharing enabled
Dec  9 20:52:30 debian kernel: [    0.769616] Linux agpgart interface v0.103
Dec  9 20:52:30 debian kernel: [    0.769704] AMD-Vi: AMD IOMMUv2 functionality not available on this system - This is not a bug.
Dec  9 20:52:30 debian kernel: [    0.769917] i8042: PNP: PS/2 Controller [PNP0303:PS2K,PNP0f03:PS2M] at 0x60,0x64 irq 1,12
Dec  9 20:52:30 debian kernel: [    0.770322] serio: i8042 KBD port at 0x60,0x64 irq 1
Dec  9 20:52:30 debian kernel: [    0.770327] serio: i8042 AUX port at 0x60,0x64 irq 12
Dec  9 20:52:30 debian kernel: [    0.770496] mousedev: PS/2 mouse device common for all mice
Dec  9 20:52:30 debian kernel: [    0.770835] input: AT Translated Set 2 keyboard as /devices/platform/i8042/serio0/input/input0
Dec  9 20:52:30 debian kernel: [    0.771106] rtc_cmos rtc_cmos: registered as rtc0
Dec  9 20:52:30 debian kernel: [    0.771145] rtc_cmos rtc_cmos: setting system clock to 2025-12-09T23:52:28 UTC (1765324348)
Dec  9 20:52:30 debian kernel: [    0.771197] rtc_cmos rtc_cmos: alarms up to one day, 114 bytes nvram
Dec  9 20:52:30 debian kernel: [    0.771244] ledtrig-cpu: registered to indicate activity on CPUs
Dec  9 20:52:30 debian kernel: [    0.771502] NET: Registered protocol family 10
Dec  9 20:52:30 debian kernel: [    0.778622] Segment Routing with IPv6
Dec  9 20:52:30 debian kernel: [    0.778659] mip6: Mobile IPv6
Dec  9 20:52:30 debian kernel: [    0.778662] NET: Registered protocol family 17
Dec  9 20:52:30 debian kernel: [    0.778730] mpls_gso: MPLS GSO support
Dec  9 20:52:30 debian kernel: [    0.778896] IPI shorthand broadcast: enabled
Dec  9 20:52:30 debian kernel: [    0.778920] sched_clock: Marking stable (767181298, 11676196)->(787381220, -8523726)
Dec  9 20:52:30 debian kernel: [    0.779049] registered taskstats version 1
Dec  9 20:52:30 debian kernel: [    0.779052] Loading compiled-in X.509 certificates
Dec  9 20:52:30 debian kernel: [    0.801894] Loaded X.509 cert 'Debian Secure Boot CA: 6ccece7e4c6c0d1f6149f3dd27dfcc5cbb419ea1'
Dec  9 20:52:30 debian kernel: [    0.801921] Loaded X.509 cert 'Debian Secure Boot Signer 2022 - linux: 14011249c2675ea8e5148542202005810584b25f'
Dec  9 20:52:30 debian kernel: [    0.801975] zswap: loaded using pool lzo/zbud
Dec  9 20:52:30 debian kernel: [    0.803221] Key type .fscrypt registered
Dec  9 20:52:30 debian kernel: [    0.803228] Key type fscrypt-provisioning registered
Dec  9 20:52:30 debian kernel: [    0.803279] AppArmor: AppArmor sha1 policy hashing enabled
Dec  9 20:52:30 debian kernel: [    0.803441] clk: Disabling unused clocks
Dec  9 20:52:30 debian kernel: [    0.805518] Freeing unused decrypted memory: 2036K
Dec  9 20:52:30 debian kernel: [    0.806117] Freeing unused kernel image (initmem) memory: 2672K
Dec  9 20:52:30 debian kernel: [    0.819762] Write protecting the kernel read-only data: 22528k
Dec  9 20:52:30 debian kernel: [    0.820618] Freeing unused kernel image (text/rodata gap) memory: 2040K
Dec  9 20:52:30 debian kernel: [    0.820873] Freeing unused kernel image (rodata/data gap) memory: 600K
Dec  9 20:52:30 debian kernel: [    0.882743] x86/mm: Checked W+X mappings: passed, no W+X pages found.
Dec  9 20:52:30 debian kernel: [    0.882756] Run /init as init process
Dec  9 20:52:30 debian kernel: [    0.934001] ACPI: Video Device [GFX0] (multi-head: yes  rom: no  post: no)
Dec  9 20:52:30 debian kernel: [    0.934095] input: Video Bus as /devices/LNXSYSTM:00/LNXSYBUS:00/PNP0A03:00/LNXVIDEO:00/input/input2
Dec  9 20:52:30 debian kernel: [    0.936444] battery: ACPI: Battery Slot [BAT0] (battery present)
Dec  9 20:52:30 debian kernel: [    0.943723] e1000: Intel(R) PRO/1000 Network Driver
Dec  9 20:52:30 debian kernel: [    0.943724] e1000: Copyright (c) 1999-2006 Intel Corporation.
Dec  9 20:52:30 debian kernel: [    0.946254] SCSI subsystem initialized
Dec  9 20:52:30 debian kernel: [    0.955011] piix4_smbus 0000:00:07.0: SMBus Host Controller at 0x4100, revision 0
Dec  9 20:52:30 debian kernel: [    0.971584] ACPI: bus type USB registered
Dec  9 20:52:30 debian kernel: [    0.971658] usbcore: registered new interface driver usbfs
Dec  9 20:52:30 debian kernel: [    0.971686] usbcore: registered new interface driver hub
Dec  9 20:52:30 debian kernel: [    0.971714] usbcore: registered new device driver usb
Dec  9 20:52:30 debian kernel: [    0.976610] ehci_hcd: USB 2.0 'Enhanced' Host Controller (EHCI) Driver
Dec  9 20:52:30 debian kernel: [    0.979335] ohci_hcd: USB 1.1 'Open' Host Controller (OHCI) Driver
Dec  9 20:52:30 debian kernel: [    0.980237] ehci-pci: EHCI PCI platform driver
Dec  9 20:52:30 debian kernel: [    0.980541] scsi host0: ata_piix
Dec  9 20:52:30 debian kernel: [    0.981642] ohci-pci: OHCI PCI platform driver
Dec  9 20:52:30 debian kernel: [    0.986850] ohci-pci 0000:00:06.0: OHCI PCI host controller
Dec  9 20:52:30 debian kernel: [    0.986857] ohci-pci 0000:00:06.0: new USB bus registered, assigned bus number 1
Dec  9 20:52:30 debian kernel: [    0.986932] ohci-pci 0000:00:06.0: irq 22, io mem 0xf0804000
Dec  9 20:52:30 debian kernel: [    0.987107] ahci 0000:00:0d.0: SSS flag set, parallel bus scan disabled
Dec  9 20:52:30 debian kernel: [    0.987134] scsi host1: ata_piix
Dec  9 20:52:30 debian kernel: [    0.987189] ata1: PATA max UDMA/33 cmd 0x1f0 ctl 0x3f6 bmdma 0xd000 irq 14
Dec  9 20:52:30 debian kernel: [    0.987191] ata2: PATA max UDMA/33 cmd 0x170 ctl 0x376 bmdma 0xd008 irq 15
Dec  9 20:52:30 debian kernel: [    0.987239] ahci 0000:00:0d.0: AHCI 0001.0100 32 slots 2 ports 3 Gbps 0x3 impl SATA mode
Dec  9 20:52:30 debian kernel: [    0.987241] ahci 0000:00:0d.0: flags: 64bit ncq stag only ccc 
Dec  9 20:52:30 debian kernel: [    0.988279] scsi host2: ahci
Dec  9 20:52:30 debian kernel: [    0.988526] scsi host3: ahci
Dec  9 20:52:30 debian kernel: [    0.988592] ata3: SATA max UDMA/133 abar m8192@0xf0806000 port 0xf0806100 irq 21
Dec  9 20:52:30 debian kernel: [    0.988596] ata4: SATA max UDMA/133 abar m8192@0xf0806000 port 0xf0806180 irq 21
Dec  9 20:52:30 debian kernel: [    1.048002] usb usb1: New USB device found, idVendor=1d6b, idProduct=0001, bcdDevice= 5.10
Dec  9 20:52:30 debian kernel: [    1.048005] usb usb1: New USB device strings: Mfr=3, Product=2, SerialNumber=1
Dec  9 20:52:30 debian kernel: [    1.048007] usb usb1: Product: OHCI PCI host controller
Dec  9 20:52:30 debian kernel: [    1.048008] usb usb1: Manufacturer: Linux 5.10.0-30-amd64 ohci_hcd
Dec  9 20:52:30 debian kernel: [    1.048009] usb usb1: SerialNumber: 0000:00:06.0
Dec  9 20:52:30 debian kernel: [    1.048273] hub 1-0:1.0: USB hub found
Dec  9 20:52:30 debian kernel: [    1.048334] hub 1-0:1.0: 12 ports detected
Dec  9 20:52:30 debian kernel: [    1.193833] input: ImExPS/2 Generic Explorer Mouse as /devices/platform/i8042/serio1/input/input3
Dec  9 20:52:30 debian kernel: [    1.302834] ata3: SATA link up 3.0 Gbps (SStatus 123 SControl 300)
Dec  9 20:52:30 debian kernel: [    1.302943] ata3.00: ATA-6: VBOX HARDDISK, 1.0, max UDMA/133
Dec  9 20:52:30 debian kernel: [    1.302945] ata3.00: 20971520 sectors, multi 128: LBA48 NCQ (depth 32)
Dec  9 20:52:30 debian kernel: [    1.303038] ata3.00: configured for UDMA/133
Dec  9 20:52:30 debian kernel: [    1.303170] scsi 2:0:0:0: Direct-Access     ATA      VBOX HARDDISK    1.0  PQ: 0 ANSI: 5
Dec  9 20:52:30 debian kernel: [    1.311530] e1000 0000:00:03.0 eth0: (PCI:33MHz:32-bit) 08:00:27:06:89:83
Dec  9 20:52:30 debian kernel: [    1.311536] e1000 0000:00:03.0 eth0: Intel(R) PRO/1000 Network Connection
Dec  9 20:52:30 debian kernel: [    1.339750] usb 1-1: new full-speed USB device number 2 using ohci-pci
Dec  9 20:52:30 debian kernel: [    1.620867] ata4: SATA link up 3.0 Gbps (SStatus 123 SControl 300)
Dec  9 20:52:30 debian kernel: [    1.620988] ata4.00: ATA-6: VBOX HARDDISK, 1.0, max UDMA/133
Dec  9 20:52:30 debian kernel: [    1.620989] ata4.00: 16777216 sectors, multi 128: LBA48 NCQ (depth 32)
Dec  9 20:52:30 debian kernel: [    1.621112] ata4.00: configured for UDMA/133
Dec  9 20:52:30 debian kernel: [    1.621289] scsi 3:0:0:0: Direct-Access     ATA      VBOX HARDDISK    1.0  PQ: 0 ANSI: 5
Dec  9 20:52:30 debian kernel: [    1.624394] e1000 0000:00:03.0 enp0s3: renamed from eth0
Dec  9 20:52:30 debian kernel: [    1.629267] sd 3:0:0:0: [sdb] 16777216 512-byte logical blocks: (8.59 GB/8.00 GiB)
Dec  9 20:52:30 debian kernel: [    1.629278] sd 2:0:0:0: [sda] 20971520 512-byte logical blocks: (10.7 GB/10.0 GiB)
Dec  9 20:52:30 debian kernel: [    1.629283] sd 3:0:0:0: [sdb] Write Protect is off
Dec  9 20:52:30 debian kernel: [    1.629286] sd 2:0:0:0: [sda] Write Protect is off
Dec  9 20:52:30 debian kernel: [    1.629301] sd 2:0:0:0: [sda] Write cache: enabled, read cache: enabled, doesn't support DPO or FUA
Dec  9 20:52:30 debian kernel: [    1.629413] sd 3:0:0:0: [sdb] Write cache: enabled, read cache: enabled, doesn't support DPO or FUA
Dec  9 20:52:30 debian kernel: [    1.646413]  sdb: sdb1
Dec  9 20:52:30 debian kernel: [    1.646771] usb 1-1: New USB device found, idVendor=80ee, idProduct=0021, bcdDevice= 1.00
Dec  9 20:52:30 debian kernel: [    1.646773] usb 1-1: New USB device strings: Mfr=1, Product=3, SerialNumber=0
Dec  9 20:52:30 debian kernel: [    1.646775] usb 1-1: Product: USB Tablet
Dec  9 20:52:30 debian kernel: [    1.646776] usb 1-1: Manufacturer: VirtualBox
Dec  9 20:52:30 debian kernel: [    1.646920]  sda: sda1 sda2 < sda5 >
Dec  9 20:52:30 debian kernel: [    1.656063] hid: raw HID events driver (C) Jiri Kosina
Dec  9 20:52:30 debian kernel: [    1.659879] sd 2:0:0:0: [sda] Attached SCSI disk
Dec  9 20:52:30 debian kernel: [    1.659928] sd 3:0:0:0: [sdb] Attached SCSI disk
Dec  9 20:52:30 debian kernel: [    1.674213] usbcore: registered new interface driver usbhid
Dec  9 20:52:30 debian kernel: [    1.674215] usbhid: USB HID core driver
Dec  9 20:52:30 debian kernel: [    1.676309] input: VirtualBox USB Tablet as /devices/pci0000:00/0000:00:06.0/usb1/1-1/1-1:1.0/0003:80EE:0021.0001/input/input4
Dec  9 20:52:30 debian kernel: [    1.676435] hid-generic 0003:80EE:0021.0001: input,hidraw0: USB HID v1.10 Mouse [VirtualBox USB Tablet] on usb-0000:00:06.0-1/input0
Dec  9 20:52:30 debian kernel: [    1.804217] EXT4-fs (sda1): mounted filesystem with ordered data mode. Opts: (null)
Dec  9 20:52:30 debian kernel: [    1.845136] Not activating Mandatory Access Control as /sbin/tomoyo-init does not exist.
Dec  9 20:52:30 debian kernel: [    2.064622] fuse: init (API version 7.32)
Dec  9 20:52:30 debian kernel: [    2.091973] EXT4-fs (sda1): re-mounted. Opts: errors=remount-ro
Dec  9 20:52:30 debian kernel: [    2.107500] ACPI: bus type drm_connector registered
Dec  9 20:52:30 debian kernel: [    2.255370] input: Power Button as /devices/LNXSYSTM:00/LNXPWRBN:00/input/input5
Dec  9 20:52:30 debian kernel: [    2.267227] ACPI: AC Adapter [AC] (on-line)
Dec  9 20:52:30 debian kernel: [    2.271036] vboxguest: host-version: 7.1.12r169651 0x8000000f
Dec  9 20:52:30 debian kernel: [    2.271411] vbg_heartbeat_init: Setting up heartbeat to trigger every 2000 milliseconds
Dec  9 20:52:30 debian kernel: [    2.271479] input: VirtualBox mouse integration as /devices/pci0000:00/0000:00:04.0/input/input6
Dec  9 20:52:30 debian kernel: [    2.272093] vboxguest: misc device minor 61, IRQ 20, I/O port d040, MMIO at 0x00000000f0400000 (size 0x0000000000400000)
Dec  9 20:52:30 debian kernel: [    2.272345] ACPI: Power Button [PWRF]
Dec  9 20:52:30 debian kernel: [    2.272425] input: Sleep Button as /devices/LNXSYSTM:00/LNXSLPBN:00/input/input7
Dec  9 20:52:30 debian kernel: [    2.272450] ACPI: Sleep Button [SLPF]
Dec  9 20:52:30 debian kernel: [    2.307465] input: PC Speaker as /devices/platform/pcspkr/input/input8
Dec  9 20:52:30 debian kernel: [    2.308615] sd 2:0:0:0: Attached scsi generic sg0 type 0
Dec  9 20:52:30 debian kernel: [    2.308648] sd 3:0:0:0: Attached scsi generic sg1 type 0
Dec  9 20:52:30 debian kernel: [    2.331194] RAPL PMU: API unit is 2^-32 Joules, 1 fixed counters, 163840 ms ovfl timer
Dec  9 20:52:30 debian kernel: [    2.331197] RAPL PMU: hw unit of domain package 2^-16 Joules
Dec  9 20:52:30 debian kernel: [    2.369326] cryptd: max_cpu_qlen set to 1000
Dec  9 20:52:30 debian kernel: [    2.387723] AVX2 version of gcm_enc/dec engaged.
Dec  9 20:52:30 debian kernel: [    2.387724] AES CTR mode by8 optimization enabled
Dec  9 20:52:30 debian kernel: [    2.408783] [drm] DMA map mode: Caching DMA mappings.
Dec  9 20:52:30 debian kernel: [    2.408852] [drm] Capabilities:
Dec  9 20:52:30 debian kernel: [    2.408852] [drm]   Rect copy.
Dec  9 20:52:30 debian kernel: [    2.408853] [drm]   Cursor.
Dec  9 20:52:30 debian kernel: [    2.408853] [drm]   Cursor bypass.
Dec  9 20:52:30 debian kernel: [    2.408854] [drm]   Cursor bypass 2.
Dec  9 20:52:30 debian kernel: [    2.408854] [drm]   Alpha cursor.
Dec  9 20:52:30 debian kernel: [    2.408854] [drm]   Extended Fifo.
Dec  9 20:52:30 debian kernel: [    2.408855] [drm]   Pitchlock.
Dec  9 20:52:30 debian kernel: [    2.408855] [drm]   Irq mask.
Dec  9 20:52:30 debian kernel: [    2.408856] [drm]   GMR.
Dec  9 20:52:30 debian kernel: [    2.408856] [drm]   Traces.
Dec  9 20:52:30 debian kernel: [    2.408857] [drm]   GMR2.
Dec  9 20:52:30 debian kernel: [    2.408857] [drm]   Screen Object 2.
Dec  9 20:52:30 debian kernel: [    2.408857] [drm]   Command Buffers.
Dec  9 20:52:30 debian kernel: [    2.408858] [drm]   Guest Backed Resources.
Dec  9 20:52:30 debian kernel: [    2.408859] [drm] Max GMR ids is 8192
Dec  9 20:52:30 debian kernel: [    2.408860] [drm] Max number of GMR pages is 1048576
Dec  9 20:52:30 debian kernel: [    2.408860] [drm] Max dedicated hypervisor surface memory is 507904 kiB
Dec  9 20:52:30 debian kernel: [    2.408861] [drm] Maximum display memory size is 16384 kiB
Dec  9 20:52:30 debian kernel: [    2.408862] [drm] VRAM at 0xe0000000 size is 16384 kiB
Dec  9 20:52:30 debian kernel: [    2.408862] [drm] MMIO at 0xf0000000 size is 2048 kiB
Dec  9 20:52:30 debian kernel: [    2.409307] [TTM] Zone  kernel: Available graphics memory: 1009102 KiB
Dec  9 20:52:30 debian kernel: [    2.409308] [TTM] Initializing pool allocator
Dec  9 20:52:30 debian kernel: [    2.409312] [TTM] Initializing DMA pool allocator
Dec  9 20:52:30 debian kernel: [    2.409763] [drm] Screen Target Display device initialized
Dec  9 20:52:30 debian kernel: [    2.409903] [drm] width 720
Dec  9 20:52:30 debian kernel: [    2.409908] [drm] height 400
Dec  9 20:52:30 debian kernel: [    2.409910] [drm] bpp 32
Dec  9 20:52:30 debian kernel: [    2.410029] [drm] Fifo max 0x00200000 min 0x00001000 cap 0x00000355
Dec  9 20:52:30 debian kernel: [    2.410740] [drm] Using command buffers with DMA pool.
Dec  9 20:52:30 debian kernel: [    2.410745] [drm] Atomic: yes.
Dec  9 20:52:30 debian kernel: [    2.437832] EXT4-fs (sdb1): mounted filesystem with ordered data mode. Opts: (null)
Dec  9 20:52:30 debian kernel: [    2.445164] fbcon: svgadrmfb (fb0) is primary device
Dec  9 20:52:30 debian kernel: [    2.449604] Console: switching to colour frame buffer device 100x37
Dec  9 20:52:30 debian kernel: [    2.453074] [drm] Initialized vmwgfx 2.18.0 20200114 for 0000:00:02.0 on minor 0
Dec  9 20:52:30 debian kernel: [    2.507890] Adding 2095100k swap on /dev/sda5.  Priority:-2 extents:1 across:2095100k FS
Dec  9 20:52:30 debian kernel: [    2.535463] audit: type=1400 audit(1765324350.260:2): apparmor="STATUS" operation="profile_load" profile="unconfined" name="nvidia_modprobe" pid=356 comm="apparmor_parser"
Dec  9 20:52:30 debian kernel: [    2.535468] audit: type=1400 audit(1765324350.260:3): apparmor="STATUS" operation="profile_load" profile="unconfined" name="nvidia_modprobe//kmod" pid=356 comm="apparmor_parser"
Dec  9 20:52:30 debian kernel: [    2.537247] audit: type=1400 audit(1765324350.264:4): apparmor="STATUS" operation="profile_load" profile="unconfined" name="/usr/bin/man" pid=357 comm="apparmor_parser"
Dec  9 20:52:30 debian kernel: [    2.537250] audit: type=1400 audit(1765324350.264:5): apparmor="STATUS" operation="profile_load" profile="unconfined" name="man_filter" pid=357 comm="apparmor_parser"
Dec  9 20:52:30 debian kernel: [    2.537252] audit: type=1400 audit(1765324350.264:6): apparmor="STATUS" operation="profile_load" profile="unconfined" name="man_groff" pid=357 comm="apparmor_parser"
Dec  9 20:52:30 debian kernel: [    2.540899] audit: type=1400 audit(1765324350.268:7): apparmor="STATUS" operation="profile_load" profile="unconfined" name="lsb_release" pid=368 comm="apparmor_parser"
Dec  9 20:52:30 debian rsyslogd: imuxsock: Acquired UNIX socket '/run/systemd/journal/syslog' (fd 3) from systemd.  [v8.2102.0]
Dec  9 20:52:30 debian rsyslogd: [origin software="rsyslogd" swVersion="8.2102.0" x-pid="393" x-info="https://www.rsyslog.com"] start
Dec  9 20:52:30 debian kernel: [    2.621437] snd_intel8x0 0000:00:05.0: allow list rate for 1028:0177 is 48000
Dec  9 20:52:32 debian kernel: [    4.696346] e1000: enp0s3 NIC Link is Up 1000 Mbps Full Duplex, Flow Control: RX
Dec  9 20:52:32 debian kernel: [    4.697069] IPv6: ADDRCONF(NETDEV_CHANGE): enp0s3: link becomes ready
Dec  9 21:19:33 debian kernel: [ 1627.571656] e1000: enp0s3 NIC Link is Down
Dec  9 21:19:39 debian kernel: [ 1633.619681] e1000: enp0s3 NIC Link is Up 1000 Mbps Full Duplex, Flow Control: RX
Dec 10 03:52:47 debian kernel: [25220.757022] e1000: enp0s3 NIC Link is Down
Dec 10 03:52:51 debian kernel: [25224.789747] e1000: enp0s3 NIC Link is Up 1000 Mbps Full Duplex, Flow Control: RX
Dec 12 07:26:53 debian kernel: [104804.240502] e1000: enp0s3 NIC Link is Down
Dec 12 07:26:57 debian kernel: [104808.273048] e1000: enp0s3 NIC Link is Up 1000 Mbps Full Duplex, Flow Control: RX
Dec 12 09:30:24 debian kernel: [112215.079739] e1000: enp0s3 NIC Link is Down
Dec 12 09:30:30 debian kernel: [112221.128184] e1000: enp0s3 NIC Link is Up 1000 Mbps Full Duplex, Flow Control: RX
Dec 12 10:13:56 debian kernel: [114827.824176] e1000: enp0s3 NIC Link is Down
Dec 12 10:14:02 debian kernel: [114833.872649] e1000: enp0s3 NIC Link is Up 1000 Mbps Full Duplex, Flow Control: RX
Dec 13 10:37:37 debian kernel: [117644.182384] e1000: enp0s3 NIC Link is Down
Dec 13 10:37:41 debian kernel: [117648.214659] e1000: enp0s3 NIC Link is Up 1000 Mbps Full Duplex, Flow Control: RX
