2026-05-30T15:39:54.988425-03:00 debian systemd[1]: rsyslog.service: Sent signal SIGHUP to main process 491 (rsyslogd) on client request.
2026-05-30T15:39:55.003254-03:00 debian rsyslogd: [origin software="rsyslogd" swVersion="8.2302.0" x-pid="491" x-info="https://www.rsyslog.com"] rsyslogd was HUPed
2026-05-30T15:39:55.013262-03:00 debian systemd[1]: phpsessionclean.service: Deactivated successfully.
2026-05-30T15:39:55.013489-03:00 debian systemd[1]: Finished phpsessionclean.service - Clean php session files.
2026-05-30T15:39:55.040422-03:00 debian systemd[1]: logrotate.service: Deactivated successfully.
2026-05-30T15:39:55.040568-03:00 debian systemd[1]: Finished logrotate.service - Rotate log files.
2026-05-30T15:39:55.088986-03:00 debian mariadbd[648]: 2026-05-30 15:39:55 0 [Note] InnoDB: Compressed tables use zlib 1.2.13
2026-05-30T15:39:55.113068-03:00 debian mariadbd[648]: 2026-05-30 15:39:55 0 [Note] InnoDB: Number of transaction pools: 1
2026-05-30T15:39:55.113577-03:00 debian mariadbd[648]: 2026-05-30 15:39:55 0 [Note] InnoDB: Using crc32 + pclmulqdq instructions
2026-05-30T15:39:55.113847-03:00 debian mariadbd[648]: 2026-05-30 15:39:55 0 [Note] InnoDB: Using io_uring
2026-05-30T15:39:55.118791-03:00 debian mariadbd[648]: 2026-05-30 15:39:55 0 [Note] InnoDB: innodb_buffer_pool_size_max=128m, innodb_buffer_pool_size=128m
2026-05-30T15:39:55.262383-03:00 debian mariadbd[648]: 2026-05-30 15:39:55 0 [Note] InnoDB: Completed initialization of buffer pool
2026-05-30T15:39:55.284461-03:00 debian mariadbd[648]: 2026-05-30 15:39:55 0 [Note] InnoDB: File system buffers for log disabled (block size=512 bytes)
2026-05-30T15:39:55.417793-03:00 debian mariadbd[648]: 2026-05-30 15:39:55 0 [Note] InnoDB: End of log at LSN=50992
2026-05-30T15:39:55.574610-03:00 debian mariadbd[648]: 2026-05-30 15:39:55 0 [Note] InnoDB: 128 rollback segments are active.
2026-05-30T15:39:55.595524-03:00 debian mariadbd[648]: 2026-05-30 15:39:55 0 [Note] InnoDB: Setting file './ibtmp1' size to 12.000MiB. Physically writing the file full; Please wait ...
2026-05-30T15:39:55.595696-03:00 debian mariadbd[648]: 2026-05-30 15:39:55 0 [Note] InnoDB: File './ibtmp1' size is now 12.000MiB.
2026-05-30T15:39:55.607467-03:00 debian mariadbd[648]: 2026-05-30 15:39:55 0 [Note] InnoDB: log sequence number 50992; transaction id 24
2026-05-30T15:39:55.608771-03:00 debian mariadbd[648]: 2026-05-30 15:39:55 0 [Note] Plugin 'FEEDBACK' is disabled.
2026-05-30T15:39:55.610343-03:00 debian mariadbd[648]: 2026-05-30 15:39:55 0 [Note] InnoDB: Loading buffer pool(s) from /var/lib/mysql/ib_buffer_pool
2026-05-30T15:39:55.642061-03:00 debian mariadbd[648]: 2026-05-30 15:39:55 0 [Warning] You need to use --log-bin to make --expire-logs-days or --binlog-expire-logs-seconds work.
2026-05-30T15:39:55.645121-03:00 debian mariadbd[648]: 2026-05-30 15:39:55 0 [Note] InnoDB: Buffer pool(s) load completed at 260530 15:39:55
2026-05-30T15:39:55.659828-03:00 debian mariadbd[648]: 2026-05-30 15:39:55 0 [Note] Server socket created on IP: '127.0.0.1', port: '3306'.
2026-05-30T15:39:55.781521-03:00 debian mariadbd[648]: 2026-05-30 15:39:55 0 [Note] /usr/sbin/mariadbd: ready for connections.
2026-05-30T15:39:55.781577-03:00 debian mariadbd[648]: Version: '10.11.14-MariaDB-0+deb12u2'  socket: '/run/mysqld/mysqld.sock'  port: 3306  Debian 12
2026-05-30T15:39:55.840284-03:00 debian systemd[1]: Started mariadb.service - MariaDB 10.11.14 database server.
2026-05-30T15:39:55.840436-03:00 debian systemd[1]: Reached target multi-user.target - Multi-User System.
2026-05-30T15:39:55.840523-03:00 debian systemd[1]: Reached target graphical.target - Graphical Interface.
2026-05-30T15:39:55.841798-03:00 debian systemd[1]: Starting systemd-update-utmp-runlevel.service - Record Runlevel Change in UTMP...
2026-05-30T15:39:55.853634-03:00 debian /etc/mysql/debian-start[723]: Upgrading MySQL tables if necessary.
2026-05-30T15:39:55.865678-03:00 debian systemd[1]: systemd-update-utmp-runlevel.service: Deactivated successfully.
2026-05-30T15:39:55.866692-03:00 debian systemd[1]: Finished systemd-update-utmp-runlevel.service - Record Runlevel Change in UTMP.
2026-05-30T15:39:55.878242-03:00 debian systemd[1]: Startup finished in 4.216s (kernel) + 6.507s (userspace) = 10.724s.
2026-05-30T15:39:56.137950-03:00 debian /etc/mysql/debian-start[734]: Checking for insecure root accounts.
2026-05-30T15:39:56.196001-03:00 debian /etc/mysql/debian-start[738]: Triggering myisam-recover for all MyISAM tables and aria-recover for all Aria tables
2026-05-30T15:40:02.124068-03:00 debian kernel: [   17.047114] clocksource: Long readout interval, skipping watchdog check: cs_nsec: 1356401851 wd_nsec: 1356401100
2026-05-30T15:40:22.095422-03:00 debian systemd[1]: systemd-fsckd.service: Deactivated successfully.
2026-05-30T15:40:33.001606-03:00 debian systemd-timesyncd[436]: Timed out waiting for reply from [2801:0:140:1::a1]:123 (2.debian.pool.ntp.org).
2026-05-30T15:40:43.254451-03:00 debian systemd-timesyncd[436]: Timed out waiting for reply from [2606:4700:f1::123]:123 (2.debian.pool.ntp.org).
2026-05-30T15:40:53.510024-03:00 debian systemd-timesyncd[436]: Timed out waiting for reply from [2606:4700:f1::1]:123 (2.debian.pool.ntp.org).
2026-05-30T15:40:55.727850-03:00 debian systemd-timesyncd[436]: Contacted time server 162.159.200.1:123 (2.debian.pool.ntp.org).
2026-05-30T15:40:55.728462-03:00 debian systemd-timesyncd[436]: Initial clock synchronization to Sat 2026-05-30 15:40:55.726483 -03.
2026-05-30T15:44:54.908506-03:00 debian anacron[485]: Job `cron.daily' started
2026-05-30T15:44:54.970378-03:00 debian anacron[774]: Updated timestamp for job `cron.daily' to 2026-05-30
2026-05-30T15:44:55.004281-03:00 debian anacron[485]: Job `cron.daily' terminated
2026-05-30T15:49:01.063935-03:00 debian systemd[1]: Created slice user-0.slice - User Slice of UID 0.
2026-05-30T15:49:01.064325-03:00 debian systemd[1]: Starting user-runtime-dir@0.service - User Runtime Directory /run/user/0...
2026-05-30T15:49:01.089737-03:00 debian systemd[1]: Finished user-runtime-dir@0.service - User Runtime Directory /run/user/0.
2026-05-30T15:49:01.107766-03:00 debian systemd[1]: Starting user@0.service - User Manager for UID 0...
2026-05-30T15:49:01.191708-03:00 debian systemd[787]: Queued start job for default target default.target.
2026-05-30T15:49:01.210968-03:00 debian systemd[787]: Created slice app.slice - User Application Slice.
2026-05-30T15:49:01.211114-03:00 debian systemd[787]: Reached target paths.target - Paths.
2026-05-30T15:49:01.211194-03:00 debian systemd[787]: Reached target timers.target - Timers.
2026-05-30T15:49:01.212050-03:00 debian systemd[787]: Starting dbus.socket - D-Bus User Message Bus Socket...
2026-05-30T15:49:01.218977-03:00 debian systemd[787]: Listening on dbus.socket - D-Bus User Message Bus Socket.
2026-05-30T15:49:01.219149-03:00 debian systemd[787]: Reached target sockets.target - Sockets.
2026-05-30T15:49:01.219242-03:00 debian systemd[787]: Reached target basic.target - Basic System.
2026-05-30T15:49:01.219398-03:00 debian systemd[787]: Reached target default.target - Main User Target.
2026-05-30T15:49:01.219491-03:00 debian systemd[787]: Startup finished in 100ms.
2026-05-30T15:49:01.219791-03:00 debian systemd[1]: Started user@0.service - User Manager for UID 0.
2026-05-30T15:49:01.220461-03:00 debian systemd[1]: Started session-2.scope - Session 2 of User root.
2026-05-30T15:49:53.024922-03:00 debian anacron[485]: Job `cron.weekly' started
2026-05-30T15:49:53.052595-03:00 debian anacron[802]: Updated timestamp for job `cron.weekly' to 2026-05-30
2026-05-30T15:49:53.060785-03:00 debian anacron[485]: Job `cron.weekly' terminated
2026-05-30T15:49:53.060866-03:00 debian anacron[485]: Normal exit (2 jobs run)
2026-05-30T15:49:53.061780-03:00 debian systemd[1]: anacron.service: Deactivated successfully.
2026-05-30T15:55:06.729772-03:00 debian systemd[1]: Starting systemd-tmpfiles-clean.service - Cleanup of Temporary Directories...
2026-05-30T15:55:06.875122-03:00 debian systemd[1]: systemd-tmpfiles-clean.service: Deactivated successfully.
2026-05-30T15:55:06.875405-03:00 debian systemd[1]: Finished systemd-tmpfiles-clean.service - Cleanup of Temporary Directories.
2026-05-30T15:55:06.880177-03:00 debian systemd[1]: run-credentials-systemd\x2dtmpfiles\x2dclean.service.mount: Deactivated successfully.
2026-05-30T15:55:27.328897-03:00 debian kernel: [  940.026009] clocksource: Long readout interval, skipping watchdog check: cs_nsec: 2728638943 wd_nsec: 2728637426
2026-05-30T16:09:01.684387-03:00 debian CRON[842]: (root) CMD (  [ -x /usr/lib/php/sessionclean ] && if [ ! -d /run/systemd/system ]; then /usr/lib/php/sessionclean; fi)
2026-05-30T16:09:01.690754-03:00 debian systemd[1]: Starting phpsessionclean.service - Clean php session files...
2026-05-30T16:09:02.091812-03:00 debian systemd[1]: phpsessionclean.service: Deactivated successfully.
2026-05-30T16:09:02.091984-03:00 debian systemd[1]: Finished phpsessionclean.service - Clean php session files.
2026-05-30T16:12:21.095169-03:00 debian systemd[1]: Stopping session-2.scope - Session 2 of User root...
2026-05-30T16:12:21.095752-03:00 debian systemd[1]: Removed slice system-modprobe.slice - Slice /system/modprobe.
2026-05-30T16:12:21.096516-03:00 debian systemd[1]: Stopped target graphical.target - Graphical Interface.
2026-05-30T16:12:21.096769-03:00 debian systemd[1]: Stopped target multi-user.target - Multi-User System.
2026-05-30T16:12:21.096889-03:00 debian systemd[1]: Stopped target getty.target - Login Prompts.
2026-05-30T16:12:21.097232-03:00 debian systemd[1]: Stopped target sound.target - Sound Card.
2026-05-30T16:12:21.097613-03:00 debian systemd[1]: Stopped target timers.target - Timer Units.
2026-05-30T16:12:21.097767-03:00 debian systemd[1]: anacron.timer: Deactivated successfully.
2026-05-30T16:12:21.097819-03:00 debian systemd[1]: Stopped anacron.timer - Trigger anacron every hour.
2026-05-30T16:12:21.097992-03:00 debian systemd[1]: apt-daily-upgrade.timer: Deactivated successfully.
2026-05-30T16:12:21.098099-03:00 debian systemd[1]: Stopped apt-daily-upgrade.timer - Daily apt upgrade and clean activities.
2026-05-30T16:12:21.098643-03:00 debian systemd[1]: apt-daily.timer: Deactivated successfully.
2026-05-30T16:12:21.098814-03:00 debian systemd[1]: Stopped apt-daily.timer - Daily apt download activities.
2026-05-30T16:12:21.098837-03:00 debian systemd[1]: dpkg-db-backup.timer: Deactivated successfully.
2026-05-30T16:12:21.099093-03:00 debian systemd[1]: Stopped dpkg-db-backup.timer - Daily dpkg database backup timer.
2026-05-30T16:12:21.099259-03:00 debian systemd[1]: e2scrub_all.timer: Deactivated successfully.
2026-05-30T16:12:21.099429-03:00 debian systemd[1]: Stopped e2scrub_all.timer - Periodic ext4 Online Metadata Check for All Filesystems.
2026-05-30T16:12:21.099567-03:00 debian systemd[1]: logrotate.timer: Deactivated successfully.
2026-05-30T16:12:21.099628-03:00 debian systemd[1]: Stopped logrotate.timer - Daily rotation of log files.
2026-05-30T16:12:21.099860-03:00 debian systemd[1]: man-db.timer: Deactivated successfully.
2026-05-30T16:12:21.099938-03:00 debian systemd[1]: Stopped man-db.timer - Daily man-db regeneration.
2026-05-30T16:12:21.100053-03:00 debian systemd[1]: phpsessionclean.timer: Deactivated successfully.
2026-05-30T16:12:21.100271-03:00 debian systemd[1]: Stopped phpsessionclean.timer - Clean PHP session files every 30 mins.
2026-05-30T16:12:21.100340-03:00 debian systemd[1]: systemd-tmpfiles-clean.timer: Deactivated successfully.
2026-05-30T16:12:21.100483-03:00 debian systemd[1]: Stopped systemd-tmpfiles-clean.timer - Daily Cleanup of Temporary Directories.
2026-05-30T16:12:21.100751-03:00 debian systemd[1]: Stopped target time-set.target - System Time Set.
2026-05-30T16:12:21.112377-03:00 debian systemd[1]: Stopping apache2.service - The Apache HTTP Server...
2026-05-30T16:12:21.112934-03:00 debian systemd[1]: Stopping cron.service - Regular background program processing daemon...
2026-05-30T16:12:21.113250-03:00 debian systemd[1]: Stopping getty@tty1.service - Getty on tty1...
2026-05-30T16:17:16.904023-03:00 debian systemd[1]: modprobe@fuse.service: Deactivated successfully.
2026-05-30T16:17:16.913662-03:00 debian systemd[1]: Finished modprobe@fuse.service - Load Kernel Module fuse.
2026-05-30T16:17:16.913675-03:00 debian systemd[1]: Mounted sys-kernel-config.mount - Kernel Configuration File System.
2026-05-30T16:17:16.913677-03:00 debian systemd[1]: Mounting sys-fs-fuse-connections.mount - FUSE Control File System...
2026-05-30T16:17:16.913679-03:00 debian systemd[1]: Starting systemd-journal-flush.service - Flush Journal to Persistent Storage...
2026-05-30T16:17:16.913681-03:00 debian systemd[1]: modprobe@drm.service: Deactivated successfully.
2026-05-30T16:17:16.913683-03:00 debian systemd[1]: Finished modprobe@drm.service - Load Kernel Module drm.
2026-05-30T16:17:16.913685-03:00 debian systemd[1]: Finished systemd-random-seed.service - Load/Save Random Seed.
2026-05-30T16:17:16.913688-03:00 debian systemd[1]: Finished systemd-sysctl.service - Apply Kernel Variables.
2026-05-30T16:17:16.913690-03:00 debian systemd[1]: Mounted sys-fs-fuse-connections.mount - FUSE Control File System.
2026-05-30T16:17:16.913692-03:00 debian systemd[1]: first-boot-complete.target - First Boot Complete was skipped because of an unmet condition check (ConditionFirstBoot=yes).
2026-05-30T16:17:16.913694-03:00 debian systemd[1]: Finished systemd-sysusers.service - Create System Users.
2026-05-30T16:17:16.913697-03:00 debian systemd[1]: Starting systemd-tmpfiles-setup-dev.service - Create Static Device Nodes in /dev...
2026-05-30T16:17:16.913698-03:00 debian systemd[1]: Finished systemd-udev-trigger.service - Coldplug All udev Devices.
2026-05-30T16:17:16.913701-03:00 debian systemd[1]: Starting ifupdown-pre.service - Helper to synchronize boot up for ifupdown...
2026-05-30T16:17:16.913703-03:00 debian systemd[1]: Finished systemd-tmpfiles-setup-dev.service - Create Static Device Nodes in /dev.
2026-05-30T16:17:16.913705-03:00 debian systemd[1]: Starting systemd-udevd.service - Rule-based Manager for Device Events and Files...
2026-05-30T16:17:16.913707-03:00 debian systemd[1]: Finished keyboard-setup.service - Set the console keyboard layout.
2026-05-30T16:17:16.913709-03:00 debian systemd[1]: Finished ifupdown-pre.service - Helper to synchronize boot up for ifupdown.
2026-05-30T16:17:16.913710-03:00 debian systemd[1]: Reached target local-fs-pre.target - Preparation for Local File Systems.
2026-05-30T16:17:16.913713-03:00 debian systemd-udevd[256]: Using default interface naming scheme 'v252'.
2026-05-30T16:17:16.913715-03:00 debian systemd[1]: Finished systemd-journal-flush.service - Flush Journal to Persistent Storage.
2026-05-30T16:17:16.913717-03:00 debian systemd[1]: Started systemd-udevd.service - Rule-based Manager for Device Events and Files.
2026-05-30T16:17:16.913719-03:00 debian systemd[1]: Found device dev-sdb1.device - VBOX_HARDDISK 1.
2026-05-30T16:17:16.913721-03:00 debian systemd[1]: Expecting device sys-subsystem-net-devices-enp0s3.device - /sys/subsystem/net/devices/enp0s3...
2026-05-30T16:17:16.913724-03:00 debian systemd[1]: Found device sys-subsystem-net-devices-enp0s3.device - 82540EM Gigabit Ethernet Controller (PRO/1000 MT Desktop Adapter).
2026-05-30T16:17:16.913725-03:00 debian systemd[1]: Found device dev-disk-by\x2duuid-31d9983c\x2d93b0\x2d43b2\x2da15b\x2d545a6d7d126f.device - VBOX_HARDDISK 1.
2026-05-30T16:17:16.913727-03:00 debian systemd[1]: Starting systemd-fsck@dev-disk-by\x2duuid-31d9983c\x2d93b0\x2d43b2\x2da15b\x2d545a6d7d126f.service - File System Check on /dev/disk/by-uuid/31d9983c-93b0-43b2-a15b-545a6d7d126f...
2026-05-30T16:17:16.913729-03:00 debian systemd[1]: Found device dev-disk-by\x2duuid-36112a10\x2d35c7\x2d474e\x2d8924\x2d0d7cbfb54378.device - VBOX_HARDDISK 2.
2026-05-30T16:17:16.913731-03:00 debian systemd[1]: Starting systemd-fsck@dev-disk-by\x2duuid-36112a10\x2d35c7\x2d474e\x2d8924\x2d0d7cbfb54378.service - File System Check on /dev/disk/by-uuid/36112a10-35c7-474e-8924-0d7cbfb54378...
2026-05-30T16:17:16.913734-03:00 debian systemd[1]: Started systemd-fsckd.service - File System Check Daemon to report status.
2026-05-30T16:17:16.913735-03:00 debian systemd[1]: Found device dev-disk-by\x2duuid-e550cf9e\x2ddc94\x2d442c\x2db9c4\x2d9c12f05024b3.device - VBOX_HARDDISK 5.
2026-05-30T16:17:16.913737-03:00 debian systemd[1]: Activating swap dev-disk-by\x2duuid-e550cf9e\x2ddc94\x2d442c\x2db9c4\x2d9c12f05024b3.swap - /dev/disk/by-uuid/e550cf9e-dc94-442c-b9c4-9c12f05024b3...
2026-05-30T16:17:16.913738-03:00 debian systemd[1]: Activated swap dev-disk-by\x2duuid-e550cf9e\x2ddc94\x2d442c\x2db9c4\x2d9c12f05024b3.swap - /dev/disk/by-uuid/e550cf9e-dc94-442c-b9c4-9c12f05024b3.
2026-05-30T16:17:16.913740-03:00 debian systemd[1]: Reached target swap.target - Swaps.
2026-05-30T16:17:16.913742-03:00 debian systemd-fsck[335]: /dev/sdc1: clean, 11/196608 files, 31036/786432 blocks
2026-05-30T16:17:16.913744-03:00 debian systemd[1]: Finished systemd-fsck@dev-disk-by\x2duuid-31d9983c\x2d93b0\x2d43b2\x2da15b\x2d545a6d7d126f.service - File System Check on /dev/disk/by-uuid/31d9983c-93b0-43b2-a15b-545a6d7d126f.
2026-05-30T16:17:16.913746-03:00 debian systemd-fsck[360]: /dev/sdc2: clean, 11/393216 files, 47214/1572864 blocks
2026-05-30T16:17:16.913748-03:00 debian systemd[1]: Finished systemd-fsck@dev-disk-by\x2duuid-36112a10\x2d35c7\x2d474e\x2d8924\x2d0d7cbfb54378.service - File System Check on /dev/disk/by-uuid/36112a10-35c7-474e-8924-0d7cbfb54378.
2026-05-30T16:17:16.913749-03:00 debian systemd[1]: Mounting backup_dir.mount - /backup_dir...
2026-05-30T16:17:16.913751-03:00 debian systemd[1]: Mounting home.mount - /home...
2026-05-30T16:17:16.913755-03:00 debian systemd[1]: www_dir.mount: Directory /www_dir to mount over is not empty, mounting anyway.
2026-05-30T16:17:16.913756-03:00 debian systemd[1]: Mounting www_dir.mount - /www_dir...
2026-05-30T16:17:16.913758-03:00 debian systemd[1]: Mounted backup_dir.mount - /backup_dir.
2026-05-30T16:17:16.913760-03:00 debian systemd[1]: Mounted www_dir.mount - /www_dir.
2026-05-30T16:17:16.913762-03:00 debian systemd[1]: Mounted home.mount - /home.
2026-05-30T16:17:16.913764-03:00 debian systemd[1]: Reached target local-fs.target - Local File Systems.
2026-05-30T16:17:16.913766-03:00 debian systemd[1]: Starting apparmor.service - Load AppArmor profiles...
2026-05-30T16:17:16.913768-03:00 debian systemd[1]: Starting console-setup.service - Set console font and keymap...
2026-05-30T16:17:16.913770-03:00 debian systemd[1]: Starting systemd-binfmt.service - Set Up Additional Binary Formats...
2026-05-30T16:17:16.913772-03:00 debian systemd[1]: systemd-machine-id-commit.service - Commit a transient machine-id on disk was skipped because of an unmet condition check (ConditionPathIsMountPoint=/etc/machine-id).
2026-05-30T16:17:16.913774-03:00 debian systemd[1]: Starting systemd-tmpfiles-setup.service - Create System Files and Directories...
2026-05-30T16:17:16.913775-03:00 debian systemd[1]: proc-sys-fs-binfmt_misc.automount: Got automount request for /proc/sys/fs/binfmt_misc, triggered by 449 (systemd-binfmt)
2026-05-30T16:17:16.913778-03:00 debian systemd[1]: Mounting proc-sys-fs-binfmt_misc.mount - Arbitrary Executable File Formats File System...
2026-05-30T16:17:16.913780-03:00 debian systemd[1]: Finished console-setup.service - Set console font and keymap.
2026-05-30T16:17:16.913782-03:00 debian apparmor.systemd[447]: Restarting AppArmor
2026-05-30T16:17:16.913783-03:00 debian apparmor.systemd[447]: Reloading AppArmor profiles
2026-05-30T16:17:16.913786-03:00 debian systemd[1]: Mounted proc-sys-fs-binfmt_misc.mount - Arbitrary Executable File Formats File System.
2026-05-30T16:17:16.913788-03:00 debian systemd[1]: Finished systemd-binfmt.service - Set Up Additional Binary Formats.
2026-05-30T16:17:16.913791-03:00 debian systemd[1]: Finished systemd-tmpfiles-setup.service - Create System Files and Directories.
2026-05-30T16:17:16.913792-03:00 debian systemd[1]: Starting systemd-timesyncd.service - Network Time Synchronization...
2026-05-30T16:17:16.913794-03:00 debian systemd[1]: Starting systemd-update-utmp.service - Record System Boot/Shutdown in UTMP...
2026-05-30T16:17:16.913796-03:00 debian systemd[1]: Reached target sound.target - Sound Card.
2026-05-30T16:17:16.913797-03:00 debian systemd[1]: Finished systemd-update-utmp.service - Record System Boot/Shutdown in UTMP.
2026-05-30T16:17:16.913799-03:00 debian systemd[1]: Finished apparmor.service - Load AppArmor profiles.
2026-05-30T16:17:16.913802-03:00 debian systemd[1]: Started ifup@enp0s3.service - ifup for enp0s3.
2026-05-30T16:17:16.913804-03:00 debian systemd[1]: Starting networking.service - Raise network interfaces...
2026-05-30T16:17:16.913805-03:00 debian systemd[1]: Started systemd-timesyncd.service - Network Time Synchronization.
2026-05-30T16:17:16.913807-03:00 debian systemd[1]: Reached target sysinit.target - System Initialization.
2026-05-30T16:17:16.913809-03:00 debian systemd[1]: Started systemd-tmpfiles-clean.timer - Daily Cleanup of Temporary Directories.
2026-05-30T16:17:16.913810-03:00 debian systemd[1]: Reached target time-set.target - System Time Set.
2026-05-30T16:17:16.913813-03:00 debian systemd[1]: Started anacron.timer - Trigger anacron every hour.
2026-05-30T16:17:16.913815-03:00 debian systemd[1]: Started apt-daily.timer - Daily apt download activities.
2026-05-30T16:17:16.913817-03:00 debian systemd[1]: Started apt-daily-upgrade.timer - Daily apt upgrade and clean activities.
2026-05-30T16:17:16.913818-03:00 debian systemd[1]: Started dpkg-db-backup.timer - Daily dpkg database backup timer.
2026-05-30T16:17:16.913820-03:00 debian systemd[1]: Started e2scrub_all.timer - Periodic ext4 Online Metadata Check for All Filesystems.
2026-05-30T16:17:16.913822-03:00 debian systemd[1]: Started logrotate.timer - Daily rotation of log files.
2026-05-30T16:17:16.913824-03:00 debian systemd[1]: Started man-db.timer - Daily man-db regeneration.
2026-05-30T16:17:16.913826-03:00 debian systemd[1]: Started phpsessionclean.timer - Clean PHP session files every 30 mins.
2026-05-30T16:17:16.913828-03:00 debian systemd[1]: Reached target timers.target - Timer Units.
2026-05-30T16:17:16.913830-03:00 debian systemd[1]: Listening on dbus.socket - D-Bus System Message Bus Socket.
2026-05-30T16:17:16.913832-03:00 debian systemd[1]: Listening on uuidd.socket - UUID daemon activation socket.
2026-05-30T16:17:16.913834-03:00 debian systemd[1]: Reached target sockets.target - Socket Units.
2026-05-30T16:17:16.913837-03:00 debian systemd[1]: systemd-pcrphase-sysinit.service - TPM2 PCR Barrier (Initialization) was skipped because of an unmet condition check (ConditionPathExists=/sys/firmware/efi/efivars/StubPcrKernelImage-4a67b082-0a4c-41cf-b6c7-440b29bb8c4f).
2026-05-30T16:17:16.913838-03:00 debian systemd[1]: Reached target basic.target - Basic System.
2026-05-30T16:17:16.913840-03:00 debian systemd[1]: Started anacron.service - Run anacron jobs.
2026-05-30T16:17:16.913842-03:00 debian systemd[1]: Started cron.service - Regular background program processing daemon.
2026-05-30T16:17:16.913844-03:00 debian systemd[1]: Starting dbus.service - D-Bus System Message Bus...
2026-05-30T16:17:16.913845-03:00 debian systemd[1]: Starting e2scrub_reap.service - Remove Stale Online ext4 Metadata Check Snapshots...
2026-05-30T16:17:16.913848-03:00 debian systemd[1]: gen-course-hash.service - Genera hash de curso en /etc/hash (solo primera vez) was skipped because of an unmet condition check (ConditionPathExists=!/etc/hash).
2026-05-30T16:17:16.913850-03:00 debian systemd[1]: getty-static.service - getty on tty2-tty6 if dbus and logind are not available was skipped because of an unmet condition check (ConditionPathExists=!/usr/bin/dbus-daemon).
2026-05-30T16:17:16.913852-03:00 debian anacron[474]: Anacron 2.3 started on 2026-05-30
2026-05-30T16:17:16.913854-03:00 debian systemd[1]: Starting rsyslog.service - System Logging Service...
2026-05-30T16:17:16.913855-03:00 debian cron[475]: (CRON) INFO (pidfile fd = 3)
2026-05-30T16:17:16.913858-03:00 debian anacron[474]: Normal exit (0 jobs run)
2026-05-30T16:17:16.913860-03:00 debian systemd[1]: Starting systemd-logind.service - User Login Management...
2026-05-30T16:17:16.913862-03:00 debian systemd[1]: systemd-pcrphase.service - TPM2 PCR Barrier (User) was skipped because of an unmet condition check (ConditionPathExists=/sys/firmware/efi/efivars/StubPcrKernelImage-4a67b082-0a4c-41cf-b6c7-440b29bb8c4f).
2026-05-30T16:17:16.913863-03:00 debian cron[475]: (CRON) INFO (Running @reboot jobs)
2026-05-30T16:17:16.913865-03:00 debian systemd[1]: anacron.service: Deactivated successfully.
2026-05-30T16:17:16.903737-03:00 debian systemd[1]: Started rsyslog.service - System Logging Service.
2026-05-30T16:17:16.905773-03:00 debian rsyslogd: imuxsock: Acquired UNIX socket '/run/systemd/journal/syslog' (fd 3) from systemd.  [v8.2302.0]
2026-05-30T16:17:16.905874-03:00 debian rsyslogd: [origin software="rsyslogd" swVersion="8.2302.0" x-pid="480" x-info="https://www.rsyslog.com"] start
2026-05-30T16:17:16.910168-03:00 debian systemd[1]: Started dbus.service - D-Bus System Message Bus.
2026-05-30T16:17:16.910659-03:00 debian CRON[492]: (root) CMD (/usr/sbin/iptables-restore /root/myfw.txt)
2026-05-30T16:17:16.906357-03:00 debian kernel: [    0.000000] Linux version 6.1.0-48-amd64 (debian-kernel@lists.debian.org) (gcc-12 (Debian 12.2.0-14+deb12u1) 12.2.0, GNU ld (GNU Binutils for Debian) 2.40) #1 SMP PREEMPT_DYNAMIC Debian 6.1.172-1 (2026-05-15)
2026-05-30T16:17:16.913883-03:00 debian kernel: [    0.000000] Command line: BOOT_IMAGE=/boot/vmlinuz-6.1.0-48-amd64 root=UUID=cd2cb4ca-39bd-4522-919c-e4ceb81b5ae8 ro quiet
2026-05-30T16:17:16.913884-03:00 debian kernel: [    0.000000] BIOS-provided physical RAM map:
2026-05-30T16:17:16.913885-03:00 debian kernel: [    0.000000] BIOS-e820: [mem 0x0000000000000000-0x000000000009fbff] usable
2026-05-30T16:17:16.913885-03:00 debian kernel: [    0.000000] BIOS-e820: [mem 0x000000000009fc00-0x000000000009ffff] reserved
2026-05-30T16:17:16.913885-03:00 debian kernel: [    0.000000] BIOS-e820: [mem 0x00000000000f0000-0x00000000000fffff] reserved
2026-05-30T16:17:16.913885-03:00 debian kernel: [    0.000000] BIOS-e820: [mem 0x0000000000100000-0x000000007ffeffff] usable
2026-05-30T16:17:16.913887-03:00 debian kernel: [    0.000000] BIOS-e820: [mem 0x000000007fff0000-0x000000007fffffff] ACPI data
2026-05-30T16:17:16.913887-03:00 debian kernel: [    0.000000] BIOS-e820: [mem 0x00000000fec00000-0x00000000fec00fff] reserved
2026-05-30T16:17:16.913887-03:00 debian kernel: [    0.000000] BIOS-e820: [mem 0x00000000fee00000-0x00000000fee00fff] reserved
2026-05-30T16:17:16.913887-03:00 debian kernel: [    0.000000] BIOS-e820: [mem 0x00000000fffc0000-0x00000000ffffffff] reserved
2026-05-30T16:17:16.913888-03:00 debian kernel: [    0.000000] NX (Execute Disable) protection: active
2026-05-30T16:17:16.913888-03:00 debian kernel: [    0.000000] SMBIOS 2.5 present.
2026-05-30T16:17:16.913888-03:00 debian kernel: [    0.000000] DMI: innotek GmbH VirtualBox/VirtualBox, BIOS VirtualBox 12/01/2006
2026-05-30T16:17:16.913889-03:00 debian kernel: [    0.000000] Hypervisor detected: KVM
2026-05-30T16:17:16.913890-03:00 debian kernel: [    0.000000] kvm-clock: Using msrs 4b564d01 and 4b564d00
2026-05-30T16:17:16.913890-03:00 debian kernel: [    0.000003] kvm-clock: using sched offset of 11062433662 cycles
2026-05-30T16:17:16.913890-03:00 debian kernel: [    0.000005] clocksource: kvm-clock: mask: 0xffffffffffffffff max_cycles: 0x1cd42e4dffb, max_idle_ns: 881590591483 ns
2026-05-30T16:17:16.913891-03:00 debian kernel: [    0.000008] tsc: Detected 2419.198 MHz processor
2026-05-30T16:17:16.913891-03:00 debian kernel: [    0.001717] e820: update [mem 0x00000000-0x00000fff] usable ==> reserved
2026-05-30T16:17:16.913892-03:00 debian kernel: [    0.001720] e820: remove [mem 0x000a0000-0x000fffff] usable
2026-05-30T16:17:16.913892-03:00 debian kernel: [    0.001725] last_pfn = 0x7fff0 max_arch_pfn = 0x400000000
2026-05-30T16:17:16.913893-03:00 debian kernel: [    0.001789] x86/PAT: Configuration [0-7]: WB  WC  UC- UC  WB  WP  UC- WT  
2026-05-30T16:17:16.913893-03:00 debian kernel: [    0.001796] CPU MTRRs all blank - virtualized system.
2026-05-30T16:17:16.913893-03:00 debian kernel: [    0.013940] found SMP MP-table at [mem 0x0009fbf0-0x0009fbff]
2026-05-30T16:17:16.913893-03:00 debian kernel: [    0.014099] RAMDISK: [mem 0x34433000-0x36210fff]
2026-05-30T16:17:16.913895-03:00 debian kernel: [    0.014103] ACPI: Early table checksum verification disabled
2026-05-30T16:17:16.913895-03:00 debian kernel: [    0.014106] ACPI: RSDP 0x00000000000E0000 000024 (v02 VBOX  )
2026-05-30T16:17:16.913896-03:00 debian kernel: [    0.014110] ACPI: XSDT 0x000000007FFF0030 00003C (v01 VBOX   VBOXXSDT 00000001 ASL  00000061)
2026-05-30T16:17:16.913896-03:00 debian kernel: [    0.014116] ACPI: FACP 0x000000007FFF00F0 0000F4 (v04 VBOX   VBOXFACP 00000001 ASL  00000061)
2026-05-30T16:17:16.913896-03:00 debian kernel: [    0.014120] ACPI: DSDT 0x000000007FFF02F0 002353 (v02 VBOX   VBOXBIOS 00000002 VBOX 0002A122)
2026-05-30T16:17:16.913896-03:00 debian kernel: [    0.014123] ACPI: FACS 0x000000007FFF0200 000040
2026-05-30T16:17:16.913897-03:00 debian kernel: [    0.014125] ACPI: FACS 0x000000007FFF0200 000040
2026-05-30T16:17:16.913898-03:00 debian kernel: [    0.014128] ACPI: APIC 0x000000007FFF0240 00005C (v02 VBOX   VBOXAPIC 00000001 ASL  00000061)
2026-05-30T16:17:16.913898-03:00 debian kernel: [    0.014130] ACPI: SSDT 0x000000007FFF02A0 000045 (v01 VBOX   VBOXCPUT 00000002 VBOX 0002A122)
2026-05-30T16:17:16.913898-03:00 debian kernel: [    0.014132] ACPI: Reserving FACP table memory at [mem 0x7fff00f0-0x7fff01e3]
2026-05-30T16:17:16.913898-03:00 debian kernel: [    0.014133] ACPI: Reserving DSDT table memory at [mem 0x7fff02f0-0x7fff2642]
2026-05-30T16:17:16.913899-03:00 debian kernel: [    0.014134] ACPI: Reserving FACS table memory at [mem 0x7fff0200-0x7fff023f]
2026-05-30T16:17:16.913899-03:00 debian kernel: [    0.014134] ACPI: Reserving FACS table memory at [mem 0x7fff0200-0x7fff023f]
2026-05-30T16:17:16.914191-03:00 debian kernel: [    0.014135] ACPI: Reserving APIC table memory at [mem 0x7fff0240-0x7fff029b]
2026-05-30T16:17:16.914194-03:00 debian kernel: [    0.014135] ACPI: Reserving SSDT table memory at [mem 0x7fff02a0-0x7fff02e4]
2026-05-30T16:17:16.914195-03:00 debian kernel: [    0.015155] No NUMA configuration found
2026-05-30T16:17:16.914195-03:00 debian kernel: [    0.015157] Faking a node at [mem 0x0000000000000000-0x000000007ffeffff]
2026-05-30T16:17:16.914195-03:00 debian kernel: [    0.015163] NODE_DATA(0) allocated [mem 0x7ffc5000-0x7ffeffff]
2026-05-30T16:17:16.914196-03:00 debian kernel: [    0.015323] Zone ranges:
2026-05-30T16:17:16.914213-03:00 debian kernel: [    0.015324]   DMA      [mem 0x0000000000001000-0x0000000000ffffff]
2026-05-30T16:17:16.914214-03:00 debian kernel: [    0.015326]   DMA32    [mem 0x0000000001000000-0x000000007ffeffff]
2026-05-30T16:17:16.914215-03:00 debian kernel: [    0.015327]   Normal   empty
2026-05-30T16:17:16.914215-03:00 debian kernel: [    0.015328]   Device   empty
2026-05-30T16:17:16.914215-03:00 debian kernel: [    0.015329] Movable zone start for each node
2026-05-30T16:17:16.914216-03:00 debian kernel: [    0.015330] Early memory node ranges
2026-05-30T16:17:16.914216-03:00 debian kernel: [    0.015330]   node   0: [mem 0x0000000000001000-0x000000000009efff]
2026-05-30T16:17:16.914232-03:00 debian kernel: [    0.015331]   node   0: [mem 0x0000000000100000-0x000000007ffeffff]
2026-05-30T16:17:16.914234-03:00 debian kernel: [    0.015332] Initmem setup node 0 [mem 0x0000000000001000-0x000000007ffeffff]
2026-05-30T16:17:16.914234-03:00 debian kernel: [    0.015337] On node 0, zone DMA: 1 pages in unavailable ranges
2026-05-30T16:17:16.914235-03:00 debian kernel: [    0.015363] On node 0, zone DMA: 97 pages in unavailable ranges
2026-05-30T16:17:16.914235-03:00 debian kernel: [    0.015799] On node 0, zone DMA32: 16 pages in unavailable ranges
2026-05-30T16:17:16.914235-03:00 debian kernel: [    0.017592] ACPI: PM-Timer IO Port: 0x4008
2026-05-30T16:17:16.914251-03:00 debian kernel: [    0.017855] IOAPIC[0]: apic_id 2, version 32, address 0xfec00000, GSI 0-23
2026-05-30T16:17:16.914253-03:00 debian kernel: [    0.017859] ACPI: INT_SRC_OVR (bus 0 bus_irq 0 global_irq 2 dfl dfl)
2026-05-30T16:17:16.914253-03:00 debian kernel: [    0.017860] ACPI: INT_SRC_OVR (bus 0 bus_irq 9 global_irq 9 low level)
2026-05-30T16:17:16.914254-03:00 debian kernel: [    0.017864] ACPI: Using ACPI (MADT) for SMP configuration information
2026-05-30T16:17:16.914254-03:00 debian kernel: [    0.017891] smpboot: Allowing 2 CPUs, 0 hotplug CPUs
2026-05-30T16:17:16.914254-03:00 debian kernel: [    0.018025] PM: hibernation: Registered nosave memory: [mem 0x00000000-0x00000fff]
2026-05-30T16:17:16.914255-03:00 debian kernel: [    0.018027] PM: hibernation: Registered nosave memory: [mem 0x0009f000-0x000fffff]
2026-05-30T16:17:16.914270-03:00 debian kernel: [    0.018028] [mem 0x80000000-0xfebfffff] available for PCI devices
2026-05-30T16:17:16.914272-03:00 debian kernel: [    0.018029] Booting paravirtualized kernel on KVM
2026-05-30T16:17:16.914272-03:00 debian kernel: [    0.018031] clocksource: refined-jiffies: mask: 0xffffffff max_cycles: 0xffffffff, max_idle_ns: 7645519600211568 ns
2026-05-30T16:17:16.914273-03:00 debian kernel: [    0.021390] setup_percpu: NR_CPUS:8192 nr_cpumask_bits:2 nr_cpu_ids:2 nr_node_ids:1
2026-05-30T16:17:16.914273-03:00 debian kernel: [    0.027373] percpu: Embedded 62 pages/cpu s217088 r8192 d28672 u1048576
2026-05-30T16:17:16.914274-03:00 debian kernel: [    0.027379] pcpu-alloc: s217088 r8192 d28672 u1048576 alloc=1*2097152
2026-05-30T16:17:16.914290-03:00 debian kernel: [    0.027382] pcpu-alloc: [0] 0 1 
2026-05-30T16:17:16.914291-03:00 debian kernel: [    0.027491] kvm-guest: PV spinlocks enabled
2026-05-30T16:17:16.914291-03:00 debian kernel: [    0.027493] PV qspinlock hash table entries: 256 (order: 0, 4096 bytes, linear)
2026-05-30T16:17:16.914292-03:00 debian kernel: [    0.027502] Fallback order for Node 0: 0 
2026-05-30T16:17:16.914292-03:00 debian kernel: [    0.027504] Built 1 zonelists, mobility grouping on.  Total pages: 515824
2026-05-30T16:17:16.914293-03:00 debian kernel: [    0.027505] Policy zone: DMA32
2026-05-30T16:17:16.914310-03:00 debian kernel: [    0.027506] Kernel command line: BOOT_IMAGE=/boot/vmlinuz-6.1.0-48-amd64 root=UUID=cd2cb4ca-39bd-4522-919c-e4ceb81b5ae8 ro quiet
2026-05-30T16:17:16.914311-03:00 debian kernel: [    0.027572] random: crng init done
2026-05-30T16:17:16.914312-03:00 debian kernel: [    0.034277] Dentry cache hash table entries: 262144 (order: 9, 2097152 bytes, linear)
2026-05-30T16:17:16.914312-03:00 debian kernel: [    0.034352] Inode-cache hash table entries: 131072 (order: 8, 1048576 bytes, linear)
2026-05-30T16:17:16.914313-03:00 debian kernel: [    0.034400] mem auto-init: stack:all(zero), heap alloc:on, heap free:off
2026-05-30T16:17:16.914313-03:00 debian kernel: [    0.036353] Memory: 260860K/2096696K available (14343K kernel code, 2338K rwdata, 9116K rodata, 2820K init, 17356K bss, 121112K reserved, 0K cma-reserved)
2026-05-30T16:17:16.914329-03:00 debian kernel: [    0.036429] SLUB: HWalign=64, Order=0-3, MinObjects=0, CPUs=2, Nodes=1
2026-05-30T16:17:16.914331-03:00 debian kernel: [    0.036453] ftrace: allocating 40432 entries in 158 pages
2026-05-30T16:17:16.914331-03:00 debian kernel: [    0.041738] ftrace: allocated 158 pages with 5 groups
2026-05-30T16:17:16.914332-03:00 debian kernel: [    0.042346] Dynamic Preempt: voluntary
2026-05-30T16:17:16.914332-03:00 debian kernel: [    0.042363] rcu: Preemptible hierarchical RCU implementation.
2026-05-30T16:17:16.914332-03:00 debian kernel: [    0.042364] rcu: 	RCU restricting CPUs from NR_CPUS=8192 to nr_cpu_ids=2.
2026-05-30T16:17:16.914349-03:00 debian kernel: [    0.042365] 	Trampoline variant of Tasks RCU enabled.
2026-05-30T16:17:16.914350-03:00 debian kernel: [    0.042365] 	Rude variant of Tasks RCU enabled.
2026-05-30T16:17:16.914351-03:00 debian kernel: [    0.042366] 	Tracing variant of Tasks RCU enabled.
2026-05-30T16:17:16.914351-03:00 debian kernel: [    0.042367] rcu: RCU calculated value of scheduler-enlistment delay is 25 jiffies.
2026-05-30T16:17:16.914352-03:00 debian kernel: [    0.042367] rcu: Adjusting geometry for rcu_fanout_leaf=16, nr_cpu_ids=2
2026-05-30T16:17:16.914352-03:00 debian kernel: [    0.045316] NR_IRQS: 524544, nr_irqs: 440, preallocated irqs: 16
2026-05-30T16:17:16.914352-03:00 debian kernel: [    0.045656] rcu: srcu_init: Setting srcu_struct sizes based on contention.
2026-05-30T16:17:16.914369-03:00 debian kernel: [    0.087387] Console: colour VGA+ 80x25
2026-05-30T16:17:16.914370-03:00 debian kernel: [    0.087400] printk: console [tty0] enabled
2026-05-30T16:17:16.914371-03:00 debian kernel: [    0.087427] ACPI: Core revision 20220331
2026-05-30T16:17:16.914371-03:00 debian kernel: [    0.088643] APIC: Switch to symmetric I/O mode setup
2026-05-30T16:17:16.914371-03:00 debian kernel: [    0.099474] ..TIMER: vector=0x30 apic1=0 pin1=2 apic2=-1 pin2=-1
2026-05-30T16:17:16.914372-03:00 debian kernel: [    0.099693] clocksource: tsc-early: mask: 0xffffffffffffffff max_cycles: 0x22df0f35937, max_idle_ns: 440795269039 ns
2026-05-30T16:17:16.914388-03:00 debian kernel: [    0.099703] Calibrating delay loop (skipped) preset value.. 4838.39 BogoMIPS (lpj=9676792)
2026-05-30T16:17:16.914390-03:00 debian kernel: [    0.101703] Last level iTLB entries: 4KB 0, 2MB 0, 4MB 0
2026-05-30T16:17:16.914390-03:00 debian kernel: [    0.101704] Last level dTLB entries: 4KB 0, 2MB 0, 4MB 0, 1GB 0
2026-05-30T16:17:16.914391-03:00 debian kernel: [    0.101708] Spectre V1 : Mitigation: usercopy/swapgs barriers and __user pointer sanitization
2026-05-30T16:17:16.914391-03:00 debian kernel: [    0.101710] Spectre V2 : Spectre BHI mitigation: SW BHB clearing on vm exit
2026-05-30T16:17:16.914392-03:00 debian kernel: [    0.101711] Spectre V2 : Spectre BHI mitigation: SW BHB clearing on syscall
2026-05-30T16:17:16.914459-03:00 debian kernel: [    0.101711] Spectre V2 : Mitigation: Enhanced / Automatic IBRS
2026-05-30T16:17:16.914461-03:00 debian kernel: [    0.101712] Spectre V2 : Spectre v2 / PBRSB-eIBRS: Retire a single CALL on VMEXIT
2026-05-30T16:17:16.914461-03:00 debian kernel: [    0.101712] RETBleed: Mitigation: Enhanced IBRS
2026-05-30T16:17:16.914462-03:00 debian kernel: [    0.101713] Speculative Store Bypass: Vulnerable
2026-05-30T16:17:16.914462-03:00 debian kernel: [    0.101714] active return thunk: its_return_thunk
2026-05-30T16:17:16.914463-03:00 debian kernel: [    0.101718] ITS: Mitigation: Aligned branch/return thunks
2026-05-30T16:17:16.914463-03:00 debian kernel: [    0.101821] x86/fpu: Supporting XSAVE feature 0x001: 'x87 floating point registers'
2026-05-30T16:17:16.914481-03:00 debian kernel: [    0.101823] x86/fpu: Supporting XSAVE feature 0x002: 'SSE registers'
2026-05-30T16:17:16.914482-03:00 debian kernel: [    0.101823] x86/fpu: Supporting XSAVE feature 0x004: 'AVX registers'
2026-05-30T16:17:16.914483-03:00 debian kernel: [    0.101824] x86/fpu: xstate_offset[2]:  576, xstate_sizes[2]:  256
2026-05-30T16:17:16.914483-03:00 debian kernel: [    0.101825] x86/fpu: Enabled xstate features 0x7, context size is 832 bytes, using 'standard' format.
2026-05-30T16:17:16.914484-03:00 debian kernel: [    0.111912] Freeing SMP alternatives memory: 36K
2026-05-30T16:17:16.914484-03:00 debian kernel: [    0.111919] pid_max: default: 32768 minimum: 301
2026-05-30T16:17:16.914501-03:00 debian kernel: [    0.111954] LSM: Security Framework initializing
2026-05-30T16:17:16.914502-03:00 debian kernel: [    0.111965] landlock: Up and running.
2026-05-30T16:17:16.914503-03:00 debian kernel: [    0.111966] Yama: disabled by default; enable with sysctl kernel.yama.*
2026-05-30T16:17:16.914503-03:00 debian kernel: [    0.111986] AppArmor: AppArmor initialized
2026-05-30T16:17:16.914504-03:00 debian kernel: [    0.111988] TOMOYO Linux initialized
2026-05-30T16:17:16.914504-03:00 debian kernel: [    0.111993] LSM support for eBPF active
2026-05-30T16:17:16.914521-03:00 debian kernel: [    0.112012] Mount-cache hash table entries: 4096 (order: 3, 32768 bytes, linear)
2026-05-30T16:17:16.914522-03:00 debian kernel: [    0.112017] Mountpoint-cache hash table entries: 4096 (order: 3, 32768 bytes, linear)
2026-05-30T16:17:16.914522-03:00 debian kernel: [    0.236327] APIC calibration not consistent with PM-Timer: 109ms instead of 100ms
2026-05-30T16:17:16.914523-03:00 debian kernel: [    0.236332] APIC delta adjusted to PM-Timer: 6420197 (6998950)
2026-05-30T16:17:16.914523-03:00 debian kernel: [    0.236707] smpboot: CPU0: 11th Gen Intel(R) Core(TM) i5-1135G7 @ 2.40GHz (family: 0x6, model: 0x8c, stepping: 0x1)
2026-05-30T16:17:16.914524-03:00 debian kernel: [    0.236839] cblist_init_generic: Setting adjustable number of callback queues.
2026-05-30T16:17:16.914524-03:00 debian kernel: [    0.236840] cblist_init_generic: Setting shift to 1 and lim to 1.
2026-05-30T16:17:16.914542-03:00 debian kernel: [    0.236852] cblist_init_generic: Setting adjustable number of callback queues.
2026-05-30T16:17:16.914544-03:00 debian kernel: [    0.236852] cblist_init_generic: Setting shift to 1 and lim to 1.
2026-05-30T16:17:16.914544-03:00 debian kernel: [    0.236861] cblist_init_generic: Setting adjustable number of callback queues.
2026-05-30T16:17:16.914545-03:00 debian kernel: [    0.236862] cblist_init_generic: Setting shift to 1 and lim to 1.
2026-05-30T16:17:16.914545-03:00 debian kernel: [    0.236869] Performance Events: unsupported p6 CPU model 140 no PMU driver, software events only.
2026-05-30T16:17:16.914546-03:00 debian kernel: [    0.236884] signal: max sigframe size: 1776
2026-05-30T16:17:16.914562-03:00 debian kernel: [    0.236899] rcu: Hierarchical SRCU implementation.
2026-05-30T16:17:16.914563-03:00 debian kernel: [    0.236900] rcu: 	Max phase no-delay instances is 1000.
2026-05-30T16:17:16.914564-03:00 debian kernel: [    0.237091] NMI watchdog: Perf NMI watchdog permanently disabled
2026-05-30T16:17:16.914564-03:00 debian kernel: [    0.237128] smp: Bringing up secondary CPUs ...
2026-05-30T16:17:16.914565-03:00 debian kernel: [    0.237194] x86: Booting SMP configuration:
2026-05-30T16:17:16.914565-03:00 debian kernel: [    0.237195] .... node  #0, CPUs:      #1
2026-05-30T16:17:16.914582-03:00 debian kernel: [    0.244062] smp: Brought up 1 node, 2 CPUs
2026-05-30T16:17:16.914584-03:00 debian kernel: [    0.244067] smpboot: Max logical packages: 1
2026-05-30T16:17:16.914584-03:00 debian kernel: [    0.244068] smpboot: Total of 2 processors activated (9676.79 BogoMIPS)
2026-05-30T16:17:16.914585-03:00 debian kernel: [    0.248850] node 0 deferred pages initialised in 4ms
2026-05-30T16:17:16.914585-03:00 debian kernel: [    0.248857] devtmpfs: initialized
2026-05-30T16:17:16.914585-03:00 debian kernel: [    0.248857] x86/mm: Memory block size: 128MB
2026-05-30T16:17:16.914586-03:00 debian kernel: [    0.252197] clocksource: jiffies: mask: 0xffffffff max_cycles: 0xffffffff, max_idle_ns: 7645041785100000 ns
2026-05-30T16:17:16.914602-03:00 debian kernel: [    0.252197] futex hash table entries: 512 (order: 3, 32768 bytes, linear)
2026-05-30T16:17:16.914604-03:00 debian kernel: [    0.252197] pinctrl core: initialized pinctrl subsystem
2026-05-30T16:17:16.914604-03:00 debian kernel: [    0.256289] NET: Registered PF_NETLINK/PF_ROUTE protocol family
2026-05-30T16:17:16.914605-03:00 debian kernel: [    0.256366] DMA: preallocated 256 KiB GFP_KERNEL pool for atomic allocations
2026-05-30T16:17:16.914605-03:00 debian kernel: [    0.256388] DMA: preallocated 256 KiB GFP_KERNEL|GFP_DMA pool for atomic allocations
2026-05-30T16:17:16.914606-03:00 debian kernel: [    0.256408] DMA: preallocated 256 KiB GFP_KERNEL|GFP_DMA32 pool for atomic allocations
2026-05-30T16:17:16.914622-03:00 debian kernel: [    0.256418] audit: initializing netlink subsys (disabled)
2026-05-30T16:17:16.914623-03:00 debian kernel: [    0.256539] audit: type=2000 audit(1780168644.906:1): state=initialized audit_enabled=0 res=1
2026-05-30T16:17:16.914624-03:00 debian kernel: [    0.256539] thermal_sys: Registered thermal governor 'fair_share'
2026-05-30T16:17:16.914624-03:00 debian kernel: [    0.256539] thermal_sys: Registered thermal governor 'bang_bang'
2026-05-30T16:17:16.914625-03:00 debian kernel: [    0.256539] thermal_sys: Registered thermal governor 'step_wise'
2026-05-30T16:17:16.914625-03:00 debian kernel: [    0.256539] thermal_sys: Registered thermal governor 'user_space'
2026-05-30T16:17:16.914641-03:00 debian kernel: [    0.256539] thermal_sys: Registered thermal governor 'power_allocator'
2026-05-30T16:17:16.914643-03:00 debian kernel: [    0.256539] cpuidle: using governor ladder
2026-05-30T16:17:16.914643-03:00 debian kernel: [    0.256539] cpuidle: using governor menu
2026-05-30T16:17:16.914644-03:00 debian kernel: [    0.256539] acpiphp: ACPI Hot Plug PCI Controller Driver version: 0.5
2026-05-30T16:17:16.914644-03:00 debian kernel: [    0.256539] PCI: Using configuration type 1 for base access
2026-05-30T16:17:16.914645-03:00 debian kernel: [    0.256539] mtrr: your CPUs had inconsistent variable MTRR settings
2026-05-30T16:17:16.914645-03:00 debian kernel: [    0.256539] mtrr: probably your BIOS does not setup all CPUs.
2026-05-30T16:17:16.914661-03:00 debian kernel: [    0.256539] mtrr: corrected configuration.
2026-05-30T16:17:16.914663-03:00 debian kernel: [    0.256962] kprobes: kprobe jump-optimization is enabled. All kprobes are optimized if possible.
2026-05-30T16:17:16.914663-03:00 debian kernel: [    0.275102] HugeTLB: registered 2.00 MiB page size, pre-allocated 0 pages
2026-05-30T16:17:16.914664-03:00 debian kernel: [    0.275102] HugeTLB: 28 KiB vmemmap can be freed for a 2.00 MiB page
2026-05-30T16:17:16.914664-03:00 debian kernel: [    0.278226] ACPI: Added _OSI(Module Device)
2026-05-30T16:17:16.914665-03:00 debian kernel: [    0.278226] ACPI: Added _OSI(Processor Device)
2026-05-30T16:17:16.914681-03:00 debian kernel: [    0.278226] ACPI: Added _OSI(Processor Aggregator Device)
2026-05-30T16:17:16.914683-03:00 debian kernel: [    0.279700] ACPI: 2 ACPI AML tables successfully acquired and loaded
2026-05-30T16:17:16.914683-03:00 debian kernel: [    0.279833] ACPI: Interpreter enabled
2026-05-30T16:17:16.914684-03:00 debian kernel: [    0.279834] ACPI: PM: (supports S0 S5)
2026-05-30T16:17:16.914684-03:00 debian kernel: [    0.279836] ACPI: Using IOAPIC for interrupt routing
2026-05-30T16:17:16.914684-03:00 debian kernel: [    0.280195] PCI: Using host bridge windows from ACPI; if necessary, use "pci=nocrs" and report a bug
2026-05-30T16:17:16.914701-03:00 debian kernel: [    0.280197] PCI: Using E820 reservations for host bridge windows
2026-05-30T16:17:16.914703-03:00 debian kernel: [    0.280306] ACPI: Enabled 2 GPEs in block 00 to 07
2026-05-30T16:17:16.914703-03:00 debian kernel: [    0.288295] ACPI: PCI Root Bridge [PCI0] (domain 0000 [bus 00-ff])
2026-05-30T16:17:16.914704-03:00 debian kernel: [    0.288302] acpi PNP0A03:00: _OSC: OS supports [ASPM ClockPM Segments MSI HPX-Type3]
2026-05-30T16:17:16.914704-03:00 debian kernel: [    0.288304] acpi PNP0A03:00: _OSC: not requesting OS control; OS requires [ExtendedConfig ASPM ClockPM MSI]
2026-05-30T16:17:16.914705-03:00 debian kernel: [    0.288956] acpi PNP0A03:00: fail to add MMCONFIG information, can't access extended PCI configuration space under this bridge.
2026-05-30T16:17:16.914721-03:00 debian kernel: [    0.289599] PCI host bridge to bus 0000:00
2026-05-30T16:17:16.914723-03:00 debian kernel: [    0.289601] pci_bus 0000:00: root bus resource [io  0x0000-0x0cf7 window]
2026-05-30T16:17:16.914723-03:00 debian kernel: [    0.289602] pci_bus 0000:00: root bus resource [io  0x0d00-0xffff window]
2026-05-30T16:17:16.914724-03:00 debian kernel: [    0.289604] pci_bus 0000:00: root bus resource [mem 0x000a0000-0x000bffff window]
2026-05-30T16:17:16.914724-03:00 debian kernel: [    0.289605] pci_bus 0000:00: root bus resource [mem 0x80000000-0xfdffffff window]
2026-05-30T16:17:16.914724-03:00 debian kernel: [    0.289606] pci_bus 0000:00: root bus resource [bus 00-ff]
2026-05-30T16:17:16.914725-03:00 debian kernel: [    0.289973] pci 0000:00:00.0: [8086:1237] type 00 class 0x060000
2026-05-30T16:17:16.914741-03:00 debian kernel: [    0.291761] pci 0000:00:01.0: [8086:7000] type 00 class 0x060100
2026-05-30T16:17:16.914743-03:00 debian kernel: [    0.293846] pci 0000:00:01.1: [8086:7111] type 00 class 0x01018a
2026-05-30T16:17:16.914743-03:00 debian kernel: [    0.295044] pci 0000:00:01.1: BAR 4 [io  0xd000-0xd00f]
2026-05-30T16:17:16.914744-03:00 debian kernel: [    0.295857] pci 0000:00:01.1: BAR 0 [io  0x01f0-0x01f7]: legacy IDE quirk
2026-05-30T16:17:16.914744-03:00 debian kernel: [    0.295859] pci 0000:00:01.1: BAR 1 [io  0x03f6]: legacy IDE quirk
2026-05-30T16:17:16.914744-03:00 debian kernel: [    0.295860] pci 0000:00:01.1: BAR 2 [io  0x0170-0x0177]: legacy IDE quirk
2026-05-30T16:17:16.914767-03:00 debian kernel: [    0.295861] pci 0000:00:01.1: BAR 3 [io  0x0376]: legacy IDE quirk
2026-05-30T16:17:16.914768-03:00 debian kernel: [    0.296508] pci 0000:00:02.0: [15ad:0405] type 00 class 0x030000
2026-05-30T16:17:16.914769-03:00 debian kernel: [    0.297540] pci 0000:00:02.0: BAR 0 [io  0xd010-0xd01f]
2026-05-30T16:17:16.914769-03:00 debian kernel: [    0.298324] pci 0000:00:02.0: BAR 1 [mem 0xe0000000-0xe0ffffff pref]
2026-05-30T16:17:16.914769-03:00 debian kernel: [    0.299135] pci 0000:00:02.0: BAR 2 [mem 0xf0000000-0xf01fffff]
2026-05-30T16:17:16.914770-03:00 debian kernel: [    0.301920] pci 0000:00:02.0: Video device with shadowed ROM at [mem 0x000c0000-0x000dffff]
2026-05-30T16:17:16.914770-03:00 debian kernel: [    0.302592] pci 0000:00:03.0: [8086:100e] type 00 class 0x020000
2026-05-30T16:17:16.914790-03:00 debian kernel: [    0.302963] pci 0000:00:03.0: BAR 0 [mem 0xf0200000-0xf021ffff]
2026-05-30T16:17:16.914791-03:00 debian kernel: [    0.303791] pci 0000:00:03.0: BAR 2 [io  0xd020-0xd027]
2026-05-30T16:17:16.914792-03:00 debian kernel: [    0.305831] pci 0000:00:04.0: [80ee:cafe] type 00 class 0x088000
2026-05-30T16:17:16.914792-03:00 debian kernel: [    0.306472] pci 0000:00:04.0: BAR 0 [io  0xd040-0xd05f]
2026-05-30T16:17:16.914793-03:00 debian kernel: [    0.306908] pci 0000:00:04.0: BAR 1 [mem 0xf0400000-0xf07fffff]
2026-05-30T16:17:16.914793-03:00 debian kernel: [    0.307369] pci 0000:00:04.0: BAR 2 [mem 0xf0800000-0xf0803fff pref]
2026-05-30T16:17:16.914812-03:00 debian kernel: [    0.309510] pci 0000:00:05.0: [8086:2415] type 00 class 0x040100
2026-05-30T16:17:16.914813-03:00 debian kernel: [    0.309871] pci 0000:00:05.0: BAR 0 [io  0xd100-0xd1ff]
2026-05-30T16:17:16.914814-03:00 debian kernel: [    0.310099] pci 0000:00:05.0: BAR 1 [io  0xd200-0xd23f]
2026-05-30T16:17:16.914814-03:00 debian kernel: [    0.311835] pci 0000:00:06.0: [106b:003f] type 00 class 0x0c0310
2026-05-30T16:17:16.914814-03:00 debian kernel: [    0.312215] pci 0000:00:06.0: BAR 0 [mem 0xf0804000-0xf0804fff]
2026-05-30T16:17:16.914868-03:00 debian kernel: [    0.314249] pci 0000:00:07.0: [8086:7113] type 00 class 0x068000
2026-05-30T16:17:16.914900-03:00 debian kernel: [    0.315757] pci 0000:00:07.0: quirk: [io  0x4000-0x403f] claimed by PIIX4 ACPI
2026-05-30T16:17:16.914901-03:00 debian kernel: [    0.315786] pci 0000:00:07.0: quirk: [io  0x4100-0x410f] claimed by PIIX4 SMB
2026-05-30T16:17:16.914902-03:00 debian kernel: [    0.316852] pci 0000:00:0d.0: [8086:2829] type 00 class 0x010601
2026-05-30T16:17:16.914902-03:00 debian kernel: [    0.317214] pci 0000:00:0d.0: BAR 0 [io  0xd240-0xd247]
2026-05-30T16:17:16.914903-03:00 debian kernel: [    0.317414] pci 0000:00:0d.0: BAR 1 [io  0xd248-0xd24b]
2026-05-30T16:17:16.914903-03:00 debian kernel: [    0.317641] pci 0000:00:0d.0: BAR 2 [io  0xd250-0xd257]
2026-05-30T16:17:16.914903-03:00 debian kernel: [    0.317842] pci 0000:00:0d.0: BAR 3 [io  0xd258-0xd25b]
2026-05-30T16:17:16.914921-03:00 debian kernel: [    0.318042] pci 0000:00:0d.0: BAR 4 [io  0xd260-0xd26f]
2026-05-30T16:17:16.914922-03:00 debian kernel: [    0.318243] pci 0000:00:0d.0: BAR 5 [mem 0xf0806000-0xf0807fff]
2026-05-30T16:17:16.914923-03:00 debian kernel: [    0.321674] ACPI: PCI: Interrupt link LNKA configured for IRQ 11
2026-05-30T16:17:16.914923-03:00 debian kernel: [    0.322083] ACPI: PCI: Interrupt link LNKB configured for IRQ 10
2026-05-30T16:17:16.914924-03:00 debian kernel: [    0.322245] ACPI: PCI: Interrupt link LNKC configured for IRQ 9
2026-05-30T16:17:16.914924-03:00 debian kernel: [    0.322417] ACPI: PCI: Interrupt link LNKD configured for IRQ 11
2026-05-30T16:17:16.914941-03:00 debian kernel: [    0.323773] iommu: Default domain type: Translated 
2026-05-30T16:17:16.914942-03:00 debian kernel: [    0.323773] iommu: DMA domain TLB invalidation policy: lazy mode 
2026-05-30T16:17:16.914943-03:00 debian kernel: [    0.323805] pps_core: LinuxPPS API ver. 1 registered
2026-05-30T16:17:16.914943-03:00 debian kernel: [    0.323806] pps_core: Software ver. 5.3.6 - Copyright 2005-2007 Rodolfo Giometti <giometti@linux.it>
2026-05-30T16:17:16.914944-03:00 debian kernel: [    0.323808] PTP clock support registered
2026-05-30T16:17:16.914944-03:00 debian kernel: [    0.323816] EDAC MC: Ver: 3.0.0
2026-05-30T16:17:16.914975-03:00 debian kernel: [    0.324023] NetLabel: Initializing
2026-05-30T16:17:16.914976-03:00 debian kernel: [    0.324025] NetLabel:  domain hash size = 128
2026-05-30T16:17:16.914977-03:00 debian kernel: [    0.324025] NetLabel:  protocols = UNLABELED CIPSOv4 CALIPSO
2026-05-30T16:17:16.914977-03:00 debian kernel: [    0.324041] NetLabel:  unlabeled traffic allowed by default
2026-05-30T16:17:16.914978-03:00 debian kernel: [    0.324042] PCI: Using ACPI for IRQ routing
2026-05-30T16:17:16.914978-03:00 debian kernel: [    0.324043] PCI: pci_cache_line_size set to 64 bytes
2026-05-30T16:17:16.914978-03:00 debian kernel: [    0.327700] e820: reserve RAM buffer [mem 0x0009fc00-0x0009ffff]
2026-05-30T16:17:16.914995-03:00 debian kernel: [    0.327700] e820: reserve RAM buffer [mem 0x7fff0000-0x7fffffff]
2026-05-30T16:17:16.914997-03:00 debian kernel: [    0.327700] pci 0000:00:02.0: vgaarb: setting as boot VGA device
2026-05-30T16:17:16.914997-03:00 debian kernel: [    0.327700] pci 0000:00:02.0: vgaarb: bridge control possible
2026-05-30T16:17:16.914998-03:00 debian kernel: [    0.327700] pci 0000:00:02.0: vgaarb: VGA device added: decodes=io+mem,owns=io+mem,locks=none
2026-05-30T16:17:16.914998-03:00 debian kernel: [    0.327700] vgaarb: loaded
2026-05-30T16:17:16.914999-03:00 debian kernel: [    0.327705] clocksource: Switched to clocksource kvm-clock
2026-05-30T16:17:16.915016-03:00 debian kernel: [    0.327728] VFS: Disk quotas dquot_6.6.0
2026-05-30T16:17:16.915017-03:00 debian kernel: [    0.327728] VFS: Dquot-cache hash table entries: 512 (order 0, 4096 bytes)
2026-05-30T16:17:16.915018-03:00 debian kernel: [    0.327728] AppArmor: AppArmor Filesystem Enabled
2026-05-30T16:17:16.915018-03:00 debian kernel: [    0.327728] pnp: PnP ACPI init
2026-05-30T16:17:16.915019-03:00 debian kernel: [    0.336509] pnp: PnP ACPI: found 2 devices
2026-05-30T16:17:16.915019-03:00 debian kernel: [    0.342849] clocksource: acpi_pm: mask: 0xffffff max_cycles: 0xffffff, max_idle_ns: 2085701024 ns
2026-05-30T16:17:16.915019-03:00 debian kernel: [    0.343010] NET: Registered PF_INET protocol family
2026-05-30T16:17:16.915036-03:00 debian kernel: [    0.343049] IP idents hash table entries: 32768 (order: 6, 262144 bytes, linear)
2026-05-30T16:17:16.915038-03:00 debian kernel: [    0.343726] tcp_listen_portaddr_hash hash table entries: 1024 (order: 2, 16384 bytes, linear)
2026-05-30T16:17:16.915038-03:00 debian kernel: [    0.343745] Table-perturb hash table entries: 65536 (order: 6, 262144 bytes, linear)
2026-05-30T16:17:16.915039-03:00 debian kernel: [    0.343754] TCP established hash table entries: 16384 (order: 5, 131072 bytes, linear)
2026-05-30T16:17:16.915039-03:00 debian kernel: [    0.343794] TCP bind hash table entries: 16384 (order: 7, 524288 bytes, linear)
2026-05-30T16:17:16.915039-03:00 debian kernel: [    0.343826] TCP: Hash tables configured (established 16384 bind 16384)
2026-05-30T16:17:16.915057-03:00 debian kernel: [    0.343864] MPTCP token hash table entries: 2048 (order: 4, 49152 bytes, linear)
2026-05-30T16:17:16.915058-03:00 debian kernel: [    0.344058] UDP hash table entries: 1024 (order: 3, 32768 bytes, linear)
2026-05-30T16:17:16.915058-03:00 debian kernel: [    0.344075] UDP-Lite hash table entries: 1024 (order: 3, 32768 bytes, linear)
2026-05-30T16:17:16.915059-03:00 debian kernel: [    0.344104] NET: Registered PF_UNIX/PF_LOCAL protocol family
2026-05-30T16:17:16.915059-03:00 debian kernel: [    0.344111] NET: Registered PF_XDP protocol family
2026-05-30T16:17:16.915059-03:00 debian kernel: [    0.344120] pci_bus 0000:00: resource 4 [io  0x0000-0x0cf7 window]
2026-05-30T16:17:16.915076-03:00 debian kernel: [    0.344122] pci_bus 0000:00: resource 5 [io  0x0d00-0xffff window]
2026-05-30T16:17:16.915078-03:00 debian kernel: [    0.344123] pci_bus 0000:00: resource 6 [mem 0x000a0000-0x000bffff window]
2026-05-30T16:17:16.915078-03:00 debian kernel: [    0.344124] pci_bus 0000:00: resource 7 [mem 0x80000000-0xfdffffff window]
2026-05-30T16:17:16.915079-03:00 debian kernel: [    0.344171] pci 0000:00:00.0: Limiting direct PCI/PCI transfers
2026-05-30T16:17:16.915079-03:00 debian kernel: [    0.346693] PCI: CLS 0 bytes, default 64
2026-05-30T16:17:16.915079-03:00 debian kernel: [    0.346991] clocksource: tsc: mask: 0xffffffffffffffff max_cycles: 0x22df0f35937, max_idle_ns: 440795269039 ns
2026-05-30T16:17:16.915080-03:00 debian kernel: [    0.347123] clocksource: Switched to clocksource tsc
2026-05-30T16:17:16.915097-03:00 debian kernel: [    0.347145] platform rtc_cmos: registered platform RTC device (no PNP device found)
2026-05-30T16:17:16.915098-03:00 debian kernel: [    0.347221] Trying to unpack rootfs image as initramfs...
2026-05-30T16:17:16.915099-03:00 debian kernel: [    0.347757] Initialise system trusted keyrings
2026-05-30T16:17:16.915099-03:00 debian kernel: [    0.347766] Key type blacklist registered
2026-05-30T16:17:16.915100-03:00 debian kernel: [    0.350370] workingset: timestamp_bits=36 max_order=19 bucket_order=0
2026-05-30T16:17:16.915100-03:00 debian kernel: [    0.351094] zbud: loaded
2026-05-30T16:17:16.915121-03:00 debian kernel: [    0.352023] integrity: Platform Keyring initialized
2026-05-30T16:17:16.915122-03:00 debian kernel: [    0.352027] integrity: Machine keyring initialized
2026-05-30T16:17:16.915122-03:00 debian kernel: [    0.352029] Key type asymmetric registered
2026-05-30T16:17:16.915123-03:00 debian kernel: [    0.352030] Asymmetric key parser 'x509' registered
2026-05-30T16:17:16.915123-03:00 debian kernel: [    0.849821] Freeing initrd memory: 30584K
2026-05-30T16:17:16.915123-03:00 debian kernel: [    0.860119] alg: self-tests for CTR-KDF (hmac(sha256)) passed
2026-05-30T16:17:16.915140-03:00 debian kernel: [    0.860145] Block layer SCSI generic (bsg) driver version 0.4 loaded (major 248)
2026-05-30T16:17:16.915141-03:00 debian kernel: [    0.860567] io scheduler mq-deadline registered
2026-05-30T16:17:16.915142-03:00 debian kernel: [    0.862223] shpchp: Standard Hot Plug PCI Controller Driver version: 0.4
2026-05-30T16:17:16.915142-03:00 debian kernel: [    0.862793] Serial: 8250/16550 driver, 4 ports, IRQ sharing enabled
2026-05-30T16:17:16.915142-03:00 debian kernel: [    0.863419] Linux agpgart interface v0.103
2026-05-30T16:17:16.915143-03:00 debian kernel: [    0.863499] AMD-Vi: AMD IOMMUv2 functionality not available on this system - This is not a bug.
2026-05-30T16:17:16.915143-03:00 debian kernel: [    0.864119] i8042: PNP: PS/2 Controller [PNP0303:PS2K,PNP0f03:PS2M] at 0x60,0x64 irq 1,12
2026-05-30T16:17:16.915159-03:00 debian kernel: [    0.866906] serio: i8042 KBD port at 0x60,0x64 irq 1
2026-05-30T16:17:16.915161-03:00 debian kernel: [    0.866911] serio: i8042 AUX port at 0x60,0x64 irq 12
2026-05-30T16:17:16.915161-03:00 debian kernel: [    0.866984] mousedev: PS/2 mouse device common for all mice
2026-05-30T16:17:16.915162-03:00 debian kernel: [    0.868022] input: AT Translated Set 2 keyboard as /devices/platform/i8042/serio0/input/input0
2026-05-30T16:17:16.915162-03:00 debian kernel: [    0.870447] rtc_cmos rtc_cmos: registered as rtc0
2026-05-30T16:17:16.915162-03:00 debian kernel: [    0.870740] rtc_cmos rtc_cmos: setting system clock to 2026-05-30T19:17:12 UTC (1780168632)
2026-05-30T16:17:16.915180-03:00 debian kernel: [    0.870864] rtc_cmos rtc_cmos: alarms up to one day, 114 bytes nvram
2026-05-30T16:17:16.915181-03:00 debian kernel: [    0.870871] intel_pstate: CPU model not supported
2026-05-30T16:17:16.915182-03:00 debian kernel: [    0.871254] ledtrig-cpu: registered to indicate activity on CPUs
2026-05-30T16:17:16.915182-03:00 debian kernel: [    0.882987] NET: Registered PF_INET6 protocol family
2026-05-30T16:17:16.915182-03:00 debian kernel: [    0.891660] Segment Routing with IPv6
2026-05-30T16:17:16.915183-03:00 debian kernel: [    0.891673] In-situ OAM (IOAM) with IPv6
2026-05-30T16:17:16.915183-03:00 debian kernel: [    0.891693] mip6: Mobile IPv6
2026-05-30T16:17:16.915200-03:00 debian kernel: [    0.891698] NET: Registered PF_PACKET protocol family
2026-05-30T16:17:16.915201-03:00 debian kernel: [    0.892150] mpls_gso: MPLS GSO support
2026-05-30T16:17:16.915201-03:00 debian kernel: [    0.892705] IPI shorthand broadcast: enabled
2026-05-30T16:17:16.915202-03:00 debian kernel: [    0.892726] sched_clock: Marking stable (838934518, 53673369)->(890494848, 2113039)
2026-05-30T16:17:16.915202-03:00 debian kernel: [    0.893401] registered taskstats version 1
2026-05-30T16:17:16.915202-03:00 debian kernel: [    0.893408] Loading compiled-in X.509 certificates
2026-05-30T16:17:16.915220-03:00 debian kernel: [    0.907291] Loaded X.509 cert 'Build time autogenerated kernel key: 7ef70cd7d5c4387a84910f1f6de03ffe1bee730f'
2026-05-30T16:17:16.915221-03:00 debian kernel: [    0.908355] zswap: loaded using pool lzo/zbud
2026-05-30T16:17:16.915221-03:00 debian kernel: [    0.909890] Key type .fscrypt registered
2026-05-30T16:17:16.915222-03:00 debian kernel: [    0.909891] Key type fscrypt-provisioning registered
2026-05-30T16:17:16.915222-03:00 debian kernel: [    0.917254] Key type encrypted registered
2026-05-30T16:17:16.915222-03:00 debian kernel: [    0.917258] AppArmor: AppArmor sha1 policy hashing enabled
2026-05-30T16:17:16.915249-03:00 debian kernel: [    0.917267] ima: No TPM chip found, activating TPM-bypass!
2026-05-30T16:17:16.915251-03:00 debian kernel: [    0.917268] ima: Allocated hash algorithm: sha256
2026-05-30T16:17:16.915251-03:00 debian kernel: [    0.917276] ima: No architecture policies found
2026-05-30T16:17:16.915252-03:00 debian kernel: [    0.917284] evm: Initialising EVM extended attributes:
2026-05-30T16:17:16.915252-03:00 debian kernel: [    0.917284] evm: security.selinux
2026-05-30T16:17:16.915252-03:00 debian kernel: [    0.917285] evm: security.SMACK64 (disabled)
2026-05-30T16:17:16.915253-03:00 debian kernel: [    0.917285] evm: security.SMACK64EXEC (disabled)
2026-05-30T16:17:16.915269-03:00 debian kernel: [    0.917286] evm: security.SMACK64TRANSMUTE (disabled)
2026-05-30T16:17:16.915271-03:00 debian kernel: [    0.917286] evm: security.SMACK64MMAP (disabled)
2026-05-30T16:17:16.915271-03:00 debian kernel: [    0.917287] evm: security.apparmor
2026-05-30T16:17:16.915272-03:00 debian kernel: [    0.917287] evm: security.ima
2026-05-30T16:17:16.915272-03:00 debian kernel: [    0.917288] evm: security.capability
2026-05-30T16:17:16.915272-03:00 debian kernel: [    0.917288] evm: HMAC attrs: 0x1
2026-05-30T16:17:16.915534-03:00 debian kernel: [    0.991188] clk: Disabling unused clocks
2026-05-30T16:17:16.915537-03:00 debian kernel: [    0.992664] Freeing unused decrypted memory: 2036K
2026-05-30T16:17:16.915538-03:00 debian kernel: [    0.993499] Freeing unused kernel image (initmem) memory: 2820K
2026-05-30T16:17:16.915538-03:00 debian kernel: [    0.993502] Write protecting the kernel read-only data: 26624k
2026-05-30T16:17:16.915538-03:00 debian kernel: [    0.994743] Freeing unused kernel image (text/rodata gap) memory: 2040K
2026-05-30T16:17:16.915539-03:00 debian kernel: [    0.995413] Freeing unused kernel image (rodata/data gap) memory: 1124K
2026-05-30T16:17:16.915560-03:00 debian kernel: [    1.001786] x86/mm: Checked W+X mappings: passed, no W+X pages found.
2026-05-30T16:17:16.915562-03:00 debian kernel: [    1.001794] Run /init as init process
2026-05-30T16:17:16.915693-03:00 debian kernel: [    1.001795]   with arguments:
2026-05-30T16:17:16.915694-03:00 debian kernel: [    1.001797]     /init
2026-05-30T16:17:16.915695-03:00 debian kernel: [    1.001797]   with environment:
2026-05-30T16:17:16.915695-03:00 debian kernel: [    1.001798]     HOME=/
2026-05-30T16:17:16.915695-03:00 debian kernel: [    1.001798]     TERM=linux
2026-05-30T16:17:16.915716-03:00 debian kernel: [    1.106186] ACPI: battery: Slot [BAT0] (battery present)
2026-05-30T16:17:16.915718-03:00 debian kernel: [    1.109170] ACPI: video: Video Device [GFX0] (multi-head: yes  rom: no  post: no)
2026-05-30T16:17:16.915718-03:00 debian kernel: [    1.109219] input: Video Bus as /devices/LNXSYSTM:00/LNXSYBUS:00/PNP0A03:00/LNXVIDEO:00/input/input2
2026-05-30T16:17:16.915719-03:00 debian kernel: [    1.115472] piix4_smbus 0000:00:07.0: SMBus Host Controller at 0x4100, revision 0
2026-05-30T16:17:16.915719-03:00 debian kernel: [    1.150572] SCSI subsystem initialized
2026-05-30T16:17:16.915719-03:00 debian kernel: [    1.199053] e1000: Intel(R) PRO/1000 Network Driver
2026-05-30T16:17:16.915737-03:00 debian kernel: [    1.199055] e1000: Copyright (c) 1999-2006 Intel Corporation.
2026-05-30T16:17:16.915738-03:00 debian kernel: [    1.229162] libata version 3.00 loaded.
2026-05-30T16:17:16.915739-03:00 debian kernel: [    1.232015] ata_piix 0000:00:01.1: version 2.13
2026-05-30T16:17:16.915739-03:00 debian kernel: [    1.238420] ahci 0000:00:0d.0: version 3.0
2026-05-30T16:17:16.915740-03:00 debian kernel: [    1.239672] ahci 0000:00:0d.0: SSS flag set, parallel bus scan disabled
2026-05-30T16:17:16.915740-03:00 debian kernel: [    1.241184] ahci 0000:00:0d.0: AHCI 0001.0100 32 slots 4 ports 3 Gbps 0xf impl SATA mode
2026-05-30T16:17:16.915757-03:00 debian kernel: [    1.241188] ahci 0000:00:0d.0: flags: 64bit ncq stag only ccc 
2026-05-30T16:17:16.915759-03:00 debian kernel: [    1.244697] ACPI: bus type USB registered
2026-05-30T16:17:16.915759-03:00 debian kernel: [    1.244831] usbcore: registered new interface driver usbfs
2026-05-30T16:17:16.915760-03:00 debian kernel: [    1.244877] usbcore: registered new interface driver hub
2026-05-30T16:17:16.915760-03:00 debian kernel: [    1.244886] usbcore: registered new device driver usb
2026-05-30T16:17:16.915760-03:00 debian kernel: [    1.244988] scsi host0: ata_piix
2026-05-30T16:17:16.915760-03:00 debian kernel: [    1.245156] scsi host2: ata_piix
2026-05-30T16:17:16.915777-03:00 debian kernel: [    1.245177] ata1: PATA max UDMA/33 cmd 0x1f0 ctl 0x3f6 bmdma 0xd000 irq 14
2026-05-30T16:17:16.915779-03:00 debian kernel: [    1.245179] ata2: PATA max UDMA/33 cmd 0x170 ctl 0x376 bmdma 0xd008 irq 15
2026-05-30T16:17:16.915779-03:00 debian kernel: [    1.253990] scsi host1: ahci
2026-05-30T16:17:16.915780-03:00 debian kernel: [    1.262276] scsi host3: ahci
2026-05-30T16:17:16.915780-03:00 debian kernel: [    1.270479] scsi host4: ahci
2026-05-30T16:17:16.915780-03:00 debian kernel: [    1.270585] scsi host5: ahci
2026-05-30T16:17:16.915797-03:00 debian kernel: [    1.270655] ata3: SATA max UDMA/133 abar m8192@0xf0806000 port 0xf0806100 irq 21
2026-05-30T16:17:16.915798-03:00 debian kernel: [    1.270687] ata4: SATA max UDMA/133 abar m8192@0xf0806000 port 0xf0806180 irq 21
2026-05-30T16:17:16.915799-03:00 debian kernel: [    1.270717] ata5: SATA max UDMA/133 abar m8192@0xf0806000 port 0xf0806200 irq 21
2026-05-30T16:17:16.915799-03:00 debian kernel: [    1.270747] ata6: SATA max UDMA/133 abar m8192@0xf0806000 port 0xf0806280 irq 21
2026-05-30T16:17:16.915800-03:00 debian kernel: [    1.446869] input: ImExPS/2 Generic Explorer Mouse as /devices/platform/i8042/serio1/input/input3
2026-05-30T16:17:16.915800-03:00 debian kernel: [    1.594535] ata3: SATA link up 3.0 Gbps (SStatus 123 SControl 300)
2026-05-30T16:17:16.915800-03:00 debian kernel: [    1.594929] ata3.00: ATA-6: VBOX HARDDISK, 1.0, max UDMA/133
2026-05-30T16:17:16.915817-03:00 debian kernel: [    1.594932] ata3.00: 20971520 sectors, multi 128: LBA48 NCQ (depth 32)
2026-05-30T16:17:16.915818-03:00 debian kernel: [    1.595535] ata3.00: configured for UDMA/133
2026-05-30T16:17:16.915818-03:00 debian kernel: [    1.598773] scsi 1:0:0:0: Direct-Access     ATA      VBOX HARDDISK    1.0  PQ: 0 ANSI: 5
2026-05-30T16:17:16.915819-03:00 debian kernel: [    1.971922] ata4: SATA link up 3.0 Gbps (SStatus 123 SControl 300)
2026-05-30T16:17:16.915819-03:00 debian kernel: [    1.973799] ata4.00: ATA-6: VBOX HARDDISK, 1.0, max UDMA/133
2026-05-30T16:17:16.915820-03:00 debian kernel: [    1.973803] ata4.00: 16777216 sectors, multi 128: LBA48 NCQ (depth 32)
2026-05-30T16:17:16.915841-03:00 debian kernel: [    1.975391] ata4.00: configured for UDMA/133
2026-05-30T16:17:16.915842-03:00 debian kernel: [    1.975492] scsi 3:0:0:0: Direct-Access     ATA      VBOX HARDDISK    1.0  PQ: 0 ANSI: 5
2026-05-30T16:17:16.915843-03:00 debian kernel: [    2.013924] e1000 0000:00:03.0 eth0: (PCI:33MHz:32-bit) 08:00:27:5c:cd:61
2026-05-30T16:17:16.915843-03:00 debian kernel: [    2.013967] e1000 0000:00:03.0 eth0: Intel(R) PRO/1000 Network Connection
2026-05-30T16:17:16.915843-03:00 debian kernel: [    2.291748] ata5: SATA link up 3.0 Gbps (SStatus 123 SControl 300)
2026-05-30T16:17:16.915844-03:00 debian kernel: [    2.292842] ata5.00: ATA-6: VBOX HARDDISK, 1.0, max UDMA/133
2026-05-30T16:17:16.915860-03:00 debian kernel: [    2.292850] ata5.00: 20971520 sectors, multi 128: LBA48 NCQ (depth 32)
2026-05-30T16:17:16.915862-03:00 debian kernel: [    2.294162] ata5.00: configured for UDMA/133
2026-05-30T16:17:16.915862-03:00 debian kernel: [    2.294433] scsi 4:0:0:0: Direct-Access     ATA      VBOX HARDDISK    1.0  PQ: 0 ANSI: 5
2026-05-30T16:17:16.915863-03:00 debian kernel: [    2.860290] ata6: SATA link up 3.0 Gbps (SStatus 123 SControl 300)
2026-05-30T16:17:16.915863-03:00 debian kernel: [    2.861513] ata6.00: ATAPI: VBOX CD-ROM, 1.0, max UDMA/133
2026-05-30T16:17:16.915863-03:00 debian kernel: [    2.861520] ata6.00: applying bridge limits
2026-05-30T16:17:16.915864-03:00 debian kernel: [    2.863201] ata6.00: configured for UDMA/100
2026-05-30T16:17:16.915881-03:00 debian kernel: [    2.869533] scsi 5:0:0:0: CD-ROM            VBOX     CD-ROM           1.0  PQ: 0 ANSI: 5
2026-05-30T16:17:16.915883-03:00 debian kernel: [    2.890230] ohci-pci 0000:00:06.0: OHCI PCI host controller
2026-05-30T16:17:16.915883-03:00 debian kernel: [    2.890239] ohci-pci 0000:00:06.0: new USB bus registered, assigned bus number 1
2026-05-30T16:17:16.915884-03:00 debian kernel: [    2.890696] ohci-pci 0000:00:06.0: irq 22, io mem 0xf0804000
2026-05-30T16:17:16.915884-03:00 debian kernel: [    2.894235] e1000 0000:00:03.0 enp0s3: renamed from eth0
2026-05-30T16:17:16.915899-03:00 debian kernel: [    2.913466] sr 5:0:0:0: [sr0] scsi3-mmc drive: 32x/32x xa/form2 tray
2026-05-30T16:17:16.915917-03:00 debian kernel: [    2.913471] cdrom: Uniform CD-ROM driver Revision: 3.20
2026-05-30T16:17:16.915918-03:00 debian kernel: [    2.917152] sr 5:0:0:0: Attached scsi CD-ROM sr0
2026-05-30T16:17:16.915919-03:00 debian kernel: [    2.939271] sd 1:0:0:0: [sda] 20971520 512-byte logical blocks: (10.7 GB/10.0 GiB)
2026-05-30T16:17:16.915919-03:00 debian kernel: [    2.939279] sd 1:0:0:0: [sda] Write Protect is off
2026-05-30T16:17:16.915919-03:00 debian kernel: [    2.939280] sd 1:0:0:0: [sda] Mode Sense: 00 3a 00 00
2026-05-30T16:17:16.915920-03:00 debian kernel: [    2.939286] sd 1:0:0:0: [sda] Write cache: enabled, read cache: enabled, doesn't support DPO or FUA
2026-05-30T16:17:16.915937-03:00 debian kernel: [    2.939296] sd 1:0:0:0: [sda] Preferred minimum I/O size 512 bytes
2026-05-30T16:17:16.915938-03:00 debian kernel: [    2.939302] sd 4:0:0:0: [sdc] 20971520 512-byte logical blocks: (10.7 GB/10.0 GiB)
2026-05-30T16:17:16.915939-03:00 debian kernel: [    2.939307] sd 4:0:0:0: [sdc] Write Protect is off
2026-05-30T16:17:16.915939-03:00 debian kernel: [    2.939309] sd 4:0:0:0: [sdc] Mode Sense: 00 3a 00 00
2026-05-30T16:17:16.915940-03:00 debian kernel: [    2.939315] sd 4:0:0:0: [sdc] Write cache: enabled, read cache: enabled, doesn't support DPO or FUA
2026-05-30T16:17:16.915940-03:00 debian kernel: [    2.939323] sd 4:0:0:0: [sdc] Preferred minimum I/O size 512 bytes
2026-05-30T16:17:16.915940-03:00 debian kernel: [    2.939502] sd 3:0:0:0: [sdb] 16777216 512-byte logical blocks: (8.59 GB/8.00 GiB)
2026-05-30T16:17:16.915957-03:00 debian kernel: [    2.939506] sd 3:0:0:0: [sdb] Write Protect is off
2026-05-30T16:17:16.915958-03:00 debian kernel: [    2.939507] sd 3:0:0:0: [sdb] Mode Sense: 00 3a 00 00
2026-05-30T16:17:16.915959-03:00 debian kernel: [    2.939513] sd 3:0:0:0: [sdb] Write cache: enabled, read cache: enabled, doesn't support DPO or FUA
2026-05-30T16:17:16.915959-03:00 debian kernel: [    2.939522] sd 3:0:0:0: [sdb] Preferred minimum I/O size 512 bytes
2026-05-30T16:17:16.915960-03:00 debian kernel: [    2.944279]  sdb: sdb1
2026-05-30T16:17:16.915960-03:00 debian kernel: [    2.944282]  sdc: sdc1 sdc2
2026-05-30T16:17:16.915976-03:00 debian kernel: [    2.944510] sd 3:0:0:0: [sdb] Attached SCSI disk
2026-05-30T16:17:16.915977-03:00 debian kernel: [    2.944905]  sda: sda1 sda2 < sda5 >
2026-05-30T16:17:16.915978-03:00 debian kernel: [    2.945297] sd 4:0:0:0: [sdc] Attached SCSI disk
2026-05-30T16:17:16.915978-03:00 debian kernel: [    2.948173] sd 1:0:0:0: [sda] Attached SCSI disk
2026-05-30T16:17:16.915979-03:00 debian kernel: [    2.948708] usb usb1: New USB device found, idVendor=1d6b, idProduct=0001, bcdDevice= 6.01
2026-05-30T16:17:16.915979-03:00 debian kernel: [    2.948711] usb usb1: New USB device strings: Mfr=3, Product=2, SerialNumber=1
2026-05-30T16:17:16.915996-03:00 debian kernel: [    2.948712] usb usb1: Product: OHCI PCI host controller
2026-05-30T16:17:16.915997-03:00 debian kernel: [    2.948713] usb usb1: Manufacturer: Linux 6.1.0-48-amd64 ohci_hcd
2026-05-30T16:17:16.915998-03:00 debian kernel: [    2.948714] usb usb1: SerialNumber: 0000:00:06.0
2026-05-30T16:17:16.915998-03:00 debian kernel: [    2.950741] hub 1-0:1.0: USB hub found
2026-05-30T16:17:16.915998-03:00 debian kernel: [    2.950835] hub 1-0:1.0: 12 ports detected
2026-05-30T16:17:16.915999-03:00 debian kernel: [    3.084764] PM: Image not found (code -22)
2026-05-30T16:17:16.915999-03:00 debian kernel: [    3.301915] usb 1-1: new full-speed USB device number 2 using ohci-pci
2026-05-30T16:17:16.916016-03:00 debian kernel: [    3.335398] EXT4-fs (sda1): mounted filesystem with ordered data mode. Quota mode: none.
2026-05-30T16:17:16.916017-03:00 debian kernel: [    3.388128] Not activating Mandatory Access Control as /sbin/tomoyo-init does not exist.
2026-05-30T16:17:16.916018-03:00 debian kernel: [    3.615061] usb 1-1: New USB device found, idVendor=80ee, idProduct=0021, bcdDevice= 1.00
2026-05-30T16:17:16.916018-03:00 debian kernel: [    3.615065] usb 1-1: New USB device strings: Mfr=1, Product=3, SerialNumber=0
2026-05-30T16:17:16.916018-03:00 debian kernel: [    3.615066] usb 1-1: Product: USB Tablet
2026-05-30T16:17:16.916019-03:00 debian kernel: [    3.615067] usb 1-1: Manufacturer: VirtualBox
2026-05-30T16:17:16.916072-03:00 debian kernel: [    4.012015] device-mapper: core: CONFIG_IMA_DISABLE_HTABLE is disabled. Duplicate IMA measurements will not be recorded in the IMA log.
2026-05-30T16:17:16.916074-03:00 debian kernel: [    4.012039] device-mapper: uevent: version 1.0.3
2026-05-30T16:17:16.916074-03:00 debian kernel: [    4.021746] device-mapper: ioctl: 4.47.0-ioctl (2022-07-28) initialised: dm-devel@redhat.com
2026-05-30T16:17:16.916075-03:00 debian kernel: [    4.023574] loop: module loaded
2026-05-30T16:17:16.916075-03:00 debian kernel: [    4.048619] EXT4-fs (sda1): re-mounted. Quota mode: none.
2026-05-30T16:17:16.916076-03:00 debian kernel: [    4.073564] fuse: init (API version 7.38)
2026-05-30T16:17:16.916092-03:00 debian kernel: [    4.104368] ACPI: bus type drm_connector registered
2026-05-30T16:17:16.916094-03:00 debian kernel: [    4.406029] sd 1:0:0:0: Attached scsi generic sg0 type 0
2026-05-30T16:17:16.916094-03:00 debian kernel: [    4.406399] sd 3:0:0:0: Attached scsi generic sg1 type 0
2026-05-30T16:17:16.916095-03:00 debian kernel: [    4.406636] sd 4:0:0:0: Attached scsi generic sg2 type 0
2026-05-30T16:17:16.916095-03:00 debian kernel: [    4.407032] sr 5:0:0:0: Attached scsi generic sg3 type 5
2026-05-30T16:17:16.916095-03:00 debian kernel: [    4.424091] ACPI: AC: AC Adapter [AC] (on-line)
2026-05-30T16:17:16.916096-03:00 debian kernel: [    4.430797] input: Power Button as /devices/LNXSYSTM:00/LNXPWRBN:00/input/input4
2026-05-30T16:17:16.916112-03:00 debian kernel: [    4.446977] ACPI: button: Power Button [PWRF]
2026-05-30T16:17:16.916113-03:00 debian kernel: [    4.447201] input: Sleep Button as /devices/LNXSYSTM:00/LNXSLPBN:00/input/input5
2026-05-30T16:17:16.916114-03:00 debian kernel: [    4.447244] ACPI: button: Sleep Button [SLPF]
2026-05-30T16:17:16.916114-03:00 debian kernel: [    4.487957] input: PC Speaker as /devices/platform/pcspkr/input/input6
2026-05-30T16:17:16.916115-03:00 debian kernel: [    4.570327] vboxguest: host-version: 7.2.6r172322 0x8000000f
2026-05-30T16:17:16.916115-03:00 debian kernel: [    4.572636] vbg_heartbeat_init: Setting up heartbeat to trigger every 2000 milliseconds
2026-05-30T16:17:16.916131-03:00 debian kernel: [    4.573046] input: VirtualBox mouse integration as /devices/pci0000:00/0000:00:04.0/input/input7
2026-05-30T16:17:16.916133-03:00 debian kernel: [    4.634586] hid: raw HID events driver (C) Jiri Kosina
2026-05-30T16:17:16.916133-03:00 debian kernel: [    4.678297] RAPL PMU: API unit is 2^-32 Joules, 0 fixed counters, 10737418240 ms ovfl timer
2026-05-30T16:17:16.916134-03:00 debian kernel: [    4.694863] cryptd: max_cpu_qlen set to 1000
2026-05-30T16:17:16.916134-03:00 debian kernel: [    4.708567] usbcore: registered new interface driver usbhid
2026-05-30T16:17:16.916134-03:00 debian kernel: [    4.708571] usbhid: USB HID core driver
2026-05-30T16:17:16.916151-03:00 debian kernel: [    4.732438] input: VirtualBox USB Tablet as /devices/pci0000:00/0000:00:06.0/usb1/1-1/1-1:1.0/0003:80EE:0021.0001/input/input8
2026-05-30T16:17:16.916169-03:00 debian kernel: [    4.740488] hid-generic 0003:80EE:0021.0001: input,hidraw0: USB HID v1.10 Mouse [VirtualBox USB Tablet] on usb-0000:00:06.0-1/input0
2026-05-30T16:17:16.916169-03:00 debian kernel: [    4.760213] AVX2 version of gcm_enc/dec engaged.
2026-05-30T16:17:16.916170-03:00 debian kernel: [    4.761456] AES CTR mode by8 optimization enabled
2026-05-30T16:17:16.916170-03:00 debian kernel: [    4.813150] Adding 2095100k swap on /dev/sda5.  Priority:-2 extents:1 across:2095100k FS
2026-05-30T16:17:16.916171-03:00 debian kernel: [    4.846227] vmwgfx 0000:00:02.0: vgaarb: deactivate vga console
2026-05-30T16:17:16.916187-03:00 debian kernel: [    4.848839] Console: switching to colour dummy device 80x25
2026-05-30T16:17:16.916188-03:00 debian kernel: [    4.853327] vmwgfx 0000:00:02.0: [drm] FIFO at 0x00000000f0000000 size is 2048 kiB
2026-05-30T16:17:16.916189-03:00 debian kernel: [    4.853666] vmwgfx 0000:00:02.0: [drm] VRAM at 0x00000000e0000000 size is 16384 kiB
2026-05-30T16:17:16.916189-03:00 debian kernel: [    4.853757] vmwgfx 0000:00:02.0: [drm] Running on SVGA version 2.
2026-05-30T16:17:16.916190-03:00 debian kernel: [    4.854012] vmwgfx 0000:00:02.0: [drm] Capabilities: rect copy, cursor, cursor bypass, cursor bypass 2, alpha cursor, extended fifo, pitchlock, irq mask, gmr, traces, gmr2, screen object 2, command buffers, command buffers 2, gbobject, 
2026-05-30T16:17:16.916190-03:00 debian kernel: [    4.854015] vmwgfx 0000:00:02.0: [drm] DMA map mode: Caching DMA mappings.
2026-05-30T16:17:16.916210-03:00 debian kernel: [    4.854999] vmwgfx 0000:00:02.0: [drm] Legacy memory limits: VRAM = 16384 kB, FIFO = 2048 kB, surface = 507904 kB
2026-05-30T16:17:16.916212-03:00 debian kernel: [    4.855004] vmwgfx 0000:00:02.0: [drm] MOB limits: max mob size = 131072 kB, max mob pages = 4096
2026-05-30T16:17:16.916212-03:00 debian kernel: [    4.855006] vmwgfx 0000:00:02.0: [drm] Max GMR ids is 8192
2026-05-30T16:17:16.916213-03:00 debian kernel: [    4.855008] vmwgfx 0000:00:02.0: [drm] Max number of GMR pages is 1048576
2026-05-30T16:17:16.916213-03:00 debian kernel: [    4.855009] vmwgfx 0000:00:02.0: [drm] Maximum display memory size is 16384 kiB
2026-05-30T16:17:16.916213-03:00 debian kernel: [    4.879612] vmwgfx 0000:00:02.0: [drm] Screen Target display unit initialized
2026-05-30T16:17:16.916214-03:00 debian kernel: [    4.880077] vmwgfx 0000:00:02.0: [drm] Fifo max 0x00200000 min 0x00001000 cap 0x00000355
2026-05-30T16:17:16.916231-03:00 debian kernel: [    4.881091] vmwgfx 0000:00:02.0: [drm] Using command buffers with DMA pool.
2026-05-30T16:17:16.916232-03:00 debian kernel: [    4.881099] vmwgfx 0000:00:02.0: [drm] Available shader model: Legacy.
2026-05-30T16:17:16.916233-03:00 debian kernel: [    4.881127] [drm:vmw_host_printf [vmwgfx]] *ERROR* Failed to send host log message.
2026-05-30T16:17:16.916233-03:00 debian kernel: [    4.881710] [drm] Initialized vmwgfx 2.20.0 20211206 for 0000:00:02.0 on minor 0
2026-05-30T16:17:16.916234-03:00 debian kernel: [    4.883336] fbcon: vmwgfxdrmfb (fb0) is primary device
2026-05-30T16:17:16.916234-03:00 debian kernel: [    4.883938] Console: switching to colour frame buffer device 160x50
2026-05-30T16:17:16.916251-03:00 debian kernel: [    4.890787] vmwgfx 0000:00:02.0: [drm] fb0: vmwgfxdrmfb frame buffer device
2026-05-30T16:17:16.916252-03:00 debian kernel: [    5.026853] intel_rapl_msr: PL4 support detected.
2026-05-30T16:17:16.916253-03:00 debian kernel: [    5.032799] EXT4-fs (sdc2): mounted filesystem with ordered data mode. Quota mode: none.
2026-05-30T16:17:16.916253-03:00 debian kernel: [    5.034574] EXT4-fs (sdc1): mounted filesystem with ordered data mode. Quota mode: none.
2026-05-30T16:17:16.916253-03:00 debian kernel: [    5.039584] EXT4-fs (sdb1): mounted filesystem with ordered data mode. Quota mode: none.
2026-05-30T16:17:16.916253-03:00 debian kernel: [    5.122620] snd_intel8x0 0000:00:05.0: allow list rate for 1028:0177 is 48000
2026-05-30T16:17:16.916270-03:00 debian kernel: [    5.151524] audit: type=1400 audit(1780168636.775:2): apparmor="STATUS" operation="profile_load" profile="unconfined" name="lsb_release" pid=462 comm="apparmor_parser"
2026-05-30T16:17:16.916271-03:00 debian kernel: [    5.153733] audit: type=1400 audit(1780168636.775:3): apparmor="STATUS" operation="profile_load" profile="unconfined" name="nvidia_modprobe" pid=463 comm="apparmor_parser"
2026-05-30T16:17:16.916272-03:00 debian kernel: [    5.153737] audit: type=1400 audit(1780168636.775:4): apparmor="STATUS" operation="profile_load" profile="unconfined" name="nvidia_modprobe//kmod" pid=463 comm="apparmor_parser"
2026-05-30T16:17:16.916272-03:00 debian kernel: [    5.168511] audit: type=1400 audit(1780168636.791:5): apparmor="STATUS" operation="profile_load" profile="unconfined" name="/usr/bin/man" pid=467 comm="apparmor_parser"
2026-05-30T16:17:16.916272-03:00 debian kernel: [    5.168517] audit: type=1400 audit(1780168636.791:6): apparmor="STATUS" operation="profile_load" profile="unconfined" name="man_filter" pid=467 comm="apparmor_parser"
2026-05-30T16:17:16.916289-03:00 debian kernel: [    5.168519] audit: type=1400 audit(1780168636.791:7): apparmor="STATUS" operation="profile_load" profile="unconfined" name="man_groff" pid=467 comm="apparmor_parser"
2026-05-30T16:17:16.916290-03:00 debian kernel: [    5.180422] audit: type=1400 audit(1780168636.799:8): apparmor="STATUS" operation="profile_load" profile="unconfined" name="/usr/lib/NetworkManager/nm-dhcp-client.action" pid=466 comm="apparmor_parser"
2026-05-30T16:17:16.916291-03:00 debian kernel: [    5.180427] audit: type=1400 audit(1780168636.799:9): apparmor="STATUS" operation="profile_load" profile="unconfined" name="/usr/lib/NetworkManager/nm-dhcp-helper" pid=466 comm="apparmor_parser"
2026-05-30T16:17:16.916291-03:00 debian kernel: [    5.180429] audit: type=1400 audit(1780168636.799:10): apparmor="STATUS" operation="profile_load" profile="unconfined" name="/usr/lib/connman/scripts/dhclient-script" pid=466 comm="apparmor_parser"
2026-05-30T16:17:16.924203-03:00 debian systemd[1]: Starting wpa_supplicant.service - WPA supplicant...
2026-05-30T16:17:16.949189-03:00 debian CRON[483]: (CRON) info (No MTA installed, discarding output)
2026-05-30T16:17:16.968003-03:00 debian systemd[1]: Started systemd-logind.service - User Login Management.
2026-05-30T16:17:16.972101-03:00 debian systemd[1]: Started wpa_supplicant.service - WPA supplicant.
2026-05-30T16:17:16.972464-03:00 debian wpa_supplicant[494]: Successfully initialized wpa_supplicant
2026-05-30T16:17:17.019219-03:00 debian kernel: [    5.382869] e1000: enp0s3 NIC Link is Up 1000 Mbps Full Duplex, Flow Control: RX
2026-05-30T16:17:17.019686-03:00 debian kernel: [    5.385283] IPv6: ADDRCONF(NETDEV_CHANGE): enp0s3: link becomes ready
2026-05-30T16:17:17.057359-03:00 debian systemd[1]: e2scrub_reap.service: Deactivated successfully.
2026-05-30T16:17:17.057426-03:00 debian systemd[1]: Finished e2scrub_reap.service - Remove Stale Online ext4 Metadata Check Snapshots.
2026-05-30T16:17:17.060652-03:00 debian systemd[1]: Finished networking.service - Raise network interfaces.
2026-05-30T16:17:17.061530-03:00 debian systemd[1]: Reached target network.target - Network.
2026-05-30T16:17:17.064768-03:00 debian systemd[1]: Starting apache2.service - The Apache HTTP Server...
2026-05-30T16:17:17.065520-03:00 debian systemd[1]: Starting mariadb.service - MariaDB 10.11.14 database server...
2026-05-30T16:17:17.070659-03:00 debian systemd[1]: Starting ssh.service - OpenBSD Secure Shell server...
2026-05-30T16:17:17.072700-03:00 debian systemd[1]: Starting systemd-user-sessions.service - Permit User Sessions...
2026-05-30T16:17:17.075391-03:00 debian sh[552]: enp0s3=enp0s3
2026-05-30T16:17:17.095911-03:00 debian systemd[1]: Finished systemd-user-sessions.service - Permit User Sessions.
2026-05-30T16:17:17.097988-03:00 debian systemd[1]: Started getty@tty1.service - Getty on tty1.
2026-05-30T16:17:17.098040-03:00 debian systemd[1]: Reached target getty.target - Login Prompts.
2026-05-30T16:17:17.222676-03:00 debian systemd[1]: Started ssh.service - OpenBSD Secure Shell server.
2026-05-30T16:17:17.380908-03:00 debian systemd[1]: Started apache2.service - The Apache HTTP Server.
2026-05-30T16:17:17.568021-03:00 debian mariadbd[632]: 2026-05-30 16:17:17 0 [Note] Starting MariaDB 10.11.14-MariaDB-0+deb12u2 source revision 053f9bcb5b147bf00edb99e1310bae9125b7f125 server_uid s1rvKymtERHJbARAXWywEh316C8= as process 632
2026-05-30T16:17:17.784055-03:00 debian mariadbd[632]: 2026-05-30 16:17:17 0 [Note] InnoDB: Compressed tables use zlib 1.2.13
2026-05-30T16:17:17.795317-03:00 debian mariadbd[632]: 2026-05-30 16:17:17 0 [Note] InnoDB: Number of transaction pools: 1
2026-05-30T16:17:17.795650-03:00 debian mariadbd[632]: 2026-05-30 16:17:17 0 [Note] InnoDB: Using crc32 + pclmulqdq instructions
2026-05-30T16:17:17.795908-03:00 debian mariadbd[632]: 2026-05-30 16:17:17 0 [Note] InnoDB: Using io_uring
2026-05-30T16:17:17.799331-03:00 debian mariadbd[632]: 2026-05-30 16:17:17 0 [Note] InnoDB: innodb_buffer_pool_size_max=128m, innodb_buffer_pool_size=128m
2026-05-30T16:17:17.925703-03:00 debian mariadbd[632]: 2026-05-30 16:17:17 0 [Note] InnoDB: Completed initialization of buffer pool
2026-05-30T16:17:17.937692-03:00 debian mariadbd[632]: 2026-05-30 16:17:17 0 [Note] InnoDB: File system buffers for log disabled (block size=512 bytes)
2026-05-30T16:17:18.024709-03:00 debian mariadbd[632]: 2026-05-30 16:17:18 0 [Note] InnoDB: End of log at LSN=50992
2026-05-30T16:17:18.114560-03:00 debian mariadbd[632]: 2026-05-30 16:17:18 0 [Note] InnoDB: 128 rollback segments are active.
2026-05-30T16:17:18.119465-03:00 debian mariadbd[632]: 2026-05-30 16:17:18 0 [Note] InnoDB: Setting file './ibtmp1' size to 12.000MiB. Physically writing the file full; Please wait ...
2026-05-30T16:17:18.119526-03:00 debian mariadbd[632]: 2026-05-30 16:17:18 0 [Note] InnoDB: File './ibtmp1' size is now 12.000MiB.
2026-05-30T16:17:18.127389-03:00 debian mariadbd[632]: 2026-05-30 16:17:18 0 [Note] InnoDB: log sequence number 50992; transaction id 24
2026-05-30T16:17:18.127549-03:00 debian mariadbd[632]: 2026-05-30 16:17:18 0 [Note] Plugin 'FEEDBACK' is disabled.
2026-05-30T16:17:18.128908-03:00 debian mariadbd[632]: 2026-05-30 16:17:18 0 [Note] InnoDB: Loading buffer pool(s) from /var/lib/mysql/ib_buffer_pool
2026-05-30T16:17:18.158054-03:00 debian mariadbd[632]: 2026-05-30 16:17:18 0 [Warning] You need to use --log-bin to make --expire-logs-days or --binlog-expire-logs-seconds work.
2026-05-30T16:17:18.168653-03:00 debian mariadbd[632]: 2026-05-30 16:17:18 0 [Note] Server socket created on IP: '127.0.0.1', port: '3306'.
2026-05-30T16:17:18.170981-03:00 debian mariadbd[632]: 2026-05-30 16:17:18 0 [Note] InnoDB: Buffer pool(s) load completed at 260530 16:17:18
2026-05-30T16:17:18.234716-03:00 debian mariadbd[632]: 2026-05-30 16:17:18 0 [Note] /usr/sbin/mariadbd: ready for connections.
2026-05-30T16:17:18.234771-03:00 debian mariadbd[632]: Version: '10.11.14-MariaDB-0+deb12u2'  socket: '/run/mysqld/mysqld.sock'  port: 3306  Debian 12
2026-05-30T16:17:18.279066-03:00 debian systemd[1]: Started mariadb.service - MariaDB 10.11.14 database server.
2026-05-30T16:17:18.279146-03:00 debian systemd[1]: Reached target multi-user.target - Multi-User System.
2026-05-30T16:17:18.279210-03:00 debian systemd[1]: Reached target graphical.target - Graphical Interface.
2026-05-30T16:17:18.279234-03:00 debian systemd[1]: Starting systemd-update-utmp-runlevel.service - Record Runlevel Change in UTMP...
2026-05-30T16:17:18.288083-03:00 debian systemd[1]: systemd-update-utmp-runlevel.service: Deactivated successfully.
2026-05-30T16:17:18.288245-03:00 debian /etc/mysql/debian-start[655]: Upgrading MySQL tables if necessary.
2026-05-30T16:17:18.288274-03:00 debian systemd[1]: Finished systemd-update-utmp-runlevel.service - Record Runlevel Change in UTMP.
2026-05-30T16:17:18.288309-03:00 debian systemd[1]: Startup finished in 3.445s (kernel) + 3.159s (userspace) = 6.604s.
2026-05-30T16:17:18.423654-03:00 debian /etc/mysql/debian-start[666]: Checking for insecure root accounts.
2026-05-30T16:17:18.446959-03:00 debian /etc/mysql/debian-start[670]: Triggering myisam-recover for all MyISAM tables and aria-recover for all Aria tables
2026-05-30T16:17:46.570980-03:00 debian systemd[1]: systemd-fsckd.service: Deactivated successfully.
2026-05-30T16:17:57.269966-03:00 debian systemd-timesyncd[461]: Timed out waiting for reply from [2801:0:140:1::a1]:123 (2.debian.pool.ntp.org).
2026-05-30T16:18:07.520940-03:00 debian systemd-timesyncd[461]: Timed out waiting for reply from [2606:4700:f1::123]:123 (2.debian.pool.ntp.org).
2026-05-30T16:18:14.975348-03:00 debian systemd[1]: Created slice user-0.slice - User Slice of UID 0.
2026-05-30T16:18:14.975568-03:00 debian systemd[1]: Starting user-runtime-dir@0.service - User Runtime Directory /run/user/0...
2026-05-30T16:18:15.000921-03:00 debian systemd[1]: Finished user-runtime-dir@0.service - User Runtime Directory /run/user/0.
2026-05-30T16:18:15.016327-03:00 debian systemd[1]: Starting user@0.service - User Manager for UID 0...
2026-05-30T16:18:15.098750-03:00 debian systemd[705]: Queued start job for default target default.target.
2026-05-30T16:18:15.112767-03:00 debian systemd[705]: Created slice app.slice - User Application Slice.
2026-05-30T16:18:15.113167-03:00 debian systemd[705]: Reached target paths.target - Paths.
2026-05-30T16:18:15.113476-03:00 debian systemd[705]: Reached target timers.target - Timers.
2026-05-30T16:18:15.114811-03:00 debian systemd[705]: Starting dbus.socket - D-Bus User Message Bus Socket...
2026-05-30T16:18:15.122741-03:00 debian systemd[705]: Listening on dbus.socket - D-Bus User Message Bus Socket.
2026-05-30T16:18:15.123662-03:00 debian systemd[705]: Reached target sockets.target - Sockets.
2026-05-30T16:18:15.123798-03:00 debian systemd[705]: Reached target basic.target - Basic System.
2026-05-30T16:18:15.124756-03:00 debian systemd[1]: Started user@0.service - User Manager for UID 0.
2026-05-30T16:18:15.124848-03:00 debian systemd[1]: Started session-2.scope - Session 2 of User root.
2026-05-30T16:18:15.125248-03:00 debian systemd[705]: Reached target default.target - Main User Target.
2026-05-30T16:18:15.125697-03:00 debian systemd[705]: Startup finished in 99ms.
2026-05-30T16:18:17.769667-03:00 debian systemd-timesyncd[461]: Timed out waiting for reply from [2606:4700:f1::1]:123 (2.debian.pool.ntp.org).
2026-05-30T16:18:20.812273-03:00 debian systemd-timesyncd[461]: Contacted time server 162.159.200.123:123 (2.debian.pool.ntp.org).
2026-05-30T16:18:20.812348-03:00 debian systemd-timesyncd[461]: Initial clock synchronization to Sat 2026-05-30 16:18:20.811793 -03.
2026-05-30T16:23:51.266939-03:00 debian kernel: [  396.596883] ISO 9660 Extensions: Microsoft Joliet Level 3
2026-05-30T16:23:51.271503-03:00 debian kernel: [  396.598410] ISO 9660 Extensions: RRIP_1991A
2026-05-30T16:26:43.200324-03:00 debian systemd[1]: Reloading.
2026-05-30T16:26:43.367231-03:00 debian systemd[1]: Reloading.
2026-05-30T16:26:43.537071-03:00 debian systemd[1]: Reloading.
2026-05-30T16:26:53.831292-03:00 debian kernel: [  579.156676] vboxguest: host-version: 7.2.6r172322 0x8000000f
2026-05-30T16:26:53.831324-03:00 debian kernel: [  579.158067] vbg_heartbeat_init: Setting up heartbeat to trigger every 2000 milliseconds
2026-05-30T16:26:53.831326-03:00 debian kernel: [  579.158240] input: VirtualBox mouse integration as /devices/pci0000:00/0000:00:04.0/input/input9
2026-05-30T16:26:53.851741-03:00 debian vboxadd-service.sh: Starting VirtualBox Guest Addition service.
2026-05-30T16:26:53.867039-03:00 debian kernel: [  579.194559] 19:26:53.864432 main     VBoxService 7.2.6 r172322 (verbosity: 0) linux.amd64 (Jan 15 2026 17:07:07) release log
2026-05-30T16:26:53.867089-03:00 debian kernel: [  579.194559] 19:26:53.86443
2026-05-30T16:26:53.867090-03:00 debian kernel: [  579.194717] 19:26:53.866157 main     OS Product: Linux
2026-05-30T16:26:53.867091-03:00 debian kernel: [  579.194798] 19:26:53.866302 main     OS Release: 6.1.0-48-amd64
2026-05-30T16:26:53.867091-03:00 debian kernel: [  579.194900] 19:26:53.866382 main     OS Version: #1 SMP PREEMPT_DYNAMIC Debian 6.1.172-1 (2026-05-15)
2026-05-30T16:26:53.870973-03:00 debian kernel: [  579.195031] 19:26:53.866484 main     Executable: /opt/VBoxGuestAdditions-7.2.6/sbin/VBoxService
2026-05-30T16:26:53.871030-03:00 debian kernel: [  579.195031] 19:26:53.866485 main     Process ID: 1395
2026-05-30T16:26:53.871032-03:00 debian kernel: [  579.195031] 1
2026-05-30T16:26:53.871032-03:00 debian kernel: [  579.196335] 19:26:53.867805 main     7.2.6 r172322 started. Verbose level = 0
2026-05-30T16:26:53.872216-03:00 debian vboxadd-service.sh: VirtualBox Guest Addition service started.
2026-05-30T16:26:53.874998-03:00 debian kernel: [  579.201033] 19:26:53.871397 main     vbglR3GuestCtrlDetectPeekGetCancelSupport: Supported (#1)
2026-05-30T16:26:53.879386-03:00 debian kernel: [  579.203237] 19:26:53.872976 main     VBoxClient 7.2.6 r172322 (verbosity: 0) linux.amd64 (Jan 15 2026 17:07:10) release log
2026-05-30T16:26:53.879401-03:00 debian kernel: [  579.203237] 19:26:53.872978
2026-05-30T16:26:53.879402-03:00 debian kernel: [  579.204124] 19:26:53.875083 main     OS Product: Linux
2026-05-30T16:26:53.879402-03:00 debian kernel: [  579.204261] 19:26:53.875709 main     OS Release: 6.1.0-48-amd64
2026-05-30T16:26:53.879403-03:00 debian kernel: [  579.204376] 19:26:53.875846 main     OS Version: #1 SMP PREEMPT_DYNAMIC Debian 6.1.172-1 (2026-05-15)
2026-05-30T16:26:53.879404-03:00 debian kernel: [  579.204520] 19:26:53.875960 main     Executable: /opt/VBoxGuestAdditions-7.2.6/bin/VBoxDRMClient
2026-05-30T16:26:53.879404-03:00 debian kernel: [  579.204520] 19:26:53.875961 main     Process ID: 1399
2026-05-30T16:26:53.879406-03:00 debian kernel: [  579.204784] 19:26:53.876255 main     VBoxDRMClient: found compatible device: /dev/dri/renderD128
2026-05-30T16:26:53.879406-03:00 debian kernel: [  579.205799] 19:26:53.877175 main     VBoxDRMClient: starting deferred resize events delivery
2026-05-30T16:26:53.879407-03:00 debian kernel: [  579.207340] 19:26:53.878641 main     VBoxDRMClient: IPC server socket access granted to all users
2026-05-30T16:26:54.100436-03:00 debian systemd[1]: Starting vboxadd.service...
2026-05-30T16:26:54.131012-03:00 debian kernel: [  579.457665] 19:26:54.127450 Timer    VBoxDRMClient: Error: unable to validate screen layout: first monitor is not allowed to be disabled
2026-05-30T16:26:54.135008-03:00 debian kernel: [  579.459336] 19:26:54.129193 Timer    VBoxDRMClient: Error: displays layout is invalid, will not notify guest driver, rc=VERR_INVALID_PARAME
2026-05-30T16:26:54.135055-03:00 debian kernel: [  579.459829] 19:26:54.131137 Timer    VBoxDRMClient: Error: Failed to push display change as requested by host, rc=VERR_INVALID_PARAMETER
2026-05-30T16:26:54.181311-03:00 debian vboxadd[1627]: VirtualBox Guest Additions: Starting.
2026-05-30T16:26:54.189672-03:00 debian vboxadd[1653]: VirtualBox Guest Additions: Setting up modules
2026-05-30T16:26:54.199571-03:00 debian vboxadd[1662]: VirtualBox Guest Additions: Building the VirtualBox Guest Additions kernel
2026-05-30T16:26:54.199639-03:00 debian vboxadd[1662]: modules.  This may take a while.
2026-05-30T16:26:54.201899-03:00 debian vboxadd[1664]: VirtualBox Guest Additions: To build modules for other installed kernels, run
2026-05-30T16:26:54.204436-03:00 debian vboxadd[1666]: VirtualBox Guest Additions:   /sbin/rcvboxadd quicksetup <version>
2026-05-30T16:26:54.206456-03:00 debian vboxadd[1668]: VirtualBox Guest Additions: or
2026-05-30T16:26:54.208613-03:00 debian vboxadd[1670]: VirtualBox Guest Additions:   /sbin/rcvboxadd quicksetup all
2026-05-30T16:26:54.210605-03:00 debian vboxadd[1672]: VirtualBox Guest Additions: Kernel headers not found for target kernel
2026-05-30T16:26:54.210638-03:00 debian vboxadd[1672]: 6.1.0-48-amd64. Please install them and execute
2026-05-30T16:26:54.210650-03:00 debian vboxadd[1672]:   /sbin/rcvboxadd setup
2026-05-30T16:26:54.255109-03:00 debian vboxadd[1688]: VirtualBox Guest Additions: Running kernel modules will not be replaced until
2026-05-30T16:26:54.255478-03:00 debian vboxadd[1688]: the system is restarted or 'rcvboxadd reload' triggered
2026-05-30T16:26:54.395948-03:00 debian vboxadd[1627]: VirtualBox Guest Additions: reloading kernel modules and services
